12-04 16:32:37.185  2248  2532 D MobileStatusTracker(4): onSignalStrengthsChanged signalStrength=SignalStrength:{mCdma=CellSignalStrengthCdma: cdmaDbm=2147483647 cdmaEcio=2147483647 evdoDbm=2147483647 evdoEcio=2147483647 evdoSnr=2147483647 miuiLevel=0 mOptimizedLevel=0 level=0,mGsm=CellSignalStrengthGsm: rssi=2147483647 ber=2147483647 mTa=2147483647 miuiLevel=0 mOptimizedLevel=0 mLevel=0,mWcdma=CellSignalStrengthWcdma: ss=2147483647 ber=2147483647 rscp=2147483647 ecno=2147483647 miuiLevel=0 mOptimizedLevel=0 level=0,mTdscdma=CellSignalStrengthTdscdma: rssi=2147483647 ber=2147483647 rscp=2147483647 miuiLevel=0 mOptimizedLevel=0 level=0,mLte=CellSignalStrengthLte: rssi=2147483647 rsrp=-81 rsrq=-8 rssnr=16 cqiTableIndex=2147483647 cqi=0 ta=0 miuiLevel=5 mOptimizedLevel=0 level=4 parametersUseForLevel=0,mNr=CellSignalStrengthNr:{ csiRsrp = 2147483647 csiRsrq = 2147483647 csiCqiTableIndex = 2147483647 csiCqiReport = [] ssRsrp = 2147483647 ssRsrq = 2147483647 ssSinr = 2147483647 miuiLevel = 0 mOptimizedLevel = 0 level = 0 parametersUseForLevel = 0 },primary=CellSignalStrengthLte}, phoneId=0, mMtkLevel=0, mMtkRsrpOnly=false, mMtkLteRsrpThreshold=null, mMtkLteRssnrThreshold=null
12-04 16:32:37.923   876   937 I libPerfCtl: xgfGetFPS pid:2248 fps:-1
12-04 16:32:37.924   876   937 I libPerfCtl: xgfGetFPS pid:2262 fps:-1
12-04 16:32:38.152  3597  7120 E SLM-SRV-SLAService: readLine:
12-04 16:32:38.152  3597  7120 E SLM-SRV-SLAService: java.io.FileNotFoundException: /sys/class/thermal/thermal_message/balance_mode: open failed: ENOENT (No such file or directory)
12-04 16:32:38.152  3597  7120 E SLM-SRV-SLAService: 	at libcore.io.IoBridge.open(IoBridge.java:574)
12-04 16:32:38.152  3597  7120 E SLM-SRV-SLAService: 	at java.io.FileInputStream.<init>(FileInputStream.java:179)
12-04 16:32:38.152  3597  7120 E SLM-SRV-SLAService: 	at java.io.FileInputStream.<init>(FileInputStream.java:133)
12-04 16:32:38.152  3597  7120 E SLM-SRV-SLAService: 	at java.io.FileReader.<init>(FileReader.java:60)
12-04 16:32:38.152  3597  7120 E SLM-SRV-SLAService: 	at com.xiaomi.NetworkBoost.slaservice.SLAService.readLine(SLAService.java:1237)
12-04 16:32:38.152  3597  7120 E SLM-SRV-SLAService: 	at com.xiaomi.NetworkBoost.slaservice.SLAService.isPerformanceMode(SLAService.java:1262)
12-04 16:32:38.152  3597  7120 E SLM-SRV-SLAService: 	at com.xiaomi.NetworkBoost.slaservice.SLAService.checktemp(SLAService.java:1293)
12-04 16:32:38.152  3597  7120 E SLM-SRV-SLAService: 	at com.xiaomi.NetworkBoost.slaservice.SLAService.access$2500(SLAService.java:125)
12-04 16:32:38.152  3597  7120 E SLM-SRV-SLAService: 	at com.xiaomi.NetworkBoost.slaservice.SLAService$ThermalStateListener.onEvent(SLAService.java:1226)
12-04 16:32:38.152  3597  7120 E SLM-SRV-SLAService: 	at android.os.FileObserver$ObserverThread.onEvent(FileObserver.java:166)
12-04 16:32:38.152  3597  7120 E SLM-SRV-SLAService: 	at android.os.FileObserver$ObserverThread.observe(Native Method)
12-04 16:32:38.152  3597  7120 E SLM-SRV-SLAService: 	at android.os.FileObserver$ObserverThread.run(FileObserver.java:116)
12-04 16:32:38.152  3597  7120 E SLM-SRV-SLAService: Caused by: android.system.ErrnoException: open failed: ENOENT (No such file or directory)
12-04 16:32:38.152  3597  7120 E SLM-SRV-SLAService: 	at libcore.io.Linux.open(Native Method)
12-04 16:32:38.152  3597  7120 E SLM-SRV-SLAService: 	at libcore.io.ForwardingOs.open(ForwardingOs.java:568)
12-04 16:32:38.152  3597  7120 E SLM-SRV-SLAService: 	at libcore.io.BlockGuardOs.open(BlockGuardOs.java:274)
12-04 16:32:38.152  3597  7120 E SLM-SRV-SLAService: 	at libcore.io.ForwardingOs.open(ForwardingOs.java:568)
12-04 16:32:38.152  3597  7120 E SLM-SRV-SLAService: 	at android.app.ActivityThread$AndroidOs.open(ActivityThread.java:8108)
12-04 16:32:38.152  3597  7120 E SLM-SRV-SLAService: 	at libcore.io.IoBridge.open(IoBridge.java:560)
12-04 16:32:38.152  3597  7120 E SLM-SRV-SLAService: 	... 11 more
12-04 16:32:38.153  3597  7120 D SLM-SRV-SLAService: checktemp temperature = 37000 temperature_average = 37000 isPerformanceMode = false thermal_enable_slm = true
12-04 16:32:38.155  3597  7120 E SLM-SRV-SLAService: readLine:
12-04 16:32:38.155  3597  7120 E SLM-SRV-SLAService: java.io.FileNotFoundException: /sys/class/thermal/thermal_message/balance_mode: open failed: ENOENT (No such file or directory)
12-04 16:32:38.155  3597  7120 E SLM-SRV-SLAService: 	at libcore.io.IoBridge.open(IoBridge.java:574)
12-04 16:32:38.155  3597  7120 E SLM-SRV-SLAService: 	at java.io.FileInputStream.<init>(FileInputStream.java:179)
12-04 16:32:38.155  3597  7120 E SLM-SRV-SLAService: 	at java.io.FileInputStream.<init>(FileInputStream.java:133)
12-04 16:32:38.155  3597  7120 E SLM-SRV-SLAService: 	at java.io.FileReader.<init>(FileReader.java:60)
12-04 16:32:38.155  3597  7120 E SLM-SRV-SLAService: 	at com.xiaomi.NetworkBoost.slaservice.SLAService.readLine(SLAService.java:1237)
12-04 16:32:38.155  3597  7120 E SLM-SRV-SLAService: 	at com.xiaomi.NetworkBoost.slaservice.SLAService.isPerformanceMode(SLAService.java:1262)
12-04 16:32:38.155  3597  7120 E SLM-SRV-SLAService: 	at com.xiaomi.NetworkBoost.slaservice.SLAService.checktemp(SLAService.java:1294)
12-04 16:32:38.155  3597  7120 E SLM-SRV-SLAService: 	at com.xiaomi.NetworkBoost.slaservice.SLAService.access$2500(SLAService.java:125)
12-04 16:32:38.155  3597  7120 E SLM-SRV-SLAService: 	at com.xiaomi.NetworkBoost.slaservice.SLAService$ThermalStateListener.onEvent(SLAService.java:1226)
12-04 16:32:38.155  3597  7120 E SLM-SRV-SLAService: 	at android.os.FileObserver$ObserverThread.onEvent(FileObserver.java:166)
12-04 16:32:38.155  3597  7120 E SLM-SRV-SLAService: 	at android.os.FileObserver$ObserverThread.observe(Native Method)
12-04 16:32:38.155  3597  7120 E SLM-SRV-SLAService: 	at android.os.FileObserver$ObserverThread.run(FileObserver.java:116)
12-04 16:32:38.155  3597  7120 E SLM-SRV-SLAService: Caused by: android.system.ErrnoException: open failed: ENOENT (No such file or directory)
12-04 16:32:38.155  3597  7120 E SLM-SRV-SLAService: 	at libcore.io.Linux.open(Native Method)
12-04 16:32:38.155  3597  7120 E SLM-SRV-SLAService: 	at libcore.io.ForwardingOs.open(ForwardingOs.java:568)
12-04 16:32:38.155  3597  7120 E SLM-SRV-SLAService: 	at libcore.io.BlockGuardOs.open(BlockGuardOs.java:274)
12-04 16:32:38.155  3597  7120 E SLM-SRV-SLAService: 	at libcore.io.ForwardingOs.open(ForwardingOs.java:568)
12-04 16:32:38.155  3597  7120 E SLM-SRV-SLAService: 	at android.app.ActivityThread$AndroidOs.open(ActivityThread.java:8108)
12-04 16:32:38.155  3597  7120 E SLM-SRV-SLAService: 	at libcore.io.IoBridge.open(IoBridge.java:560)
12-04 16:32:38.155  3597  7120 E SLM-SRV-SLAService: 	... 11 more
12-04 16:32:38.165  3597  7041 I NetworkSDKService: getQoEByAvailableIfaceName: wlan0
12-04 16:32:38.166  1639  1808 D MiuiWifiService: ending put WifiLinkLayerStats QOE to map
12-04 16:32:38.169  1955  1955 I WifiHAL : Get link layer stats
12-04 16:32:38.169  1955  1955 I WifiHAL : GetLinkStatsCommand::create
12-04 16:32:38.169  1955  1955 D android.hardware.wifi@1.0-service-lazy: WifiRequest::create vendor command to iface 32, vendor_id=0x1a11, subcmd=0x1200, res=0
12-04 16:32:38.170  1955  1955 I android.hardware.wifi@1.0-service-lazy: WifiCommand::requestResponse err=-14
12-04 16:32:38.170  1955  1955 I WifiHAL : wifi_get_link_stats: result=-1
12-04 16:32:38.171  1639  1808 E WifiVendorHal: getWifiLinkLayerStats_1_5_Internal(l.1176) failed {.code = ERROR_UNKNOWN, .description = unknown}
12-04 16:32:38.179   876   903 D power@timer: [mtkPowerTimer] visRead:0
12-04 16:32:38.301  1243  1338 D AALLightSensor: oldLux=210 [SA:210 LA:209] newLux=210 (oriLux: 210)
12-04 16:32:38.562  4542  4542 W ThreadPoolForeg: type=1400 audit(0.0:438683): avc: denied { write } for name="traced_producer" dev="tmpfs" ino=19037 scontext=u:r:gmscore_app:s0:c512,c768 tcontext=u:object_r:traced_producer_socket:s0 tclass=sock_file permissive=0 app=com.google.android.gms
12-04 16:32:38.898  1955  1955 I WifiHAL : Get link layer stats
12-04 16:32:38.898  1955  1955 I WifiHAL : GetLinkStatsCommand::create
12-04 16:32:38.899  1955  1955 D android.hardware.wifi@1.0-service-lazy: WifiRequest::create vendor command to iface 32, vendor_id=0x1a11, subcmd=0x1200, res=0
12-04 16:32:38.899  1955  1955 I android.hardware.wifi@1.0-service-lazy: WifiCommand::requestResponse err=-14
12-04 16:32:38.899  1955  1955 I WifiHAL : wifi_get_link_stats: result=-1
12-04 16:32:38.900  1639  1846 E WifiVendorHal: getWifiLinkLayerStats_1_5_Internal(l.1176) failed {.code = ERROR_UNKNOWN, .description = unknown}
12-04 16:32:38.924   876   937 I libPerfCtl: xgfGetFPS pid:2248 fps:-1
12-04 16:32:38.924   876   937 I libPerfCtl: xgfGetFPS pid:2262 fps:-1
12-04 16:32:38.960  2248  2508 E gralloc4: Empty SMPTE 2094-40 data
12-04 16:32:38.974   952   952 I BufferQueueProducer: [StatusBar#89](this:0xb4000073199a08a8,id:-1,api:0,p:-1,c:952) queueBuffer: fps=0.33 dur=3038.86 max=3038.86 min=3038.86
12-04 16:32:38.978   862   955 I hwcomposer: [HWCDisplay] [Display_0 (type:1)] fps:0.658225,dur:3038.47,max:2916.93,min:121.55  
12-04 16:32:38.980   952   952 I surfaceflinger: surfaceflinger setAffinity mode=0
12-04 16:32:39.079   862  1199 I hwcomposer: [HWC] (0)fire a callback of refresh to SF[4]  
12-04 16:32:39.099   952   952 E gralloc4: Empty SMPTE 2094-40 data
12-04 16:32:39.099   952   952 I BufferQueueProducer: [FramebufferSurface](this:0xb4000073e8dc76e0,id:-1,api:1,p:952,c:952) queueBuffer: fps=0.33 dur=3038.82 max=3038.82 min=3038.82
12-04 16:32:39.102   952   952 I surfaceflinger: surfaceflinger setAffinity mode=1
12-04 16:32:39.102   952   952 I surfaceflinger: surfaceflinger setreAffinity reTid=999
12-04 16:32:39.167  3597  7041 I NetworkSDKService: getQoEByAvailableIfaceName: wlan0
12-04 16:32:39.168  1639  1808 D MiuiWifiService: ending put WifiLinkLayerStats QOE to map
12-04 16:32:39.171  1955  1955 I WifiHAL : Get link layer stats
12-04 16:32:39.171  1955  1955 I WifiHAL : GetLinkStatsCommand::create
12-04 16:32:39.171  1955  1955 D android.hardware.wifi@1.0-service-lazy: WifiRequest::create vendor command to iface 32, vendor_id=0x1a11, subcmd=0x1200, res=0
12-04 16:32:39.171  1955  1955 I android.hardware.wifi@1.0-service-lazy: WifiCommand::requestResponse err=-14
12-04 16:32:39.171  1955  1955 I WifiHAL : wifi_get_link_stats: result=-1
12-04 16:32:39.172  1639  1808 E WifiVendorHal: getWifiLinkLayerStats_1_5_Internal(l.1176) failed {.code = ERROR_UNKNOWN, .description = unknown}
12-04 16:32:39.689  2243  2243 W Settings: Setting airplane_mode_on has moved from android.provider.Settings.System to android.provider.Settings.Global, returning read-only value.
12-04 16:32:39.695  2248  2532 D MobileStatusTracker(5): onSignalStrengthsChanged signalStrength=SignalStrength:{mCdma=CellSignalStrengthCdma: cdmaDbm=2147483647 cdmaEcio=2147483647 evdoDbm=2147483647 evdoEcio=2147483647 evdoSnr=2147483647 miuiLevel=0 mOptimizedLevel=0 level=0,mGsm=CellSignalStrengthGsm: rssi=2147483647 ber=2147483647 mTa=2147483647 miuiLevel=0 mOptimizedLevel=0 mLevel=0,mWcdma=CellSignalStrengthWcdma: ss=2147483647 ber=2147483647 rscp=2147483647 ecno=2147483647 miuiLevel=0 mOptimizedLevel=0 level=0,mTdscdma=CellSignalStrengthTdscdma: rssi=2147483647 ber=2147483647 rscp=2147483647 miuiLevel=0 mOptimizedLevel=0 level=0,mLte=CellSignalStrengthLte: rssi=2147483647 rsrp=-101 rsrq=-12 rssnr=4 cqiTableIndex=2147483647 cqi=0 ta=0 miuiLevel=4 mOptimizedLevel=0 level=3 parametersUseForLevel=0,mNr=CellSignalStrengthNr:{ csiRsrp = 2147483647 csiRsrq = 2147483647 csiCqiTableIndex = 2147483647 csiCqiReport = [] ssRsrp = 2147483647 ssRsrq = 2147483647 ssSinr = 2147483647 miuiLevel = 0 mOptimizedLevel = 0 level = 0 parametersUseForLevel = 0 },primary=CellSignalStrengthLte}, phoneId=1, mMtkLevel=0, mMtkRsrpOnly=false, mMtkLteRsrpThreshold=null, mMtkLteRssnrThreshold=null
12-04 16:32:39.924   876   937 I libPerfCtl: xgfGetFPS pid:2248 fps:-1
12-04 16:32:39.924   876   937 I libPerfCtl: xgfGetFPS pid:2262 fps:-1
12-04 16:32:40.169  3597  7041 I NetworkSDKService: getQoEByAvailableIfaceName: wlan0
12-04 16:32:40.170  1639  1808 D MiuiWifiService: ending put WifiLinkLayerStats QOE to map
12-04 16:32:40.173  1955  1955 I WifiHAL : Get link layer stats
12-04 16:32:40.173  1955  1955 I WifiHAL : GetLinkStatsCommand::create
12-04 16:32:40.173  1955  1955 D android.hardware.wifi@1.0-service-lazy: WifiRequest::create vendor command to iface 32, vendor_id=0x1a11, subcmd=0x1200, res=0
12-04 16:32:40.173  1955  1955 I android.hardware.wifi@1.0-service-lazy: WifiCommand::requestResponse err=-14
12-04 16:32:40.173  1955  1955 I WifiHAL : wifi_get_link_stats: result=-1
12-04 16:32:40.175  1639  1808 E WifiVendorHal: getWifiLinkLayerStats_1_5_Internal(l.1176) failed {.code = ERROR_UNKNOWN, .description = unknown}
12-04 16:32:40.226   867   960 W AString : ctor got NULL, using empty string instead
12-04 16:32:40.226   867   960 I Gyroscope: write temp cali: [-590, -1079, -260, 31699, 59960, 9103]
12-04 16:32:40.227   867   960 W AString : ctor got NULL, using empty string instead
12-04 16:32:40.227   867   960 I Gyroscope: write bias: [0.000894, 0.002037, -0.000077]
12-04 16:32:40.434  2248  2508 E gralloc4: Empty SMPTE 2094-40 data
12-04 16:32:40.437   952   952 I BufferQueueProducer: [StatusBar#89](this:0xb4000073199a08a8,id:-1,api:0,p:-1,c:952) queueBuffer: fps=0.68 dur=1462.95 max=1462.95 min=1462.95
12-04 16:32:40.441   862   955 I hwcomposer: [HWCDisplay] [Display_0 (type:1)] fps:1.367568,dur:1462.45,max:1340.59,min:121.86  
12-04 16:32:40.442   952   952 I surfaceflinger: surfaceflinger setAffinity mode=0
12-04 16:32:40.448  2248  2508 E gralloc4: Empty SMPTE 2094-40 data
12-04 16:32:40.452   952   952 I BufferQueueProducer: [NavigationBar0#85](this:0xb4000073e8e4e8a8,id:-1,api:0,p:-1,c:952) queueBuffer: fps=0.10 dur=9897.16 max=9897.16 min=9897.16
12-04 16:32:40.554  4192  4192 D BoundBrokerSvc: onUnbind: Intent { act=com.google.android.gms.measurement.START pkg=com.google.android.gms }
12-04 16:32:40.555   862  1199 I hwcomposer: [HWC] (0)fire a callback of refresh to SF[4]  
12-04 16:32:40.559  1639  1845 I MiuiNetworkPolicy: updateUidState uid = 99108, uidState = 4
12-04 16:32:40.576   952   952 E gralloc4: Empty SMPTE 2094-40 data
12-04 16:32:40.576   952   952 I BufferQueueProducer: [FramebufferSurface](this:0xb4000073e8dc76e0,id:-1,api:1,p:952,c:952) queueBuffer: fps=0.68 dur=1477.08 max=1477.08 min=1477.08
12-04 16:32:40.579   952   952 I surfaceflinger: surfaceflinger setAffinity mode=1
12-04 16:32:40.579   952   952 I surfaceflinger: surfaceflinger setreAffinity reTid=999
12-04 16:32:40.924   876   937 I libPerfCtl: xgfGetFPS pid:2248 fps:-1
12-04 16:32:41.169  3597  7041 I NetworkSDKService: getQoEByAvailableIfaceName: wlan0
12-04 16:32:41.170  1639  1659 D MiuiWifiService: ending put WifiLinkLayerStats QOE to map
12-04 16:32:41.174  1955  1955 I WifiHAL : Get link layer stats
12-04 16:32:41.174  1955  1955 I WifiHAL : GetLinkStatsCommand::create
12-04 16:32:41.174  1955  1955 D android.hardware.wifi@1.0-service-lazy: WifiRequest::create vendor command to iface 32, vendor_id=0x1a11, subcmd=0x1200, res=0
12-04 16:32:41.174  1955  1955 I android.hardware.wifi@1.0-service-lazy: WifiCommand::requestResponse err=-14
12-04 16:32:41.174  1955  1955 I WifiHAL : wifi_get_link_stats: result=-1
12-04 16:32:41.175  1639  1659 E WifiVendorHal: getWifiLinkLayerStats_1_5_Internal(l.1176) failed {.code = ERROR_UNKNOWN, .description = unknown}
12-04 16:32:41.902  1243  1338 D AAL     : onALIChanged: 210 -> 209
12-04 16:32:41.904  1243  1338 D AALLightSensor: Notify lux = 209
12-04 16:32:41.904  1243  1339 D AALLightSensor: Notify lux = 209
12-04 16:32:41.925   876   937 I libPerfCtl: xgfGetFPS pid:2248 fps:-1
12-04 16:32:41.934  1955  1955 I WifiHAL : Get link layer stats
12-04 16:32:41.934  1955  1955 I WifiHAL : GetLinkStatsCommand::create
12-04 16:32:41.934  1955  1955 D android.hardware.wifi@1.0-service-lazy: WifiRequest::create vendor command to iface 32, vendor_id=0x1a11, subcmd=0x1200, res=0
12-04 16:32:41.935  1955  1955 I android.hardware.wifi@1.0-service-lazy: WifiCommand::requestResponse err=-14
12-04 16:32:41.936  1955  1955 I WifiHAL : wifi_get_link_stats: result=-1
12-04 16:32:41.937  1639  1846 E WifiVendorHal: getWifiLinkLayerStats_1_5_Internal(l.1176) failed {.code = ERROR_UNKNOWN, .description = unknown}
12-04 16:32:41.996  2248  2508 E gralloc4: Empty SMPTE 2094-40 data
12-04 16:32:42.013   952   952 I BufferQueueProducer: [StatusBar#89](this:0xb4000073199a08a8,id:-1,api:0,p:-1,c:952) queueBuffer: fps=0.63 dur=1575.73 max=1575.73 min=1575.73
12-04 16:32:42.017   862   955 I hwcomposer: [HWCDisplay] [Display_0 (type:1)] fps:1.903372,dur:1576.15,max:1439.75,min:13.23  
12-04 16:32:42.019   952   952 I surfaceflinger: surfaceflinger setAffinity mode=0
12-04 16:32:42.119   862  1199 I hwcomposer: [HWC] (0)fire a callback of refresh to SF[4]  
12-04 16:32:42.137   952   952 E gralloc4: Empty SMPTE 2094-40 data
12-04 16:32:42.138   952   952 I BufferQueueProducer: [FramebufferSurface](this:0xb4000073e8dc76e0,id:-1,api:1,p:952,c:952) queueBuffer: fps=0.64 dur=1561.60 max=1561.60 min=1561.60
12-04 16:32:42.141   952   952 I surfaceflinger: surfaceflinger setAffinity mode=1
12-04 16:32:42.141   952   952 I surfaceflinger: surfaceflinger setreAffinity reTid=999
12-04 16:32:42.171  3597  7041 I NetworkSDKService: getQoEByAvailableIfaceName: wlan0
12-04 16:32:42.172  1639  1659 D MiuiWifiService: ending put WifiLinkLayerStats QOE to map
12-04 16:32:42.176  1955  1955 I WifiHAL : Get link layer stats
12-04 16:32:42.176  1955  1955 I WifiHAL : GetLinkStatsCommand::create
12-04 16:32:42.176  1955  1955 D android.hardware.wifi@1.0-service-lazy: WifiRequest::create vendor command to iface 32, vendor_id=0x1a11, subcmd=0x1200, res=0
12-04 16:32:42.176  1955  1955 I android.hardware.wifi@1.0-service-lazy: WifiCommand::requestResponse err=-14
12-04 16:32:42.177  1955  1955 I WifiHAL : wifi_get_link_stats: result=-1
12-04 16:32:42.178  1639  1659 E WifiVendorHal: getWifiLinkLayerStats_1_5_Internal(l.1176) failed {.code = ERROR_UNKNOWN, .description = unknown}
12-04 16:32:42.302  2243  2243 W Settings: Setting airplane_mode_on has moved from android.provider.Settings.System to android.provider.Settings.Global, returning read-only value.
12-04 16:32:42.308  2248  2532 D MobileStatusTracker(4): onSignalStrengthsChanged signalStrength=SignalStrength:{mCdma=CellSignalStrengthCdma: cdmaDbm=2147483647 cdmaEcio=2147483647 evdoDbm=2147483647 evdoEcio=2147483647 evdoSnr=2147483647 miuiLevel=0 mOptimizedLevel=0 level=0,mGsm=CellSignalStrengthGsm: rssi=2147483647 ber=2147483647 mTa=2147483647 miuiLevel=0 mOptimizedLevel=0 mLevel=0,mWcdma=CellSignalStrengthWcdma: ss=2147483647 ber=2147483647 rscp=2147483647 ecno=2147483647 miuiLevel=0 mOptimizedLevel=0 level=0,mTdscdma=CellSignalStrengthTdscdma: rssi=2147483647 ber=2147483647 rscp=2147483647 miuiLevel=0 mOptimizedLevel=0 level=0,mLte=CellSignalStrengthLte: rssi=2147483647 rsrp=-82 rsrq=-9 rssnr=12 cqiTableIndex=2147483647 cqi=0 ta=0 miuiLevel=5 mOptimizedLevel=0 level=4 parametersUseForLevel=0,mNr=CellSignalStrengthNr:{ csiRsrp = 2147483647 csiRsrq = 2147483647 csiCqiTableIndex = 2147483647 csiCqiReport = [] ssRsrp = 2147483647 ssRsrq = 2147483647 ssSinr = 2147483647 miuiLevel = 0 mOptimizedLevel = 0 level = 0 parametersUseForLevel = 0 },primary=CellSignalStrengthLte}, phoneId=0, mMtkLevel=0, mMtkRsrpOnly=false, mMtkLteRsrpThreshold=null, mMtkLteRssnrThreshold=null
12-04 16:32:42.925   876   937 I libPerfCtl: xgfGetFPS pid:2248 fps:-1
12-04 16:32:43.172  3597  7041 I NetworkSDKService: getQoEByAvailableIfaceName: wlan0
12-04 16:32:43.173  1639  1659 D MiuiWifiService: ending put WifiLinkLayerStats QOE to map
12-04 16:32:43.176  1955  1955 I WifiHAL : Get link layer stats
12-04 16:32:43.176  1955  1955 I WifiHAL : GetLinkStatsCommand::create
12-04 16:32:43.177  1955  1955 D android.hardware.wifi@1.0-service-lazy: WifiRequest::create vendor command to iface 32, vendor_id=0x1a11, subcmd=0x1200, res=0
12-04 16:32:43.177  1955  1955 I android.hardware.wifi@1.0-service-lazy: WifiCommand::requestResponse err=-14
12-04 16:32:43.177  1955  1955 I WifiHAL : wifi_get_link_stats: result=-1
12-04 16:32:43.178  1639  1659 E WifiVendorHal: getWifiLinkLayerStats_1_5_Internal(l.1176) failed {.code = ERROR_UNKNOWN, .description = unknown}
12-04 16:32:43.300  1243  1338 D AALLightSensor: oldLux=209 [SA:209 LA:209] newLux=209 (oriLux: 210)
12-04 16:32:43.490 23752 23752 W ThreadPoolForeg: type=1400 audit(0.0:438684): avc: denied { write } for name="traced_producer" dev="tmpfs" ino=19037 scontext=u:r:gmscore_app:s0:c743,c771 tcontext=u:object_r:traced_producer_socket:s0 tclass=sock_file permissive=0
12-04 16:32:43.500  1243  1338 D AAL     : onALIChanged: 209 -> 210
12-04 16:32:43.502  1243  1338 D AALLightSensor: Notify lux = 210
12-04 16:32:43.761 22549 22573 I Finsky  : [1021] Stats for Executor: BlockingExecutor ula@d9ca77b[Running, pool size = 0, active threads = 0, queued tasks = 0, completed tasks = 24]
12-04 16:32:43.761 22549 22573 I Finsky  : [1021] Stats for Executor: LightweightExecutor ula@adcf998[Running, pool size = 4, active threads = 0, queued tasks = 0, completed tasks = 165]
12-04 16:32:43.778 22549 22573 I Finsky  : [1021] Stats for Executor: bgExecutor ula@7b2c5f1[Running, pool size = 4, active threads = 0, queued tasks = 0, completed tasks = 142]
12-04 16:32:43.902 22549 22573 I Finsky  : [1021] Stats for Executor: GrpcBackgroundExecutor ula@8d3e5d6[Running, pool size = 1, active threads = 0, queued tasks = 0, completed tasks = 1]
12-04 16:32:43.925   876   937 I libPerfCtl: xgfGetFPS pid:2248 fps:-1
12-04 16:32:44.173  3597  7041 I NetworkSDKService: getQoEByAvailableIfaceName: wlan0
12-04 16:32:44.174  1639  1659 D MiuiWifiService: ending put WifiLinkLayerStats QOE to map
12-04 16:32:44.177  1955  1955 I WifiHAL : Get link layer stats
12-04 16:32:44.177  1955  1955 I WifiHAL : GetLinkStatsCommand::create
12-04 16:32:44.177  1955  1955 D android.hardware.wifi@1.0-service-lazy: WifiRequest::create vendor command to iface 32, vendor_id=0x1a11, subcmd=0x1200, res=0
12-04 16:32:44.178  1955  1955 I android.hardware.wifi@1.0-service-lazy: WifiCommand::requestResponse err=-14
12-04 16:32:44.178  1955  1955 I WifiHAL : wifi_get_link_stats: result=-1
12-04 16:32:44.179  1639  1659 E WifiVendorHal: getWifiLinkLayerStats_1_5_Internal(l.1176) failed {.code = ERROR_UNKNOWN, .description = unknown}
12-04 16:32:44.300  1243  1338 D AAL     : onALIChanged: 210 -> 209
12-04 16:32:44.302  1243  1338 D AALLightSensor: Notify lux = 209
12-04 16:32:44.811  2243  2243 W Settings: Setting airplane_mode_on has moved from android.provider.Settings.System to android.provider.Settings.Global, returning read-only value.
12-04 16:32:44.816  2248  2532 D MobileStatusTracker(5): onSignalStrengthsChanged signalStrength=SignalStrength:{mCdma=CellSignalStrengthCdma: cdmaDbm=2147483647 cdmaEcio=2147483647 evdoDbm=2147483647 evdoEcio=2147483647 evdoSnr=2147483647 miuiLevel=0 mOptimizedLevel=0 level=0,mGsm=CellSignalStrengthGsm: rssi=2147483647 ber=2147483647 mTa=2147483647 miuiLevel=0 mOptimizedLevel=0 mLevel=0,mWcdma=CellSignalStrengthWcdma: ss=2147483647 ber=2147483647 rscp=2147483647 ecno=2147483647 miuiLevel=0 mOptimizedLevel=0 level=0,mTdscdma=CellSignalStrengthTdscdma: rssi=2147483647 ber=2147483647 rscp=2147483647 miuiLevel=0 mOptimizedLevel=0 level=0,mLte=CellSignalStrengthLte: rssi=2147483647 rsrp=-101 rsrq=-11 rssnr=3 cqiTableIndex=2147483647 cqi=0 ta=0 miuiLevel=4 mOptimizedLevel=0 level=3 parametersUseForLevel=0,mNr=CellSignalStrengthNr:{ csiRsrp = 2147483647 csiRsrq = 2147483647 csiCqiTableIndex = 2147483647 csiCqiReport = [] ssRsrp = 2147483647 ssRsrq = 2147483647 ssSinr = 2147483647 miuiLevel = 0 mOptimizedLevel = 0 level = 0 parametersUseForLevel = 0 },primary=CellSignalStrengthLte}, phoneId=1, mMtkLevel=0, mMtkRsrpOnly=false, mMtkLteRsrpThreshold=null, mMtkLteRssnrThreshold=null
12-04 16:32:44.926   876   937 I libPerfCtl: xgfGetFPS pid:2248 fps:-1
12-04 16:32:44.968  1955  1955 I WifiHAL : Get link layer stats
12-04 16:32:44.969  1955  1955 I WifiHAL : GetLinkStatsCommand::create
12-04 16:32:44.969  1955  1955 D android.hardware.wifi@1.0-service-lazy: WifiRequest::create vendor command to iface 32, vendor_id=0x1a11, subcmd=0x1200, res=0
12-04 16:32:44.969  1955  1955 I android.hardware.wifi@1.0-service-lazy: WifiCommand::requestResponse err=-14
12-04 16:32:44.969  1955  1955 I WifiHAL : wifi_get_link_stats: result=-1
12-04 16:32:44.970  1639  1846 E WifiVendorHal: getWifiLinkLayerStats_1_5_Internal(l.1176) failed {.code = ERROR_UNKNOWN, .description = unknown}
12-04 16:32:45.174  3597  7041 I NetworkSDKService: getQoEByAvailableIfaceName: wlan0
12-04 16:32:45.175  1639  1659 D MiuiWifiService: ending put WifiLinkLayerStats QOE to map
12-04 16:32:45.178  1955  1955 I WifiHAL : Get link layer stats
12-04 16:32:45.178  1955  1955 I WifiHAL : GetLinkStatsCommand::create
12-04 16:32:45.179  1955  1955 D android.hardware.wifi@1.0-service-lazy: WifiRequest::create vendor command to iface 32, vendor_id=0x1a11, subcmd=0x1200, res=0
12-04 16:32:45.179  1955  1955 I android.hardware.wifi@1.0-service-lazy: WifiCommand::requestResponse err=-14
12-04 16:32:45.179  1955  1955 I WifiHAL : wifi_get_link_stats: result=-1
12-04 16:32:45.180  1639  1659 E WifiVendorHal: getWifiLinkLayerStats_1_5_Internal(l.1176) failed {.code = ERROR_UNKNOWN, .description = unknown}
12-04 16:32:45.189  1163  1177 E WifiStandalone: conditional wait timedout
12-04 16:32:45.192  1163  1177 E WifiStandalone: write_to_file write kernel_log error, errno = 9(Bad file descriptor)
12-04 16:32:45.799  1236  1236 I thermal_repeater: [recvMdThermalInfo] ret=26, strLen=127,  3, 34, -50, 197, 32767, 1
12-04 16:32:46.175  3597  7041 I NetworkSDKService: getQoEByAvailableIfaceName: wlan0
12-04 16:32:46.176  1639  1659 D MiuiWifiService: ending put WifiLinkLayerStats QOE to map
12-04 16:32:46.179  1955  1955 I WifiHAL : Get link layer stats
12-04 16:32:46.179  1955  1955 I WifiHAL : GetLinkStatsCommand::create
12-04 16:32:46.179  1955  1955 D android.hardware.wifi@1.0-service-lazy: WifiRequest::create vendor command to iface 32, vendor_id=0x1a11, subcmd=0x1200, res=0
12-04 16:32:46.179  1955  1955 I android.hardware.wifi@1.0-service-lazy: WifiCommand::requestResponse err=-14
12-04 16:32:46.179  1955  1955 I WifiHAL : wifi_get_link_stats: result=-1
12-04 16:32:46.181  1639  1659 E WifiVendorHal: getWifiLinkLayerStats_1_5_Internal(l.1176) failed {.code = ERROR_UNKNOWN, .description = unknown}
12-04 16:32:46.279   867   960 W AString : ctor got NULL, using empty string instead
12-04 16:32:46.280   867   960 I Gyroscope: write temp cali: [-580, -1051, -258, 31125, 58142, 9004]
12-04 16:32:46.281   867   960 W AString : ctor got NULL, using empty string instead
12-04 16:32:46.282   867   960 I Gyroscope: write bias: [0.000851, 0.001876, -0.000084]
12-04 16:32:46.438 28626 28826 I Finsky:background: [1030] Stats for Executor: bgExecutor ula@1627116[Running, pool size = 4, active threads = 0, queued tasks = 0, completed tasks = 76]
12-04 16:32:46.479 28626 28826 I Finsky:background: [1030] Stats for Executor: LightweightExecutor ula@2630a97[Running, pool size = 4, active threads = 0, queued tasks = 0, completed tasks = 42]
12-04 16:32:46.736 28626 28826 I Finsky:background: [1030] Stats for Executor: BlockingExecutor ula@92fb484[Running, pool size = 0, active threads = 0, queued tasks = 0, completed tasks = 66]
12-04 16:32:46.947 16139  8978 E adbd    : error reading output FD 28: Connection reset by peer
12-04 16:32:47.101  1243  1338 D AAL     : onALIChanged: 209 -> 210
12-04 16:32:47.102  1243  1338 D AALLightSensor: Notify lux = 210
12-04 16:32:47.176  3597  7041 I NetworkSDKService: getQoEByAvailableIfaceName: wlan0
12-04 16:32:47.177  1639  1659 D MiuiWifiService: ending put WifiLinkLayerStats QOE to map
12-04 16:32:47.180  1955  1955 I WifiHAL : Get link layer stats
12-04 16:32:47.180  1955  1955 I WifiHAL : GetLinkStatsCommand::create
12-04 16:32:47.181  1955  1955 D android.hardware.wifi@1.0-service-lazy: WifiRequest::create vendor command to iface 32, vendor_id=0x1a11, subcmd=0x1200, res=0
12-04 16:32:47.181  1955  1955 I android.hardware.wifi@1.0-service-lazy: WifiCommand::requestResponse err=-14
12-04 16:32:47.181  1955  1955 I WifiHAL : wifi_get_link_stats: result=-1
12-04 16:32:47.182  1639  1659 E WifiVendorHal: getWifiLinkLayerStats_1_5_Internal(l.1176) failed {.code = ERROR_UNKNOWN, .description = unknown}
12-04 16:32:47.298 32437 32437 W ThreadPoolForeg: type=1400 audit(0.0:438685): avc: denied { write } for name="traced_producer" dev="tmpfs" ino=19037 scontext=u:r:gmscore_app:s0:c743,c771 tcontext=u:object_r:traced_producer_socket:s0 tclass=sock_file permissive=0
12-04 16:32:47.314  4192  4192 W PerfettoTrace: type=1400 audit(0.0:438686): avc: denied { write } for name="traced_producer" dev="tmpfs" ino=19037 scontext=u:r:gmscore_app:s0:c512,c768 tcontext=u:object_r:traced_producer_socket:s0 tclass=sock_file permissive=0 app=com.google.android.gms
12-04 16:32:47.422  2243  2243 W Settings: Setting airplane_mode_on has moved from android.provider.Settings.System to android.provider.Settings.Global, returning read-only value.
12-04 16:32:47.430  2248  2532 D MobileStatusTracker(4): onSignalStrengthsChanged signalStrength=SignalStrength:{mCdma=CellSignalStrengthCdma: cdmaDbm=2147483647 cdmaEcio=2147483647 evdoDbm=2147483647 evdoEcio=2147483647 evdoSnr=2147483647 miuiLevel=0 mOptimizedLevel=0 level=0,mGsm=CellSignalStrengthGsm: rssi=2147483647 ber=2147483647 mTa=2147483647 miuiLevel=0 mOptimizedLevel=0 mLevel=0,mWcdma=CellSignalStrengthWcdma: ss=2147483647 ber=2147483647 rscp=2147483647 ecno=2147483647 miuiLevel=0 mOptimizedLevel=0 level=0,mTdscdma=CellSignalStrengthTdscdma: rssi=2147483647 ber=2147483647 rscp=2147483647 miuiLevel=0 mOptimizedLevel=0 level=0,mLte=CellSignalStrengthLte: rssi=2147483647 rsrp=-81 rsrq=-10 rssnr=13 cqiTableIndex=2147483647 cqi=0 ta=0 miuiLevel=5 mOptimizedLevel=0 level=4 parametersUseForLevel=0,mNr=CellSignalStrengthNr:{ csiRsrp = 2147483647 csiRsrq = 2147483647 csiCqiTableIndex = 2147483647 csiCqiReport = [] ssRsrp = 2147483647 ssRsrq = 2147483647 ssSinr = 2147483647 miuiLevel = 0 mOptimizedLevel = 0 level = 0 parametersUseForLevel = 0 },primary=CellSignalStrengthLte}, phoneId=0, mMtkLevel=0, mMtkRsrpOnly=false, mMtkLteRsrpThreshold=null, mMtkLteRssnrThreshold=null
12-04 16:32:48.004  1955  1955 I WifiHAL : Get link layer stats
12-04 16:32:48.004  1955  1955 I WifiHAL : GetLinkStatsCommand::create
12-04 16:32:48.004  1955  1955 D android.hardware.wifi@1.0-service-lazy: WifiRequest::create vendor command to iface 32, vendor_id=0x1a11, subcmd=0x1200, res=0
12-04 16:32:48.004  1955  1955 I android.hardware.wifi@1.0-service-lazy: WifiCommand::requestResponse err=-14
12-04 16:32:48.004  1955  1955 I WifiHAL : wifi_get_link_stats: result=-1
12-04 16:32:48.006  1639  1846 E WifiVendorHal: getWifiLinkLayerStats_1_5_Internal(l.1176) failed {.code = ERROR_UNKNOWN, .description = unknown}
12-04 16:32:48.038  4192  4192 W ThreadPoolForeg: type=1400 audit(0.0:438687): avc: denied { write } for name="traced_producer" dev="tmpfs" ino=19037 scontext=u:r:gmscore_app:s0:c512,c768 tcontext=u:object_r:traced_producer_socket:s0 tclass=sock_file permissive=0 app=com.google.android.gms
12-04 16:32:48.153  3597  7120 E SLM-SRV-SLAService: readLine:
12-04 16:32:48.153  3597  7120 E SLM-SRV-SLAService: java.io.FileNotFoundException: /sys/class/thermal/thermal_message/balance_mode: open failed: ENOENT (No such file or directory)
12-04 16:32:48.153  3597  7120 E SLM-SRV-SLAService: 	at libcore.io.IoBridge.open(IoBridge.java:574)
12-04 16:32:48.153  3597  7120 E SLM-SRV-SLAService: 	at java.io.FileInputStream.<init>(FileInputStream.java:179)
12-04 16:32:48.153  3597  7120 E SLM-SRV-SLAService: 	at java.io.FileInputStream.<init>(FileInputStream.java:133)
12-04 16:32:48.153  3597  7120 E SLM-SRV-SLAService: 	at java.io.FileReader.<init>(FileReader.java:60)
12-04 16:32:48.153  3597  7120 E SLM-SRV-SLAService: 	at com.xiaomi.NetworkBoost.slaservice.SLAService.readLine(SLAService.java:1237)
12-04 16:32:48.153  3597  7120 E SLM-SRV-SLAService: 	at com.xiaomi.NetworkBoost.slaservice.SLAService.isPerformanceMode(SLAService.java:1262)
12-04 16:32:48.153  3597  7120 E SLM-SRV-SLAService: 	at com.xiaomi.NetworkBoost.slaservice.SLAService.checktemp(SLAService.java:1293)
12-04 16:32:48.153  3597  7120 E SLM-SRV-SLAService: 	at com.xiaomi.NetworkBoost.slaservice.SLAService.access$2500(SLAService.java:125)
12-04 16:32:48.153  3597  7120 E SLM-SRV-SLAService: 	at com.xiaomi.NetworkBoost.slaservice.SLAService$ThermalStateListener.onEvent(SLAService.java:1226)
12-04 16:32:48.153  3597  7120 E SLM-SRV-SLAService: 	at android.os.FileObserver$ObserverThread.onEvent(FileObserver.java:166)
12-04 16:32:48.153  3597  7120 E SLM-SRV-SLAService: 	at android.os.FileObserver$ObserverThread.observe(Native Method)
12-04 16:32:48.153  3597  7120 E SLM-SRV-SLAService: 	at android.os.FileObserver$ObserverThread.run(FileObserver.java:116)
12-04 16:32:48.153  3597  7120 E SLM-SRV-SLAService: Caused by: android.system.ErrnoException: open failed: ENOENT (No such file or directory)
12-04 16:32:48.153  3597  7120 E SLM-SRV-SLAService: 	at libcore.io.Linux.open(Native Method)
12-04 16:32:48.153  3597  7120 E SLM-SRV-SLAService: 	at libcore.io.ForwardingOs.open(ForwardingOs.java:568)
12-04 16:32:48.153  3597  7120 E SLM-SRV-SLAService: 	at libcore.io.BlockGuardOs.open(BlockGuardOs.java:274)
12-04 16:32:48.153  3597  7120 E SLM-SRV-SLAService: 	at libcore.io.ForwardingOs.open(ForwardingOs.java:568)
12-04 16:32:48.153  3597  7120 E SLM-SRV-SLAService: 	at android.app.ActivityThread$AndroidOs.open(ActivityThread.java:8108)
12-04 16:32:48.153  3597  7120 E SLM-SRV-SLAService: 	at libcore.io.IoBridge.open(IoBridge.java:560)
12-04 16:32:48.153  3597  7120 E SLM-SRV-SLAService: 	... 11 more
12-04 16:32:48.153  3597  7120 D SLM-SRV-SLAService: checktemp temperature = 37000 temperature_average = 37000 isPerformanceMode = false thermal_enable_slm = true
12-04 16:32:48.155  3597  7120 E SLM-SRV-SLAService: readLine:
12-04 16:32:48.155  3597  7120 E SLM-SRV-SLAService: java.io.FileNotFoundException: /sys/class/thermal/thermal_message/balance_mode: open failed: ENOENT (No such file or directory)
12-04 16:32:48.155  3597  7120 E SLM-SRV-SLAService: 	at libcore.io.IoBridge.open(IoBridge.java:574)
12-04 16:32:48.155  3597  7120 E SLM-SRV-SLAService: 	at java.io.FileInputStream.<init>(FileInputStream.java:179)
12-04 16:32:48.155  3597  7120 E SLM-SRV-SLAService: 	at java.io.FileInputStream.<init>(FileInputStream.java:133)
12-04 16:32:48.155  3597  7120 E SLM-SRV-SLAService: 	at java.io.FileReader.<init>(FileReader.java:60)
12-04 16:32:48.155  3597  7120 E SLM-SRV-SLAService: 	at com.xiaomi.NetworkBoost.slaservice.SLAService.readLine(SLAService.java:1237)
12-04 16:32:48.155  3597  7120 E SLM-SRV-SLAService: 	at com.xiaomi.NetworkBoost.slaservice.SLAService.isPerformanceMode(SLAService.java:1262)
12-04 16:32:48.155  3597  7120 E SLM-SRV-SLAService: 	at com.xiaomi.NetworkBoost.slaservice.SLAService.checktemp(SLAService.java:1294)
12-04 16:32:48.155  3597  7120 E SLM-SRV-SLAService: 	at com.xiaomi.NetworkBoost.slaservice.SLAService.access$2500(SLAService.java:125)
12-04 16:32:48.155  3597  7120 E SLM-SRV-SLAService: 	at com.xiaomi.NetworkBoost.slaservice.SLAService$ThermalStateListener.onEvent(SLAService.java:1226)
12-04 16:32:48.155  3597  7120 E SLM-SRV-SLAService: 	at android.os.FileObserver$ObserverThread.onEvent(FileObserver.java:166)
12-04 16:32:48.155  3597  7120 E SLM-SRV-SLAService: 	at android.os.FileObserver$ObserverThread.observe(Native Method)
12-04 16:32:48.155  3597  7120 E SLM-SRV-SLAService: 	at android.os.FileObserver$ObserverThread.run(FileObserver.java:116)
12-04 16:32:48.155  3597  7120 E SLM-SRV-SLAService: Caused by: android.system.ErrnoException: open failed: ENOENT (No such file or directory)
12-04 16:32:48.155  3597  7120 E SLM-SRV-SLAService: 	at libcore.io.Linux.open(Native Method)
12-04 16:32:48.155  3597  7120 E SLM-SRV-SLAService: 	at libcore.io.ForwardingOs.open(ForwardingOs.java:568)
12-04 16:32:48.155  3597  7120 E SLM-SRV-SLAService: 	at libcore.io.BlockGuardOs.open(BlockGuardOs.java:274)
12-04 16:32:48.155  3597  7120 E SLM-SRV-SLAService: 	at libcore.io.ForwardingOs.open(ForwardingOs.java:568)
12-04 16:32:48.155  3597  7120 E SLM-SRV-SLAService: 	at android.app.ActivityThread$AndroidOs.open(ActivityThread.java:8108)
12-04 16:32:48.155  3597  7120 E SLM-SRV-SLAService: 	at libcore.io.IoBridge.open(IoBridge.java:560)
12-04 16:32:48.155  3597  7120 E SLM-SRV-SLAService: 	... 11 more
12-04 16:32:48.177  3597  7041 I NetworkSDKService: getQoEByAvailableIfaceName: wlan0
12-04 16:32:48.178  1639  1659 D MiuiWifiService: ending put WifiLinkLayerStats QOE to map
12-04 16:32:48.181  1955  1955 I WifiHAL : Get link layer stats
12-04 16:32:48.181  1955  1955 I WifiHAL : GetLinkStatsCommand::create
12-04 16:32:48.181  1955  1955 D android.hardware.wifi@1.0-service-lazy: WifiRequest::create vendor command to iface 32, vendor_id=0x1a11, subcmd=0x1200, res=0
12-04 16:32:48.181  1955  1955 I android.hardware.wifi@1.0-service-lazy: WifiCommand::requestResponse err=-14
12-04 16:32:48.181  1955  1955 I WifiHAL : wifi_get_link_stats: result=-1
12-04 16:32:48.182  1639  1659 E WifiVendorHal: getWifiLinkLayerStats_1_5_Internal(l.1176) failed {.code = ERROR_UNKNOWN, .description = unknown}
12-04 16:32:48.300  1243  1338 D AALLightSensor: oldLux=210 [SA:210 LA:209] newLux=210 (oriLux: 210)
12-04 16:32:48.500  1243  1338 D AAL     : onALIChanged: 210 -> 209
12-04 16:32:48.502  1243  1338 D AALLightSensor: Notify lux = 209
12-04 16:32:48.701   959   967 D ccci_mdinit: (1):monitor_time_update_thread round:3768 ########
12-04 16:32:49.106   867   867 I Accelerometer: flush, flushCnt:1
12-04 16:32:49.109   867   960 I Accelerometer: flush complete, flushCnt:0
12-04 16:32:49.112   867   867 I Gyroscope: flush, flushCnt:1
12-04 16:32:49.112   867   867 I Gyroscope: flush path:/sys/class/sensor/m_gyro_misc/gyroflush
12-04 16:32:49.116   867   960 I Gyroscope: flush complete, flushCnt:0
12-04 16:32:49.162   867   867 I Accelerometer: flush, flushCnt:1
12-04 16:32:49.165   867   960 I Accelerometer: flush complete, flushCnt:0
12-04 16:32:49.167   867   867 I Gyroscope: flush, flushCnt:1
12-04 16:32:49.168   867   867 I Gyroscope: flush path:/sys/class/sensor/m_gyro_misc/gyroflush
12-04 16:32:49.171   867   960 I Gyroscope: flush complete, flushCnt:0
12-04 16:32:49.178  3597  7041 I NetworkSDKService: getQoEByAvailableIfaceName: wlan0
12-04 16:32:49.178  1639  1659 D MiuiWifiService: ending put WifiLinkLayerStats QOE to map
12-04 16:32:49.181  1955  1955 I WifiHAL : Get link layer stats
12-04 16:32:49.181  1955  1955 I WifiHAL : GetLinkStatsCommand::create
12-04 16:32:49.181  1955  1955 D android.hardware.wifi@1.0-service-lazy: WifiRequest::create vendor command to iface 32, vendor_id=0x1a11, subcmd=0x1200, res=0
12-04 16:32:49.181  1955  1955 I android.hardware.wifi@1.0-service-lazy: WifiCommand::requestResponse err=-14
12-04 16:32:49.181  1955  1955 I WifiHAL : wifi_get_link_stats: result=-1
12-04 16:32:49.182  1639  1659 E WifiVendorHal: getWifiLinkLayerStats_1_5_Internal(l.1176) failed {.code = ERROR_UNKNOWN, .description = unknown}
12-04 16:32:49.314 28741 28741 W PerfettoTrace: type=1400 audit(0.0:438688): avc: denied { write } for name="traced_producer" dev="tmpfs" ino=19037 scontext=u:r:gmscore_app:s0:c512,c768 tcontext=u:object_r:traced_producer_socket:s0 tclass=sock_file permissive=0 app=com.google.android.gms
12-04 16:32:49.900  1243  1338 D AAL     : onALIChanged: 209 -> 210
12-04 16:32:49.902  1243  1338 D AALLightSensor: Notify lux = 210
12-04 16:32:49.930  2243  2243 W Settings: Setting airplane_mode_on has moved from android.provider.Settings.System to android.provider.Settings.Global, returning read-only value.
12-04 16:32:49.936  2248  2532 D MobileStatusTracker(5): onSignalStrengthsChanged signalStrength=SignalStrength:{mCdma=CellSignalStrengthCdma: cdmaDbm=2147483647 cdmaEcio=2147483647 evdoDbm=2147483647 evdoEcio=2147483647 evdoSnr=2147483647 miuiLevel=0 mOptimizedLevel=0 level=0,mGsm=CellSignalStrengthGsm: rssi=2147483647 ber=2147483647 mTa=2147483647 miuiLevel=0 mOptimizedLevel=0 mLevel=0,mWcdma=CellSignalStrengthWcdma: ss=2147483647 ber=2147483647 rscp=2147483647 ecno=2147483647 miuiLevel=0 mOptimizedLevel=0 level=0,mTdscdma=CellSignalStrengthTdscdma: rssi=2147483647 ber=2147483647 rscp=2147483647 miuiLevel=0 mOptimizedLevel=0 level=0,mLte=CellSignalStrengthLte: rssi=2147483647 rsrp=-102 rsrq=-12 rssnr=2 cqiTableIndex=2147483647 cqi=0 ta=0 miuiLevel=4 mOptimizedLevel=0 level=3 parametersUseForLevel=0,mNr=CellSignalStrengthNr:{ csiRsrp = 2147483647 csiRsrq = 2147483647 csiCqiTableIndex = 2147483647 csiCqiReport = [] ssRsrp = 2147483647 ssRsrq = 2147483647 ssSinr = 2147483647 miuiLevel = 0 mOptimizedLevel = 0 level = 0 parametersUseForLevel = 0 },primary=CellSignalStrengthLte}, phoneId=1, mMtkLevel=0, mMtkRsrpOnly=false, mMtkLteRsrpThreshold=null, mMtkLteRssnrThreshold=null
12-04 16:32:50.179  3597  7041 I NetworkSDKService: getQoEByAvailableIfaceName: wlan0
12-04 16:32:50.180  1639  1659 D MiuiWifiService: ending put WifiLinkLayerStats QOE to map
12-04 16:32:50.183  1955  1955 I WifiHAL : Get link layer stats
12-04 16:32:50.183  1955  1955 I WifiHAL : GetLinkStatsCommand::create
12-04 16:32:50.184  1955  1955 D android.hardware.wifi@1.0-service-lazy: WifiRequest::create vendor command to iface 32, vendor_id=0x1a11, subcmd=0x1200, res=0
12-04 16:32:50.184  1955  1955 I android.hardware.wifi@1.0-service-lazy: WifiCommand::requestResponse err=-14
12-04 16:32:50.184  1955  1955 I WifiHAL : wifi_get_link_stats: result=-1
12-04 16:32:50.185  1639  1659 E WifiVendorHal: getWifiLinkLayerStats_1_5_Internal(l.1176) failed {.code = ERROR_UNKNOWN, .description = unknown}
12-04 16:32:50.490  1639  1678 D AES     : AEEIOCTL_GET/SET_SF_STATE IOCTL,cmd= 1074294797, lParam=0. 
12-04 16:32:50.491  1639  1678 D HeapUsage Monitor: HeapAllocSize : 126MB; monitorSize : 500MB
12-04 16:32:50.491  1639  1678 D AES     : AEEIOCTL_RT_MON_Kick IOCTL,cmd= 2147774474, lParam=300. 
12-04 16:32:51.037  1955  1955 I WifiHAL : Get link layer stats
12-04 16:32:51.037  1955  1955 I WifiHAL : GetLinkStatsCommand::create
12-04 16:32:51.038  1955  1955 D android.hardware.wifi@1.0-service-lazy: WifiRequest::create vendor command to iface 32, vendor_id=0x1a11, subcmd=0x1200, res=0
12-04 16:32:51.038  1955  1955 I android.hardware.wifi@1.0-service-lazy: WifiCommand::requestResponse err=-14
12-04 16:32:51.038  1955  1955 I WifiHAL : wifi_get_link_stats: result=-1
12-04 16:32:51.039  1639  1846 E WifiVendorHal: getWifiLinkLayerStats_1_5_Internal(l.1176) failed {.code = ERROR_UNKNOWN, .description = unknown}
12-04 16:32:51.076  2248  2508 E gralloc4: Empty SMPTE 2094-40 data
12-04 16:32:51.079   952   952 I BufferQueueProducer: [StatusBar#89](this:0xb4000073199a08a8,id:-1,api:0,p:-1,c:952) queueBuffer: fps=0.11 dur=9066.27 max=9066.27 min=9066.27
12-04 16:32:51.082   862   955 I hwcomposer: [HWCDisplay] [Display_0 (type:1)] fps:0.220630,dur:9064.93,max:8942.96,min:121.97  
12-04 16:32:51.083   952   952 I surfaceflinger: surfaceflinger setAffinity mode=0
12-04 16:32:51.180  3597  7041 I NetworkSDKService: getQoEByAvailableIfaceName: wlan0
12-04 16:32:51.181  1639  1659 D MiuiWifiService: ending put WifiLinkLayerStats QOE to map
12-04 16:32:51.183   862  1199 I hwcomposer: [HWC] (0)fire a callback of refresh to SF[4]  
12-04 16:32:51.183  1955  1955 I WifiHAL : Get link layer stats
12-04 16:32:51.183  1955  1955 I WifiHAL : GetLinkStatsCommand::create
12-04 16:32:51.183  1955  1955 D android.hardware.wifi@1.0-service-lazy: WifiRequest::create vendor command to iface 32, vendor_id=0x1a11, subcmd=0x1200, res=0
12-04 16:32:51.183  1955  1955 I android.hardware.wifi@1.0-service-lazy: WifiCommand::requestResponse err=-14
12-04 16:32:51.183  1955  1955 I WifiHAL : wifi_get_link_stats: result=-1
12-04 16:32:51.183  1639  1659 E WifiVendorHal: getWifiLinkLayerStats_1_5_Internal(l.1176) failed {.code = ERROR_UNKNOWN, .description = unknown}
12-04 16:32:51.201   952   952 E gralloc4: Empty SMPTE 2094-40 data
12-04 16:32:51.201   952   952 I BufferQueueProducer: [FramebufferSurface](this:0xb4000073e8dc76e0,id:-1,api:1,p:952,c:952) queueBuffer: fps=0.11 dur=9062.73 max=9062.73 min=9062.73
12-04 16:32:51.202   952   952 I surfaceflinger: surfaceflinger setAffinity mode=1
12-04 16:32:51.202   952   952 I surfaceflinger: surfaceflinger setreAffinity reTid=999
12-04 16:32:51.222  1639  1686 E FileUtils: err open mi_exception_log errno=2
12-04 16:32:51.222  1639  1686 E FileUtils: err write to mi_exception_log
12-04 16:32:51.407  1639  1654 I system_server: Background concurrent copying GC freed 15MB AllocSpace bytes, 186(10MB) LOS objects, 19% free, 101MB/125MB, paused 197us,125us total 376.550ms
12-04 16:32:51.468  1639  1656 W System  : A resource failed to call HardwareBuffer.close. 
12-04 16:32:51.474  1639  1656 W System  : A resource failed to call close. 
12-04 16:32:52.079   876   937 I libPerfCtl: xgfGetFPS pid:2248 fps:-1
12-04 16:32:52.181  3597  7041 I NetworkSDKService: getQoEByAvailableIfaceName: wlan0
12-04 16:32:52.182  1639  1659 D MiuiWifiService: ending put WifiLinkLayerStats QOE to map
12-04 16:32:52.186  1955  1955 I WifiHAL : Get link layer stats
12-04 16:32:52.186  1955  1955 I WifiHAL : GetLinkStatsCommand::create
12-04 16:32:52.186  1955  1955 D android.hardware.wifi@1.0-service-lazy: WifiRequest::create vendor command to iface 32, vendor_id=0x1a11, subcmd=0x1200, res=0
12-04 16:32:52.186  1955  1955 I android.hardware.wifi@1.0-service-lazy: WifiCommand::requestResponse err=-14
12-04 16:32:52.186  1955  1955 I WifiHAL : wifi_get_link_stats: result=-1
12-04 16:32:52.188  1639  1659 E WifiVendorHal: getWifiLinkLayerStats_1_5_Internal(l.1176) failed {.code = ERROR_UNKNOWN, .description = unknown}
12-04 16:32:52.333   867   960 W AString : ctor got NULL, using empty string instead
12-04 16:32:52.334   867   960 I Gyroscope: write temp cali: [-575, -1048, -272, 30936, 58005, 9847]
12-04 16:32:52.335   867   960 W AString : ctor got NULL, using empty string instead
12-04 16:32:52.335   867   960 I Gyroscope: write bias: [0.000851, 0.001869, -0.000014]
12-04 16:32:52.501  1243  1338 D AALLightSensor: oldLux=210 [SA:210 LA:209] newLux=210 (oriLux: 210)
12-04 16:32:52.541  2243  2243 W Settings: Setting airplane_mode_on has moved from android.provider.Settings.System to android.provider.Settings.Global, returning read-only value.
12-04 16:32:52.548  2248  2532 D MobileStatusTracker(4): onSignalStrengthsChanged signalStrength=SignalStrength:{mCdma=CellSignalStrengthCdma: cdmaDbm=2147483647 cdmaEcio=2147483647 evdoDbm=2147483647 evdoEcio=2147483647 evdoSnr=2147483647 miuiLevel=0 mOptimizedLevel=0 level=0,mGsm=CellSignalStrengthGsm: rssi=2147483647 ber=2147483647 mTa=2147483647 miuiLevel=0 mOptimizedLevel=0 mLevel=0,mWcdma=CellSignalStrengthWcdma: ss=2147483647 ber=2147483647 rscp=2147483647 ecno=2147483647 miuiLevel=0 mOptimizedLevel=0 level=0,mTdscdma=CellSignalStrengthTdscdma: rssi=2147483647 ber=2147483647 rscp=2147483647 miuiLevel=0 mOptimizedLevel=0 level=0,mLte=CellSignalStrengthLte: rssi=2147483647 rsrp=-81 rsrq=-8 rssnr=12 cqiTableIndex=2147483647 cqi=0 ta=0 miuiLevel=5 mOptimizedLevel=0 level=4 parametersUseForLevel=0,mNr=CellSignalStrengthNr:{ csiRsrp = 2147483647 csiRsrq = 2147483647 csiCqiTableIndex = 2147483647 csiCqiReport = [] ssRsrp = 2147483647 ssRsrq = 2147483647 ssSinr = 2147483647 miuiLevel = 0 mOptimizedLevel = 0 level = 0 parametersUseForLevel = 0 },primary=CellSignalStrengthLte}, phoneId=0, mMtkLevel=0, mMtkRsrpOnly=false, mMtkLteRsrpThreshold=null, mMtkLteRssnrThreshold=null
12-04 16:32:52.596  2248  2508 E gralloc4: Empty SMPTE 2094-40 data
12-04 16:32:52.607   952   952 I BufferQueueProducer: [StatusBar#89](this:0xb4000073199a08a8,id:-1,api:0,p:-1,c:952) queueBuffer: fps=0.65 dur=1528.11 max=1528.11 min=1528.11
12-04 16:32:52.612   862   955 I hwcomposer: [HWCDisplay] [Display_0 (type:1)] fps:1.307360,dur:1529.80,max:1410.37,min:119.43  
12-04 16:32:52.614   952   952 I surfaceflinger: surfaceflinger setAffinity mode=0
12-04 16:32:52.711   862  1199 I hwcomposer: [HWC] (0)fire a callback of refresh to SF[4]  
12-04 16:32:52.732   952   952 E gralloc4: Empty SMPTE 2094-40 data
12-04 16:32:52.732   952   952 I BufferQueueProducer: [FramebufferSurface](this:0xb4000073e8dc76e0,id:-1,api:1,p:952,c:952) queueBuffer: fps=0.65 dur=1531.67 max=1531.67 min=1531.67
12-04 16:32:52.735   952   952 I surfaceflinger: surfaceflinger setAffinity mode=1
12-04 16:32:52.736   952   952 I surfaceflinger: surfaceflinger setreAffinity reTid=999
12-04 16:32:53.079   876   937 I libPerfCtl: xgfGetFPS pid:2248 fps:-1
12-04 16:32:53.182  3597  7041 I NetworkSDKService: getQoEByAvailableIfaceName: wlan0
12-04 16:32:53.183  1639  1808 D MiuiWifiService: ending put WifiLinkLayerStats QOE to map
12-04 16:32:53.186  1955  1955 I WifiHAL : Get link layer stats
12-04 16:32:53.186  1955  1955 I WifiHAL : GetLinkStatsCommand::create
12-04 16:32:53.186  1955  1955 D android.hardware.wifi@1.0-service-lazy: WifiRequest::create vendor command to iface 32, vendor_id=0x1a11, subcmd=0x1200, res=0
12-04 16:32:53.187  1955  1955 I android.hardware.wifi@1.0-service-lazy: WifiCommand::requestResponse err=-14
12-04 16:32:53.187  1955  1955 I WifiHAL : wifi_get_link_stats: result=-1
12-04 16:32:53.188  1639  1808 E WifiVendorHal: getWifiLinkLayerStats_1_5_Internal(l.1176) failed {.code = ERROR_UNKNOWN, .description = unknown}
12-04 16:32:54.065  1955  1955 I WifiHAL : Get link layer stats
12-04 16:32:54.066  1955  1955 I WifiHAL : GetLinkStatsCommand::create
