12-04 16:32:16.706  2248  2532 D MobileStatusTracker(4): onSignalStrengthsChanged signalStrength=SignalStrength:{mCdma=CellSignalStrengthCdma: cdmaDbm=2147483647 cdmaEcio=2147483647 evdoDbm=2147483647 evdoEcio=2147483647 evdoSnr=2147483647 miuiLevel=0 mOptimizedLevel=0 level=0,mGsm=CellSignalStrengthGsm: rssi=2147483647 ber=2147483647 mTa=2147483647 miuiLevel=0 mOptimizedLevel=0 mLevel=0,mWcdma=CellSignalStrengthWcdma: ss=2147483647 ber=2147483647 rscp=2147483647 ecno=2147483647 miuiLevel=0 mOptimizedLevel=0 level=0,mTdscdma=CellSignalStrengthTdscdma: rssi=2147483647 ber=2147483647 rscp=2147483647 miuiLevel=0 mOptimizedLevel=0 level=0,mLte=CellSignalStrengthLte: rssi=2147483647 rsrp=-82 rsrq=-8 rssnr=13 cqiTableIndex=2147483647 cqi=0 ta=0 miuiLevel=5 mOptimizedLevel=0 level=4 parametersUseForLevel=0,mNr=CellSignalStrengthNr:{ csiRsrp = 2147483647 csiRsrq = 2147483647 csiCqiTableIndex = 2147483647 csiCqiReport = [] ssRsrp = 2147483647 ssRsrq = 2147483647 ssSinr = 2147483647 miuiLevel = 0 mOptimizedLevel = 0 level = 0 parametersUseForLevel = 0 },primary=CellSignalStrengthLte}, phoneId=0, mMtkLevel=0, mMtkRsrpOnly=false, mMtkLteRsrpThreshold=null, mMtkLteRssnrThreshold=null
12-04 16:32:17.141  3597  7041 I NetworkSDKService: getQoEByAvailableIfaceName: wlan0
12-04 16:32:17.142  1639  3504 D MiuiWifiService: ending put WifiLinkLayerStats QOE to map
12-04 16:32:17.145  1955  1955 I WifiHAL : Get link layer stats
12-04 16:32:17.145  1955  1955 I WifiHAL : GetLinkStatsCommand::create
12-04 16:32:17.145  1955  1955 D android.hardware.wifi@1.0-service-lazy: WifiRequest::create vendor command to iface 32, vendor_id=0x1a11, subcmd=0x1200, res=0
12-04 16:32:17.146  1955  1955 I android.hardware.wifi@1.0-service-lazy: WifiCommand::requestResponse err=-14
12-04 16:32:17.146  1955  1955 I WifiHAL : wifi_get_link_stats: result=-1
12-04 16:32:17.147  1639  3504 E WifiVendorHal: getWifiLinkLayerStats_1_5_Internal(l.1176) failed {.code = ERROR_UNKNOWN, .description = unknown}
12-04 16:32:17.294 32437 32437 W ThreadPoolForeg: type=1400 audit(0.0:438676): avc: denied { write } for name="traced_producer" dev="tmpfs" ino=19037 scontext=u:r:gmscore_app:s0:c743,c771 tcontext=u:object_r:traced_producer_socket:s0 tclass=sock_file permissive=0
12-04 16:32:17.294  4192  4192 W PerfettoTrace: type=1400 audit(0.0:438677): avc: denied { write } for name="traced_producer" dev="tmpfs" ino=19037 scontext=u:r:gmscore_app:s0:c512,c768 tcontext=u:object_r:traced_producer_socket:s0 tclass=sock_file permissive=0 app=com.google.android.gms
12-04 16:32:17.670   876   937 I libPerfCtl: xgfGetFPS pid:2248 fps:-1
12-04 16:32:17.673  1955  1955 I WifiHAL : Get link layer stats
12-04 16:32:17.673  1955  1955 I WifiHAL : GetLinkStatsCommand::create
12-04 16:32:17.674  1955  1955 D android.hardware.wifi@1.0-service-lazy: WifiRequest::create vendor command to iface 32, vendor_id=0x1a11, subcmd=0x1200, res=0
12-04 16:32:17.674  1955  1955 I android.hardware.wifi@1.0-service-lazy: WifiCommand::requestResponse err=-14
12-04 16:32:17.675  1955  1955 I WifiHAL : wifi_get_link_stats: result=-1
12-04 16:32:17.676  1639  1846 E WifiVendorHal: getWifiLinkLayerStats_1_5_Internal(l.1176) failed {.code = ERROR_UNKNOWN, .description = unknown}
12-04 16:32:18.006  4192  4192 W ThreadPoolForeg: type=1400 audit(0.0:438678): avc: denied { write } for name="traced_producer" dev="tmpfs" ino=19037 scontext=u:r:gmscore_app:s0:c512,c768 tcontext=u:object_r:traced_producer_socket:s0 tclass=sock_file permissive=0 app=com.google.android.gms
12-04 16:32:18.143  3597  7041 I NetworkSDKService: getQoEByAvailableIfaceName: wlan0
12-04 16:32:18.144  1639  3504 D MiuiWifiService: ending put WifiLinkLayerStats QOE to map
12-04 16:32:18.147  1955  1955 I WifiHAL : Get link layer stats
12-04 16:32:18.147  1955  1955 I WifiHAL : GetLinkStatsCommand::create
12-04 16:32:18.148  1955  1955 D android.hardware.wifi@1.0-service-lazy: WifiRequest::create vendor command to iface 32, vendor_id=0x1a11, subcmd=0x1200, res=0
12-04 16:32:18.148  1955  1955 I android.hardware.wifi@1.0-service-lazy: WifiCommand::requestResponse err=-14
12-04 16:32:18.148  1955  1955 I WifiHAL : wifi_get_link_stats: result=-1
12-04 16:32:18.150  1639  3504 E WifiVendorHal: getWifiLinkLayerStats_1_5_Internal(l.1176) failed {.code = ERROR_UNKNOWN, .description = unknown}
12-04 16:32:18.151  3597  7120 E SLM-SRV-SLAService: readLine:
12-04 16:32:18.151  3597  7120 E SLM-SRV-SLAService: java.io.FileNotFoundException: /sys/class/thermal/thermal_message/balance_mode: open failed: ENOENT (No such file or directory)
12-04 16:32:18.151  3597  7120 E SLM-SRV-SLAService: 	at libcore.io.IoBridge.open(IoBridge.java:574)
12-04 16:32:18.151  3597  7120 E SLM-SRV-SLAService: 	at java.io.FileInputStream.<init>(FileInputStream.java:179)
12-04 16:32:18.151  3597  7120 E SLM-SRV-SLAService: 	at java.io.FileInputStream.<init>(FileInputStream.java:133)
12-04 16:32:18.151  3597  7120 E SLM-SRV-SLAService: 	at java.io.FileReader.<init>(FileReader.java:60)
12-04 16:32:18.151  3597  7120 E SLM-SRV-SLAService: 	at com.xiaomi.NetworkBoost.slaservice.SLAService.readLine(SLAService.java:1237)
12-04 16:32:18.151  3597  7120 E SLM-SRV-SLAService: 	at com.xiaomi.NetworkBoost.slaservice.SLAService.isPerformanceMode(SLAService.java:1262)
12-04 16:32:18.151  3597  7120 E SLM-SRV-SLAService: 	at com.xiaomi.NetworkBoost.slaservice.SLAService.checktemp(SLAService.java:1293)
12-04 16:32:18.151  3597  7120 E SLM-SRV-SLAService: 	at com.xiaomi.NetworkBoost.slaservice.SLAService.access$2500(SLAService.java:125)
12-04 16:32:18.151  3597  7120 E SLM-SRV-SLAService: 	at com.xiaomi.NetworkBoost.slaservice.SLAService$ThermalStateListener.onEvent(SLAService.java:1226)
12-04 16:32:18.151  3597  7120 E SLM-SRV-SLAService: 	at android.os.FileObserver$ObserverThread.onEvent(FileObserver.java:166)
12-04 16:32:18.151  3597  7120 E SLM-SRV-SLAService: 	at android.os.FileObserver$ObserverThread.observe(Native Method)
12-04 16:32:18.151  3597  7120 E SLM-SRV-SLAService: 	at android.os.FileObserver$ObserverThread.run(FileObserver.java:116)
12-04 16:32:18.151  3597  7120 E SLM-SRV-SLAService: Caused by: android.system.ErrnoException: open failed: ENOENT (No such file or directory)
12-04 16:32:18.151  3597  7120 E SLM-SRV-SLAService: 	at libcore.io.Linux.open(Native Method)
12-04 16:32:18.151  3597  7120 E SLM-SRV-SLAService: 	at libcore.io.ForwardingOs.open(ForwardingOs.java:568)
12-04 16:32:18.151  3597  7120 E SLM-SRV-SLAService: 	at libcore.io.BlockGuardOs.open(BlockGuardOs.java:274)
12-04 16:32:18.151  3597  7120 E SLM-SRV-SLAService: 	at libcore.io.ForwardingOs.open(ForwardingOs.java:568)
12-04 16:32:18.151  3597  7120 E SLM-SRV-SLAService: 	at android.app.ActivityThread$AndroidOs.open(ActivityThread.java:8108)
12-04 16:32:18.151  3597  7120 E SLM-SRV-SLAService: 	at libcore.io.IoBridge.open(IoBridge.java:560)
12-04 16:32:18.151  3597  7120 E SLM-SRV-SLAService: 	... 11 more
12-04 16:32:18.152  3597  7120 D SLM-SRV-SLAService: checktemp temperature = 37000 temperature_average = 37000 isPerformanceMode = false thermal_enable_slm = true
12-04 16:32:18.154  3597  7120 E SLM-SRV-SLAService: readLine:
12-04 16:32:18.154  3597  7120 E SLM-SRV-SLAService: java.io.FileNotFoundException: /sys/class/thermal/thermal_message/balance_mode: open failed: ENOENT (No such file or directory)
12-04 16:32:18.154  3597  7120 E SLM-SRV-SLAService: 	at libcore.io.IoBridge.open(IoBridge.java:574)
12-04 16:32:18.154  3597  7120 E SLM-SRV-SLAService: 	at java.io.FileInputStream.<init>(FileInputStream.java:179)
12-04 16:32:18.154  3597  7120 E SLM-SRV-SLAService: 	at java.io.FileInputStream.<init>(FileInputStream.java:133)
12-04 16:32:18.154  3597  7120 E SLM-SRV-SLAService: 	at java.io.FileReader.<init>(FileReader.java:60)
12-04 16:32:18.154  3597  7120 E SLM-SRV-SLAService: 	at com.xiaomi.NetworkBoost.slaservice.SLAService.readLine(SLAService.java:1237)
12-04 16:32:18.154  3597  7120 E SLM-SRV-SLAService: 	at com.xiaomi.NetworkBoost.slaservice.SLAService.isPerformanceMode(SLAService.java:1262)
12-04 16:32:18.154  3597  7120 E SLM-SRV-SLAService: 	at com.xiaomi.NetworkBoost.slaservice.SLAService.checktemp(SLAService.java:1294)
12-04 16:32:18.154  3597  7120 E SLM-SRV-SLAService: 	at com.xiaomi.NetworkBoost.slaservice.SLAService.access$2500(SLAService.java:125)
12-04 16:32:18.154  3597  7120 E SLM-SRV-SLAService: 	at com.xiaomi.NetworkBoost.slaservice.SLAService$ThermalStateListener.onEvent(SLAService.java:1226)
12-04 16:32:18.154  3597  7120 E SLM-SRV-SLAService: 	at android.os.FileObserver$ObserverThread.onEvent(FileObserver.java:166)
12-04 16:32:18.154  3597  7120 E SLM-SRV-SLAService: 	at android.os.FileObserver$ObserverThread.observe(Native Method)
12-04 16:32:18.154  3597  7120 E SLM-SRV-SLAService: 	at android.os.FileObserver$ObserverThread.run(FileObserver.java:116)
12-04 16:32:18.154  3597  7120 E SLM-SRV-SLAService: Caused by: android.system.ErrnoException: open failed: ENOENT (No such file or directory)
12-04 16:32:18.154  3597  7120 E SLM-SRV-SLAService: 	at libcore.io.Linux.open(Native Method)
12-04 16:32:18.154  3597  7120 E SLM-SRV-SLAService: 	at libcore.io.ForwardingOs.open(ForwardingOs.java:568)
12-04 16:32:18.154  3597  7120 E SLM-SRV-SLAService: 	at libcore.io.BlockGuardOs.open(BlockGuardOs.java:274)
12-04 16:32:18.154  3597  7120 E SLM-SRV-SLAService: 	at libcore.io.ForwardingOs.open(ForwardingOs.java:568)
12-04 16:32:18.154  3597  7120 E SLM-SRV-SLAService: 	at android.app.ActivityThread$AndroidOs.open(ActivityThread.java:8108)
12-04 16:32:18.154  3597  7120 E SLM-SRV-SLAService: 	at libcore.io.IoBridge.open(IoBridge.java:560)
12-04 16:32:18.154  3597  7120 E SLM-SRV-SLAService: 	... 11 more
12-04 16:32:18.670   959   967 D ccci_mdinit: (1):monitor_time_update_thread round:3767 ########
12-04 16:32:18.670   876   937 I libPerfCtl: xgfGetFPS pid:2248 fps:-1
12-04 16:32:19.093 19053 19250 E KT      : Network error
12-04 16:32:19.093 19053 19250 E KT      : java.net.SocketTimeoutException: failed to connect to web.facebook.com/57.144.150.141 (port 443) from /192.168.11.213 (port 42674) after 30000ms
12-04 16:32:19.093 19053 19250 E KT      : 	at libcore.io.IoBridge.connectErrno(IoBridge.java:235)
12-04 16:32:19.093 19053 19250 E KT      : 	at libcore.io.IoBridge.connect(IoBridge.java:179)
12-04 16:32:19.093 19053 19250 E KT      : 	at java.net.PlainSocketImpl.socketConnect(PlainSocketImpl.java:142)
12-04 16:32:19.093 19053 19250 E KT      : 	at java.net.AbstractPlainSocketImpl.doConnect(AbstractPlainSocketImpl.java:390)
12-04 16:32:19.093 19053 19250 E KT      : 	at java.net.AbstractPlainSocketImpl.connectToAddress(AbstractPlainSocketImpl.java:230)
12-04 16:32:19.093 19053 19250 E KT      : 	at java.net.AbstractPlainSocketImpl.connect(AbstractPlainSocketImpl.java:212)
12-04 16:32:19.093 19053 19250 E KT      : 	at java.net.SocksSocketImpl.connect(SocksSocketImpl.java:436)
12-04 16:32:19.093 19053 19250 E KT      : 	at java.net.Socket.connect(Socket.java:646)
12-04 16:32:19.093 19053 19250 E KT      : 	at com.android.okhttp.internal.Platform.connectSocket(Platform.java:182)
12-04 16:32:19.093 19053 19250 E KT      : 	at com.android.okhttp.internal.io.RealConnection.connectSocket(RealConnection.java:145)
12-04 16:32:19.093 19053 19250 E KT      : 	at com.android.okhttp.internal.io.RealConnection.connect(RealConnection.java:116)
12-04 16:32:19.093 19053 19250 E KT      : 	at com.android.okhttp.internal.http.StreamAllocation.findConnection(StreamAllocation.java:186)
12-04 16:32:19.093 19053 19250 E KT      : 	at com.android.okhttp.internal.http.StreamAllocation.findHealthyConnection(StreamAllocation.java:128)
12-04 16:32:19.093 19053 19250 E KT      : 	at com.android.okhttp.internal.http.StreamAllocation.newStream(StreamAllocation.java:97)
12-04 16:32:19.093 19053 19250 E KT      : 	at com.android.okhttp.internal.http.HttpEngine.connect(HttpEngine.java:289)
12-04 16:32:19.093 19053 19250 E KT      : 	at com.android.okhttp.internal.http.HttpEngine.sendRequest(HttpEngine.java:232)
12-04 16:32:19.093 19053 19250 E KT      : 	at com.android.okhttp.internal.huc.HttpURLConnectionImpl.execute(HttpURLConnectionImpl.java:465)
12-04 16:32:19.093 19053 19250 E KT      : 	at com.android.okhttp.internal.huc.HttpURLConnectionImpl.connect(HttpURLConnectionImpl.java:131)
12-04 16:32:19.093 19053 19250 E KT      : 	at com.android.okhttp.internal.huc.DelegatingHttpsURLConnection.connect(DelegatingHttpsURLConnection.java:90)
12-04 16:32:19.093 19053 19250 E KT      : 	at com.android.okhttp.internal.huc.HttpsURLConnectionImpl.connect(HttpsURLConnectionImpl.java:30)
12-04 16:32:19.093 19053 19250 E KT      : 	at com.facebook.ads.redexgen.X.KS.A01(:42337)
12-04 16:32:19.093 19053 19250 E KT      : 	at com.facebook.ads.redexgen.X.KS.A0J(:42516)
12-04 16:32:19.093 19053 19250 E KT      : 	at com.facebook.ads.redexgen.X.Km.A00(:42914)
12-04 16:32:19.093 19053 19250 E KT      : 	at com.facebook.ads.redexgen.X.Km.doInBackground(:42937)
12-04 16:32:19.093 19053 19250 E KT      : 	at android.os.AsyncTask$3.call(AsyncTask.java:394)
12-04 16:32:19.093 19053 19250 E KT      : 	at java.util.concurrent.FutureTask.run(FutureTask.java:317)
12-04 16:32:19.093 19053 19250 E KT      : 	at java.util.concurrent.ThreadPoolExecutor.runWorker(ThreadPoolExecutor.java:1156)
12-04 16:32:19.093 19053 19250 E KT      : 	at java.util.concurrent.ThreadPoolExecutor$Worker.run(ThreadPoolExecutor.java:651)
12-04 16:32:19.093 19053 19250 E KT      : 	at java.lang.Thread.run(Thread.java:1119)
12-04 16:32:19.144  3597  7041 I NetworkSDKService: getQoEByAvailableIfaceName: wlan0
12-04 16:32:19.145  1639  3504 D MiuiWifiService: ending put WifiLinkLayerStats QOE to map
12-04 16:32:19.148  1955  1955 I WifiHAL : Get link layer stats
12-04 16:32:19.149  1955  1955 I WifiHAL : GetLinkStatsCommand::create
12-04 16:32:19.149  1955  1955 D android.hardware.wifi@1.0-service-lazy: WifiRequest::create vendor command to iface 32, vendor_id=0x1a11, subcmd=0x1200, res=0
12-04 16:32:19.150  1955  1955 I android.hardware.wifi@1.0-service-lazy: WifiCommand::requestResponse err=-14
12-04 16:32:19.150  1955  1955 I WifiHAL : wifi_get_link_stats: result=-1
12-04 16:32:19.152  1639  3504 E WifiVendorHal: getWifiLinkLayerStats_1_5_Internal(l.1176) failed {.code = ERROR_UNKNOWN, .description = unknown}
12-04 16:32:19.210  2243  2243 W Settings: Setting airplane_mode_on has moved from android.provider.Settings.System to android.provider.Settings.Global, returning read-only value.
12-04 16:32:19.216  2248  2532 D MobileStatusTracker(5): onSignalStrengthsChanged signalStrength=SignalStrength:{mCdma=CellSignalStrengthCdma: cdmaDbm=2147483647 cdmaEcio=2147483647 evdoDbm=2147483647 evdoEcio=2147483647 evdoSnr=2147483647 miuiLevel=0 mOptimizedLevel=0 level=0,mGsm=CellSignalStrengthGsm: rssi=2147483647 ber=2147483647 mTa=2147483647 miuiLevel=0 mOptimizedLevel=0 mLevel=0,mWcdma=CellSignalStrengthWcdma: ss=2147483647 ber=2147483647 rscp=2147483647 ecno=2147483647 miuiLevel=0 mOptimizedLevel=0 level=0,mTdscdma=CellSignalStrengthTdscdma: rssi=2147483647 ber=2147483647 rscp=2147483647 miuiLevel=0 mOptimizedLevel=0 level=0,mLte=CellSignalStrengthLte: rssi=2147483647 rsrp=-102 rsrq=-12 rssnr=0 cqiTableIndex=2147483647 cqi=0 ta=0 miuiLevel=4 mOptimizedLevel=0 level=3 parametersUseForLevel=0,mNr=CellSignalStrengthNr:{ csiRsrp = 2147483647 csiRsrq = 2147483647 csiCqiTableIndex = 2147483647 csiCqiReport = [] ssRsrp = 2147483647 ssRsrq = 2147483647 ssSinr = 2147483647 miuiLevel = 0 mOptimizedLevel = 0 level = 0 parametersUseForLevel = 0 },primary=CellSignalStrengthLte}, phoneId=1, mMtkLevel=0, mMtkRsrpOnly=false, mMtkLteRsrpThreshold=null, mMtkLteRssnrThreshold=null
12-04 16:32:19.302 28741 28741 W PerfettoTrace: type=1400 audit(0.0:438679): avc: denied { write } for name="traced_producer" dev="tmpfs" ino=19037 scontext=u:r:gmscore_app:s0:c512,c768 tcontext=u:object_r:traced_producer_socket:s0 tclass=sock_file permissive=0 app=com.google.android.gms
12-04 16:32:19.671   876   937 I libPerfCtl: xgfGetFPS pid:2248 fps:-1
12-04 16:32:20.146  3597  7041 I NetworkSDKService: getQoEByAvailableIfaceName: wlan0
12-04 16:32:20.147  1639  3496 D MiuiWifiService: ending put WifiLinkLayerStats QOE to map
12-04 16:32:20.150  1955  1955 I WifiHAL : Get link layer stats
12-04 16:32:20.150  1955  1955 I WifiHAL : GetLinkStatsCommand::create
12-04 16:32:20.150  1955  1955 D android.hardware.wifi@1.0-service-lazy: WifiRequest::create vendor command to iface 32, vendor_id=0x1a11, subcmd=0x1200, res=0
12-04 16:32:20.150  1955  1955 I android.hardware.wifi@1.0-service-lazy: WifiCommand::requestResponse err=-14
12-04 16:32:20.150  1955  1955 I WifiHAL : wifi_get_link_stats: result=-1
12-04 16:32:20.151  1639  3496 E WifiVendorHal: getWifiLinkLayerStats_1_5_Internal(l.1176) failed {.code = ERROR_UNKNOWN, .description = unknown}
12-04 16:32:20.488  1639  1678 D AES     : AEEIOCTL_GET/SET_SF_STATE IOCTL,cmd= 1074294797, lParam=0. 
12-04 16:32:20.488  1639  1678 D HeapUsage Monitor: HeapAllocSize : 121MB; monitorSize : 500MB
12-04 16:32:20.489  1639  1678 D AES     : AEEIOCTL_RT_MON_Kick IOCTL,cmd= 2147774474, lParam=300. 
12-04 16:32:20.520  2248  2508 E gralloc4: Empty SMPTE 2094-40 data
12-04 16:32:20.525   952   952 I BufferQueueProducer: [StatusBar#89](this:0xb4000073199a08a8,id:-1,api:0,p:-1,c:952) queueBuffer: fps=0.50 dur=4001.85 max=3985.02 min=16.83
12-04 16:32:20.529   862   955 I hwcomposer: [HWCDisplay] [Display_0 (type:1)] fps:0.749815,dur:4000.99,max:3896.06,min:15.42  
12-04 16:32:20.530   952   952 I surfaceflinger: surfaceflinger setAffinity mode=0
12-04 16:32:20.540  2248  2508 E gralloc4: Empty SMPTE 2094-40 data
12-04 16:32:20.631   862  1199 I hwcomposer: [HWC] (0)fire a callback of refresh to SF[4]  
12-04 16:32:20.650   952   952 E gralloc4: Empty SMPTE 2094-40 data
12-04 16:32:20.650   952   952 I BufferQueueProducer: [FramebufferSurface](this:0xb4000073e8dc76e0,id:-1,api:1,p:952,c:952) queueBuffer: fps=0.25 dur=4018.54 max=4018.54 min=4018.54
12-04 16:32:20.653   952   952 I surfaceflinger: surfaceflinger setAffinity mode=1
12-04 16:32:20.654   952   952 I surfaceflinger: surfaceflinger setreAffinity reTid=999
12-04 16:32:20.671   876   937 I libPerfCtl: xgfGetFPS pid:2248 fps:-1
12-04 16:32:20.700  1955  1955 I WifiHAL : Get link layer stats
12-04 16:32:20.701  1955  1955 I WifiHAL : GetLinkStatsCommand::create
12-04 16:32:20.701  1955  1955 D android.hardware.wifi@1.0-service-lazy: WifiRequest::create vendor command to iface 32, vendor_id=0x1a11, subcmd=0x1200, res=0
12-04 16:32:20.701  1955  1955 I android.hardware.wifi@1.0-service-lazy: WifiCommand::requestResponse err=-14
12-04 16:32:20.701  1955  1955 I WifiHAL : wifi_get_link_stats: result=-1
12-04 16:32:20.702  1639  1846 E WifiVendorHal: getWifiLinkLayerStats_1_5_Internal(l.1176) failed {.code = ERROR_UNKNOWN, .description = unknown}
12-04 16:32:21.146  3597  7041 I NetworkSDKService: getQoEByAvailableIfaceName: wlan0
12-04 16:32:21.147  1639  3496 D MiuiWifiService: ending put WifiLinkLayerStats QOE to map
12-04 16:32:21.150  1955  1955 I WifiHAL : Get link layer stats
12-04 16:32:21.150  1955  1955 I WifiHAL : GetLinkStatsCommand::create
12-04 16:32:21.151  1955  1955 D android.hardware.wifi@1.0-service-lazy: WifiRequest::create vendor command to iface 32, vendor_id=0x1a11, subcmd=0x1200, res=0
12-04 16:32:21.151  1955  1955 I android.hardware.wifi@1.0-service-lazy: WifiCommand::requestResponse err=-14
12-04 16:32:21.151  1955  1955 I WifiHAL : wifi_get_link_stats: result=-1
12-04 16:32:21.152  1639  3496 E WifiVendorHal: getWifiLinkLayerStats_1_5_Internal(l.1176) failed {.code = ERROR_UNKNOWN, .description = unknown}
12-04 16:32:21.372  4828  5598 I WM-WorkerWrapper: Worker result SUCCESS for Work [ id=578501cd-0eff-4ae3-8932-8e29cec595e2, tags={ com.whatsapp.stickers.stickerpack.FetchDownloadableStickerPackWorker } ]
12-04 16:32:21.378  4828  4828 D WM-Processor: 9rt 578501cd-0eff-4ae3-8932-8e29cec595e2 executed; reschedule = false
12-04 16:32:21.378  4828  4828 D WM-GreedyScheduler: Stopping tracking for WorkGenerationalId(workSpecId=578501cd-0eff-4ae3-8932-8e29cec595e2, generation=0)
12-04 16:32:21.385  1639  3496 D AlarmManagerService: inside native alarm timerfd set Alarm Type = 2
12-04 16:32:21.386  1639  3496 D AlarmManagerService: inside native alarm timerfd set Alarm Type = 3
12-04 16:32:21.386  1639  3496 D AlarmManagerService: inside native alarm timerfd set Alarm Type = 2
12-04 16:32:21.386  1639  3496 D AlarmManagerService: inside native alarm timerfd set Alarm Type = 3
12-04 16:32:21.391  4828  5598 D WM-GreedyScheduler: Cancelling work ID 578501cd-0eff-4ae3-8932-8e29cec595e2
12-04 16:32:21.396  4828  5598 D WM-NetworkStateTracker: Unregistering network callback
12-04 16:32:21.500  1243  1338 D AALLightSensor: oldLux=210 [SA:210 LA:210] newLux=210 (oriLux: 210)
12-04 16:32:21.672   876   937 I libPerfCtl: xgfGetFPS pid:2248 fps:-1
12-04 16:32:21.822  2243  2243 W Settings: Setting airplane_mode_on has moved from android.provider.Settings.System to android.provider.Settings.Global, returning read-only value.
12-04 16:32:21.827  2248  2532 D MobileStatusTracker(4): onSignalStrengthsChanged signalStrength=SignalStrength:{mCdma=CellSignalStrengthCdma: cdmaDbm=2147483647 cdmaEcio=2147483647 evdoDbm=2147483647 evdoEcio=2147483647 evdoSnr=2147483647 miuiLevel=0 mOptimizedLevel=0 level=0,mGsm=CellSignalStrengthGsm: rssi=2147483647 ber=2147483647 mTa=2147483647 miuiLevel=0 mOptimizedLevel=0 mLevel=0,mWcdma=CellSignalStrengthWcdma: ss=2147483647 ber=2147483647 rscp=2147483647 ecno=2147483647 miuiLevel=0 mOptimizedLevel=0 level=0,mTdscdma=CellSignalStrengthTdscdma: rssi=2147483647 ber=2147483647 rscp=2147483647 miuiLevel=0 mOptimizedLevel=0 level=0,mLte=CellSignalStrengthLte: rssi=2147483647 rsrp=-81 rsrq=-9 rssnr=15 cqiTableIndex=2147483647 cqi=0 ta=0 miuiLevel=5 mOptimizedLevel=0 level=4 parametersUseForLevel=0,mNr=CellSignalStrengthNr:{ csiRsrp = 2147483647 csiRsrq = 2147483647 csiCqiTableIndex = 2147483647 csiCqiReport = [] ssRsrp = 2147483647 ssRsrq = 2147483647 ssSinr = 2147483647 miuiLevel = 0 mOptimizedLevel = 0 level = 0 parametersUseForLevel = 0 },primary=CellSignalStrengthLte}, phoneId=0, mMtkLevel=0, mMtkRsrpOnly=false, mMtkLteRsrpThreshold=null, mMtkLteRssnrThreshold=null
12-04 16:32:22.066   867   960 W AString : ctor got NULL, using empty string instead
12-04 16:32:22.067   867   960 I Gyroscope: write temp cali: [-282, -1370, 49, 20124, 69692, -2567]
12-04 16:32:22.067   867   960 W AString : ctor got NULL, using empty string instead
12-04 16:32:22.068   867   960 I Gyroscope: write bias: [0.000808, 0.001869, -0.000168]
12-04 16:32:22.147  3597  7041 I NetworkSDKService: getQoEByAvailableIfaceName: wlan0
12-04 16:32:22.148  1639  3496 D MiuiWifiService: ending put WifiLinkLayerStats QOE to map
12-04 16:32:22.151  1955  1955 I WifiHAL : Get link layer stats
12-04 16:32:22.152  1955  1955 I WifiHAL : GetLinkStatsCommand::create
12-04 16:32:22.152  1955  1955 D android.hardware.wifi@1.0-service-lazy: WifiRequest::create vendor command to iface 32, vendor_id=0x1a11, subcmd=0x1200, res=0
12-04 16:32:22.152  1955  1955 I android.hardware.wifi@1.0-service-lazy: WifiCommand::requestResponse err=-14
12-04 16:32:22.152  1955  1955 I WifiHAL : wifi_get_link_stats: result=-1
12-04 16:32:22.153  1639  3496 E WifiVendorHal: getWifiLinkLayerStats_1_5_Internal(l.1176) failed {.code = ERROR_UNKNOWN, .description = unknown}
12-04 16:32:22.672   876   937 I libPerfCtl: xgfGetFPS pid:2248 fps:-1
12-04 16:32:23.149  3597  7041 I NetworkSDKService: getQoEByAvailableIfaceName: wlan0
12-04 16:32:23.150  1639  3496 D MiuiWifiService: ending put WifiLinkLayerStats QOE to map
12-04 16:32:23.153  1955  1955 I WifiHAL : Get link layer stats
12-04 16:32:23.153  1955  1955 I WifiHAL : GetLinkStatsCommand::create
12-04 16:32:23.153  1955  1955 D android.hardware.wifi@1.0-service-lazy: WifiRequest::create vendor command to iface 32, vendor_id=0x1a11, subcmd=0x1200, res=0
12-04 16:32:23.154  1955  1955 I android.hardware.wifi@1.0-service-lazy: WifiCommand::requestResponse err=-14
12-04 16:32:23.154  1955  1955 I WifiHAL : wifi_get_link_stats: result=-1
12-04 16:32:23.155  1639  3496 E WifiVendorHal: getWifiLinkLayerStats_1_5_Internal(l.1176) failed {.code = ERROR_UNKNOWN, .description = unknown}
12-04 16:32:23.672   876   937 I libPerfCtl: xgfGetFPS pid:2248 fps:-1
12-04 16:32:23.731  1955  1955 I WifiHAL : Get link layer stats
12-04 16:32:23.731  1955  1955 I WifiHAL : GetLinkStatsCommand::create
12-04 16:32:23.731  1955  1955 D android.hardware.wifi@1.0-service-lazy: WifiRequest::create vendor command to iface 32, vendor_id=0x1a11, subcmd=0x1200, res=0
12-04 16:32:23.731  1955  1955 I android.hardware.wifi@1.0-service-lazy: WifiCommand::requestResponse err=-14
12-04 16:32:23.731  1955  1955 I WifiHAL : wifi_get_link_stats: result=-1
12-04 16:32:23.732  1639  1846 E WifiVendorHal: getWifiLinkLayerStats_1_5_Internal(l.1176) failed {.code = ERROR_UNKNOWN, .description = unknown}
12-04 16:32:23.783  2248  2508 E gralloc4: Empty SMPTE 2094-40 data
12-04 16:32:23.797   952   952 I BufferQueueProducer: [StatusBar#89](this:0xb4000073199a08a8,id:-1,api:0,p:-1,c:952) queueBuffer: fps=0.61 dur=3271.42 max=3253.75 min=17.67
12-04 16:32:23.801   862   955 I hwcomposer: [HWCDisplay] [Display_0 (type:1)] fps:0.916803,dur:3272.24,max:3149.44,min:16.66  
12-04 16:32:23.802   952   952 I surfaceflinger: surfaceflinger setAffinity mode=0
12-04 16:32:23.899   862  1199 I hwcomposer: [HWC] (0)fire a callback of refresh to SF[4]  
12-04 16:32:23.921   952   952 E gralloc4: Empty SMPTE 2094-40 data
12-04 16:32:23.921   952   952 I BufferQueueProducer: [FramebufferSurface](this:0xb4000073e8dc76e0,id:-1,api:1,p:952,c:952) queueBuffer: fps=0.31 dur=3271.09 max=3271.09 min=3271.09
12-04 16:32:23.924   952   952 I surfaceflinger: surfaceflinger setAffinity mode=1
12-04 16:32:23.925   952   952 I surfaceflinger: surfaceflinger setreAffinity reTid=999
12-04 16:32:24.149  3597  7041 I NetworkSDKService: getQoEByAvailableIfaceName: wlan0
12-04 16:32:24.150  1639  3496 D MiuiWifiService: ending put WifiLinkLayerStats QOE to map
12-04 16:32:24.153  1955  1955 I WifiHAL : Get link layer stats
12-04 16:32:24.153  1955  1955 I WifiHAL : GetLinkStatsCommand::create
12-04 16:32:24.153  1955  1955 D android.hardware.wifi@1.0-service-lazy: WifiRequest::create vendor command to iface 32, vendor_id=0x1a11, subcmd=0x1200, res=0
12-04 16:32:24.154  1955  1955 I android.hardware.wifi@1.0-service-lazy: WifiCommand::requestResponse err=-14
12-04 16:32:24.154  1955  1955 I WifiHAL : wifi_get_link_stats: result=-1
12-04 16:32:24.155  1639  3496 E WifiVendorHal: getWifiLinkLayerStats_1_5_Internal(l.1176) failed {.code = ERROR_UNKNOWN, .description = unknown}
12-04 16:32:24.330  2243  2243 W Settings: Setting airplane_mode_on has moved from android.provider.Settings.System to android.provider.Settings.Global, returning read-only value.
12-04 16:32:24.335  2248  2532 D MobileStatusTracker(5): onSignalStrengthsChanged signalStrength=SignalStrength:{mCdma=CellSignalStrengthCdma: cdmaDbm=2147483647 cdmaEcio=2147483647 evdoDbm=2147483647 evdoEcio=2147483647 evdoSnr=2147483647 miuiLevel=0 mOptimizedLevel=0 level=0,mGsm=CellSignalStrengthGsm: rssi=2147483647 ber=2147483647 mTa=2147483647 miuiLevel=0 mOptimizedLevel=0 mLevel=0,mWcdma=CellSignalStrengthWcdma: ss=2147483647 ber=2147483647 rscp=2147483647 ecno=2147483647 miuiLevel=0 mOptimizedLevel=0 level=0,mTdscdma=CellSignalStrengthTdscdma: rssi=2147483647 ber=2147483647 rscp=2147483647 miuiLevel=0 mOptimizedLevel=0 level=0,mLte=CellSignalStrengthLte: rssi=2147483647 rsrp=-104 rsrq=-12 rssnr=3 cqiTableIndex=2147483647 cqi=0 ta=0 miuiLevel=4 mOptimizedLevel=0 level=3 parametersUseForLevel=0,mNr=CellSignalStrengthNr:{ csiRsrp = 2147483647 csiRsrq = 2147483647 csiCqiTableIndex = 2147483647 csiCqiReport = [] ssRsrp = 2147483647 ssRsrq = 2147483647 ssSinr = 2147483647 miuiLevel = 0 mOptimizedLevel = 0 level = 0 parametersUseForLevel = 0 },primary=CellSignalStrengthLte}, phoneId=1, mMtkLevel=0, mMtkRsrpOnly=false, mMtkLteRsrpThreshold=null, mMtkLteRssnrThreshold=null
12-04 16:32:24.522  2248  2508 E gralloc4: Empty SMPTE 2094-40 data
12-04 16:32:24.530   952   952 I surfaceflinger: surfaceflinger setAffinity mode=0
12-04 16:32:24.531  2248  2508 E gralloc4: Empty SMPTE 2094-40 data
12-04 16:32:24.615   862  1199 I hwcomposer: [HWC] (0)fire a callback of refresh to SF[4]  
12-04 16:32:24.639   952   952 E gralloc4: Empty SMPTE 2094-40 data
12-04 16:32:24.642   952   952 I surfaceflinger: surfaceflinger setAffinity mode=1
12-04 16:32:24.642   952   952 I surfaceflinger: surfaceflinger setreAffinity reTid=999
12-04 16:32:24.673   876   937 I libPerfCtl: xgfGetFPS pid:2248 fps:-1
12-04 16:32:25.150  3597  7041 I NetworkSDKService: getQoEByAvailableIfaceName: wlan0
12-04 16:32:25.151  1639  3496 D MiuiWifiService: ending put WifiLinkLayerStats QOE to map
12-04 16:32:25.153  1955  1955 I WifiHAL : Get link layer stats
12-04 16:32:25.153  1955  1955 I WifiHAL : GetLinkStatsCommand::create
12-04 16:32:25.154  1955  1955 D android.hardware.wifi@1.0-service-lazy: WifiRequest::create vendor command to iface 32, vendor_id=0x1a11, subcmd=0x1200, res=0
12-04 16:32:25.154  1955  1955 I android.hardware.wifi@1.0-service-lazy: WifiCommand::requestResponse err=-14
12-04 16:32:25.154  1955  1955 I WifiHAL : wifi_get_link_stats: result=-1
12-04 16:32:25.154  1639  3496 E WifiVendorHal: getWifiLinkLayerStats_1_5_Internal(l.1176) failed {.code = ERROR_UNKNOWN, .description = unknown}
12-04 16:32:25.184  1163  1177 E WifiStandalone: conditional wait timedout
12-04 16:32:25.188  1163  1177 E WifiStandalone: write_to_file write kernel_log error, errno = 9(Bad file descriptor)
12-04 16:32:25.673   876   937 I libPerfCtl: xgfGetFPS pid:2248 fps:-1
12-04 16:32:25.700  1243  1338 D AALLightSensor: oldLux=210 [SA:210 LA:210] newLux=210 (oriLux: 210)
12-04 16:32:25.763  1236  1236 I thermal_repeater: [recvMdThermalInfo] ret=26, strLen=127,  3, 33, -50, 197, 32767, 1
12-04 16:32:26.151  3597  7041 I NetworkSDKService: getQoEByAvailableIfaceName: wlan0
12-04 16:32:26.152  1639  3496 D MiuiWifiService: ending put WifiLinkLayerStats QOE to map
12-04 16:32:26.155  1955  1955 I WifiHAL : Get link layer stats
12-04 16:32:26.156  1955  1955 I WifiHAL : GetLinkStatsCommand::create
12-04 16:32:26.156  1955  1955 D android.hardware.wifi@1.0-service-lazy: WifiRequest::create vendor command to iface 32, vendor_id=0x1a11, subcmd=0x1200, res=0
12-04 16:32:26.156  1955  1955 I android.hardware.wifi@1.0-service-lazy: WifiCommand::requestResponse err=-14
12-04 16:32:26.156  1955  1955 I WifiHAL : wifi_get_link_stats: result=-1
12-04 16:32:26.157  1639  3496 E WifiVendorHal: getWifiLinkLayerStats_1_5_Internal(l.1176) failed {.code = ERROR_UNKNOWN, .description = unknown}
12-04 16:32:26.674   876   937 I libPerfCtl: xgfGetFPS pid:2248 fps:-1
12-04 16:32:26.767  1955  1955 I WifiHAL : Get link layer stats
12-04 16:32:26.767  1955  1955 I WifiHAL : GetLinkStatsCommand::create
12-04 16:32:26.767  1955  1955 D android.hardware.wifi@1.0-service-lazy: WifiRequest::create vendor command to iface 32, vendor_id=0x1a11, subcmd=0x1200, res=0
12-04 16:32:26.767  1955  1955 I android.hardware.wifi@1.0-service-lazy: WifiCommand::requestResponse err=-14
12-04 16:32:26.767  1955  1955 I WifiHAL : wifi_get_link_stats: result=-1
12-04 16:32:26.769  1639  1846 E WifiVendorHal: getWifiLinkLayerStats_1_5_Internal(l.1176) failed {.code = ERROR_UNKNOWN, .description = unknown}
12-04 16:32:26.823  2248  2508 E gralloc4: Empty SMPTE 2094-40 data
12-04 16:32:26.835   952   952 I BufferQueueProducer: [StatusBar#89](this:0xb4000073199a08a8,id:-1,api:0,p:-1,c:952) queueBuffer: fps=0.99 dur=3038.55 max=2288.98 min=19.52
12-04 16:32:26.839   862   955 I hwcomposer: [HWCDisplay] [Display_0 (type:1)] fps:1.645715,dur:3038.19,max:2199.14,min:19.87  
12-04 16:32:26.841   952   952 I surfaceflinger: surfaceflinger setAffinity mode=0
12-04 16:32:26.942  2243  2243 W Settings: Setting airplane_mode_on has moved from android.provider.Settings.System to android.provider.Settings.Global, returning read-only value.
12-04 16:32:26.943   862  1199 I hwcomposer: [HWC] (0)fire a callback of refresh to SF[4]  
12-04 16:32:26.948  2248  2532 D MobileStatusTracker(4): onSignalStrengthsChanged signalStrength=SignalStrength:{mCdma=CellSignalStrengthCdma: cdmaDbm=2147483647 cdmaEcio=2147483647 evdoDbm=2147483647 evdoEcio=2147483647 evdoSnr=2147483647 miuiLevel=0 mOptimizedLevel=0 level=0,mGsm=CellSignalStrengthGsm: rssi=2147483647 ber=2147483647 mTa=2147483647 miuiLevel=0 mOptimizedLevel=0 mLevel=0,mWcdma=CellSignalStrengthWcdma: ss=2147483647 ber=2147483647 rscp=2147483647 ecno=2147483647 miuiLevel=0 mOptimizedLevel=0 level=0,mTdscdma=CellSignalStrengthTdscdma: rssi=2147483647 ber=2147483647 rscp=2147483647 miuiLevel=0 mOptimizedLevel=0 level=0,mLte=CellSignalStrengthLte: rssi=2147483647 rsrp=-81 rsrq=-8 rssnr=17 cqiTableIndex=2147483647 cqi=0 ta=0 miuiLevel=5 mOptimizedLevel=0 level=4 parametersUseForLevel=0,mNr=CellSignalStrengthNr:{ csiRsrp = 2147483647 csiRsrq = 2147483647 csiCqiTableIndex = 2147483647 csiCqiReport = [] ssRsrp = 2147483647 ssRsrq = 2147483647 ssSinr = 2147483647 miuiLevel = 0 mOptimizedLevel = 0 level = 0 parametersUseForLevel = 0 },primary=CellSignalStrengthLte}, phoneId=0, mMtkLevel=0, mMtkRsrpOnly=false, mMtkLteRsrpThreshold=null, mMtkLteRssnrThreshold=null
12-04 16:32:26.960   952   952 E gralloc4: Empty SMPTE 2094-40 data
12-04 16:32:26.960   952   952 I BufferQueueProducer: [FramebufferSurface](this:0xb4000073e8dc76e0,id:-1,api:1,p:952,c:952) queueBuffer: fps=0.66 dur=3038.93 max=2321.21 min=717.72
12-04 16:32:26.963   952   952 I surfaceflinger: surfaceflinger setAffinity mode=1
12-04 16:32:26.964   952   952 I surfaceflinger: surfaceflinger setreAffinity reTid=999
12-04 16:32:27.152  3597  7041 I NetworkSDKService: getQoEByAvailableIfaceName: wlan0
12-04 16:32:27.153  1639  3496 D MiuiWifiService: ending put WifiLinkLayerStats QOE to map
12-04 16:32:27.155  1955  1955 I WifiHAL : Get link layer stats
12-04 16:32:27.155  1955  1955 I WifiHAL : GetLinkStatsCommand::create
12-04 16:32:27.155  1955  1955 D android.hardware.wifi@1.0-service-lazy: WifiRequest::create vendor command to iface 32, vendor_id=0x1a11, subcmd=0x1200, res=0
12-04 16:32:27.155  1955  1955 I android.hardware.wifi@1.0-service-lazy: WifiCommand::requestResponse err=-14
12-04 16:32:27.155  1955  1955 I WifiHAL : wifi_get_link_stats: result=-1
12-04 16:32:27.156  1639  3496 E WifiVendorHal: getWifiLinkLayerStats_1_5_Internal(l.1176) failed {.code = ERROR_UNKNOWN, .description = unknown}
12-04 16:32:27.674   876   937 I libPerfCtl: xgfGetFPS pid:2248 fps:-1
12-04 16:32:28.119   867   960 W AString : ctor got NULL, using empty string instead
12-04 16:32:28.120   867   960 I Gyroscope: write temp cali: [-357, -1442, -44, 23214, 72623, 1236]
12-04 16:32:28.121   867   960 W AString : ctor got NULL, using empty string instead
12-04 16:32:28.121   867   960 I Gyroscope: write bias: [0.000880, 0.001932, -0.000084]
12-04 16:32:28.151  3597  7120 E SLM-SRV-SLAService: readLine:
12-04 16:32:28.151  3597  7120 E SLM-SRV-SLAService: java.io.FileNotFoundException: /sys/class/thermal/thermal_message/balance_mode: open failed: ENOENT (No such file or directory)
12-04 16:32:28.151  3597  7120 E SLM-SRV-SLAService: 	at libcore.io.IoBridge.open(IoBridge.java:574)
12-04 16:32:28.151  3597  7120 E SLM-SRV-SLAService: 	at java.io.FileInputStream.<init>(FileInputStream.java:179)
12-04 16:32:28.151  3597  7120 E SLM-SRV-SLAService: 	at java.io.FileInputStream.<init>(FileInputStream.java:133)
12-04 16:32:28.151  3597  7120 E SLM-SRV-SLAService: 	at java.io.FileReader.<init>(FileReader.java:60)
12-04 16:32:28.151  3597  7120 E SLM-SRV-SLAService: 	at com.xiaomi.NetworkBoost.slaservice.SLAService.readLine(SLAService.java:1237)
12-04 16:32:28.151  3597  7120 E SLM-SRV-SLAService: 	at com.xiaomi.NetworkBoost.slaservice.SLAService.isPerformanceMode(SLAService.java:1262)
12-04 16:32:28.151  3597  7120 E SLM-SRV-SLAService: 	at com.xiaomi.NetworkBoost.slaservice.SLAService.checktemp(SLAService.java:1293)
12-04 16:32:28.151  3597  7120 E SLM-SRV-SLAService: 	at com.xiaomi.NetworkBoost.slaservice.SLAService.access$2500(SLAService.java:125)
12-04 16:32:28.151  3597  7120 E SLM-SRV-SLAService: 	at com.xiaomi.NetworkBoost.slaservice.SLAService$ThermalStateListener.onEvent(SLAService.java:1226)
12-04 16:32:28.151  3597  7120 E SLM-SRV-SLAService: 	at android.os.FileObserver$ObserverThread.onEvent(FileObserver.java:166)
12-04 16:32:28.151  3597  7120 E SLM-SRV-SLAService: 	at android.os.FileObserver$ObserverThread.observe(Native Method)
12-04 16:32:28.151  3597  7120 E SLM-SRV-SLAService: 	at android.os.FileObserver$ObserverThread.run(FileObserver.java:116)
12-04 16:32:28.151  3597  7120 E SLM-SRV-SLAService: Caused by: android.system.ErrnoException: open failed: ENOENT (No such file or directory)
12-04 16:32:28.151  3597  7120 E SLM-SRV-SLAService: 	at libcore.io.Linux.open(Native Method)
12-04 16:32:28.151  3597  7120 E SLM-SRV-SLAService: 	at libcore.io.ForwardingOs.open(ForwardingOs.java:568)
12-04 16:32:28.151  3597  7120 E SLM-SRV-SLAService: 	at libcore.io.BlockGuardOs.open(BlockGuardOs.java:274)
12-04 16:32:28.151  3597  7120 E SLM-SRV-SLAService: 	at libcore.io.ForwardingOs.open(ForwardingOs.java:568)
12-04 16:32:28.151  3597  7120 E SLM-SRV-SLAService: 	at android.app.ActivityThread$AndroidOs.open(ActivityThread.java:8108)
12-04 16:32:28.151  3597  7120 E SLM-SRV-SLAService: 	at libcore.io.IoBridge.open(IoBridge.java:560)
12-04 16:32:28.151  3597  7120 E SLM-SRV-SLAService: 	... 11 more
12-04 16:32:28.152  3597  7120 D SLM-SRV-SLAService: checktemp temperature = 37000 temperature_average = 37000 isPerformanceMode = false thermal_enable_slm = true
12-04 16:32:28.153  3597  7041 I NetworkSDKService: getQoEByAvailableIfaceName: wlan0
12-04 16:32:28.154  3597  7120 E SLM-SRV-SLAService: readLine:
12-04 16:32:28.154  3597  7120 E SLM-SRV-SLAService: java.io.FileNotFoundException: /sys/class/thermal/thermal_message/balance_mode: open failed: ENOENT (No such file or directory)
12-04 16:32:28.154  3597  7120 E SLM-SRV-SLAService: 	at libcore.io.IoBridge.open(IoBridge.java:574)
12-04 16:32:28.154  3597  7120 E SLM-SRV-SLAService: 	at java.io.FileInputStream.<init>(FileInputStream.java:179)
12-04 16:32:28.154  3597  7120 E SLM-SRV-SLAService: 	at java.io.FileInputStream.<init>(FileInputStream.java:133)
12-04 16:32:28.154  3597  7120 E SLM-SRV-SLAService: 	at java.io.FileReader.<init>(FileReader.java:60)
12-04 16:32:28.154  3597  7120 E SLM-SRV-SLAService: 	at com.xiaomi.NetworkBoost.slaservice.SLAService.readLine(SLAService.java:1237)
12-04 16:32:28.154  3597  7120 E SLM-SRV-SLAService: 	at com.xiaomi.NetworkBoost.slaservice.SLAService.isPerformanceMode(SLAService.java:1262)
12-04 16:32:28.154  3597  7120 E SLM-SRV-SLAService: 	at com.xiaomi.NetworkBoost.slaservice.SLAService.checktemp(SLAService.java:1294)
12-04 16:32:28.154  3597  7120 E SLM-SRV-SLAService: 	at com.xiaomi.NetworkBoost.slaservice.SLAService.access$2500(SLAService.java:125)
12-04 16:32:28.154  3597  7120 E SLM-SRV-SLAService: 	at com.xiaomi.NetworkBoost.slaservice.SLAService$ThermalStateListener.onEvent(SLAService.java:1226)
12-04 16:32:28.154  3597  7120 E SLM-SRV-SLAService: 	at android.os.FileObserver$ObserverThread.onEvent(FileObserver.java:166)
12-04 16:32:28.154  3597  7120 E SLM-SRV-SLAService: 	at android.os.FileObserver$ObserverThread.observe(Native Method)
12-04 16:32:28.154  3597  7120 E SLM-SRV-SLAService: 	at android.os.FileObserver$ObserverThread.run(FileObserver.java:116)
12-04 16:32:28.154  3597  7120 E SLM-SRV-SLAService: Caused by: android.system.ErrnoException: open failed: ENOENT (No such file or directory)
12-04 16:32:28.154  3597  7120 E SLM-SRV-SLAService: 	at libcore.io.Linux.open(Native Method)
12-04 16:32:28.154  3597  7120 E SLM-SRV-SLAService: 	at libcore.io.ForwardingOs.open(ForwardingOs.java:568)
12-04 16:32:28.154  3597  7120 E SLM-SRV-SLAService: 	at libcore.io.BlockGuardOs.open(BlockGuardOs.java:274)
12-04 16:32:28.154  3597  7120 E SLM-SRV-SLAService: 	at libcore.io.ForwardingOs.open(ForwardingOs.java:568)
12-04 16:32:28.154  3597  7120 E SLM-SRV-SLAService: 	at android.app.ActivityThread$AndroidOs.open(ActivityThread.java:8108)
12-04 16:32:28.154  3597  7120 E SLM-SRV-SLAService: 	at libcore.io.IoBridge.open(IoBridge.java:560)
12-04 16:32:28.154  3597  7120 E SLM-SRV-SLAService: 	... 11 more
12-04 16:32:28.154  1639  3496 D MiuiWifiService: ending put WifiLinkLayerStats QOE to map
12-04 16:32:28.157  1955  1955 I WifiHAL : Get link layer stats
12-04 16:32:28.157  1955  1955 I WifiHAL : GetLinkStatsCommand::create
12-04 16:32:28.157  1955  1955 D android.hardware.wifi@1.0-service-lazy: WifiRequest::create vendor command to iface 32, vendor_id=0x1a11, subcmd=0x1200, res=0
12-04 16:32:28.157  1955  1955 I android.hardware.wifi@1.0-service-lazy: WifiCommand::requestResponse err=-14
12-04 16:32:28.157  1955  1955 I WifiHAL : wifi_get_link_stats: result=-1
12-04 16:32:28.158  1639  3496 E WifiVendorHal: getWifiLinkLayerStats_1_5_Internal(l.1176) failed {.code = ERROR_UNKNOWN, .description = unknown}
12-04 16:32:28.675   876   937 I libPerfCtl: xgfGetFPS pid:2248 fps:-1
12-04 16:32:29.154  3597  7041 I NetworkSDKService: getQoEByAvailableIfaceName: wlan0
12-04 16:32:29.155  1639  3496 D MiuiWifiService: ending put WifiLinkLayerStats QOE to map
12-04 16:32:29.158  1955  1955 I WifiHAL : Get link layer stats
12-04 16:32:29.159  1955  1955 I WifiHAL : GetLinkStatsCommand::create
12-04 16:32:29.159  1955  1955 D android.hardware.wifi@1.0-service-lazy: WifiRequest::create vendor command to iface 32, vendor_id=0x1a11, subcmd=0x1200, res=0
12-04 16:32:29.160  1955  1955 I android.hardware.wifi@1.0-service-lazy: WifiCommand::requestResponse err=-14
12-04 16:32:29.160  1955  1955 I WifiHAL : wifi_get_link_stats: result=-1
12-04 16:32:29.161  1639  3496 E WifiVendorHal: getWifiLinkLayerStats_1_5_Internal(l.1176) failed {.code = ERROR_UNKNOWN, .description = unknown}
12-04 16:32:29.450  2243  2243 W Settings: Setting airplane_mode_on has moved from android.provider.Settings.System to android.provider.Settings.Global, returning read-only value.
12-04 16:32:29.455  2248  2532 D MobileStatusTracker(5): onSignalStrengthsChanged signalStrength=SignalStrength:{mCdma=CellSignalStrengthCdma: cdmaDbm=2147483647 cdmaEcio=2147483647 evdoDbm=2147483647 evdoEcio=2147483647 evdoSnr=2147483647 miuiLevel=0 mOptimizedLevel=0 level=0,mGsm=CellSignalStrengthGsm: rssi=2147483647 ber=2147483647 mTa=2147483647 miuiLevel=0 mOptimizedLevel=0 mLevel=0,mWcdma=CellSignalStrengthWcdma: ss=2147483647 ber=2147483647 rscp=2147483647 ecno=2147483647 miuiLevel=0 mOptimizedLevel=0 level=0,mTdscdma=CellSignalStrengthTdscdma: rssi=2147483647 ber=2147483647 rscp=2147483647 miuiLevel=0 mOptimizedLevel=0 level=0,mLte=CellSignalStrengthLte: rssi=2147483647 rsrp=-102 rsrq=-12 rssnr=4 cqiTableIndex=2147483647 cqi=0 ta=0 miuiLevel=4 mOptimizedLevel=0 level=3 parametersUseForLevel=0,mNr=CellSignalStrengthNr:{ csiRsrp = 2147483647 csiRsrq = 2147483647 csiCqiTableIndex = 2147483647 csiCqiReport = [] ssRsrp = 2147483647 ssRsrq = 2147483647 ssSinr = 2147483647 miuiLevel = 0 mOptimizedLevel = 0 level = 0 parametersUseForLevel = 0 },primary=CellSignalStrengthLte}, phoneId=1, mMtkLevel=0, mMtkRsrpOnly=false, mMtkLteRsrpThreshold=null, mMtkLteRssnrThreshold=null
12-04 16:32:29.675   876   937 I libPerfCtl: xgfGetFPS pid:2248 fps:-1
12-04 16:32:29.801  1955  1955 I WifiHAL : Get link layer stats
12-04 16:32:29.801  1955  1955 I WifiHAL : GetLinkStatsCommand::create
12-04 16:32:29.801  1955  1955 D android.hardware.wifi@1.0-service-lazy: WifiRequest::create vendor command to iface 32, vendor_id=0x1a11, subcmd=0x1200, res=0
12-04 16:32:29.801  1955  1955 I android.hardware.wifi@1.0-service-lazy: WifiCommand::requestResponse err=-14
12-04 16:32:29.801  1955  1955 I WifiHAL : wifi_get_link_stats: result=-1
12-04 16:32:29.803  1639  1846 E WifiVendorHal: getWifiLinkLayerStats_1_5_Internal(l.1176) failed {.code = ERROR_UNKNOWN, .description = unknown}
12-04 16:32:29.859  2248  2508 E gralloc4: Empty SMPTE 2094-40 data
12-04 16:32:29.874   952   952 I BufferQueueProducer: [StatusBar#89](this:0xb4000073199a08a8,id:-1,api:0,p:-1,c:952) queueBuffer: fps=0.33 dur=3038.98 max=3038.98 min=3038.98
12-04 16:32:29.878   862   955 I hwcomposer: [HWCDisplay] [Display_0 (type:1)] fps:0.658087,dur:3039.11,max:2916.97,min:122.15  
12-04 16:32:29.880   952   952 I surfaceflinger: surfaceflinger setAffinity mode=0
12-04 16:32:29.979   862  1199 I hwcomposer: [HWC] (0)fire a callback of refresh to SF[4]  
12-04 16:32:29.999   952   952 E gralloc4: Empty SMPTE 2094-40 data
12-04 16:32:30.000   952   952 I BufferQueueProducer: [FramebufferSurface](this:0xb4000073e8dc76e0,id:-1,api:1,p:952,c:952) queueBuffer: fps=0.33 dur=3039.19 max=3039.19 min=3039.19
12-04 16:32:30.002   952   952 I surfaceflinger: surfaceflinger setAffinity mode=1
12-04 16:32:30.003   952   952 I surfaceflinger: surfaceflinger setreAffinity reTid=999
12-04 16:32:30.156  3597  7041 I NetworkSDKService: getQoEByAvailableIfaceName: wlan0
12-04 16:32:30.157  1639  3496 D MiuiWifiService: ending put WifiLinkLayerStats QOE to map
12-04 16:32:30.160  1955  1955 I WifiHAL : Get link layer stats
12-04 16:32:30.160  1955  1955 I WifiHAL : GetLinkStatsCommand::create
12-04 16:32:30.160  1955  1955 D android.hardware.wifi@1.0-service-lazy: WifiRequest::create vendor command to iface 32, vendor_id=0x1a11, subcmd=0x1200, res=0
12-04 16:32:30.160  1955  1955 I android.hardware.wifi@1.0-service-lazy: WifiCommand::requestResponse err=-14
12-04 16:32:30.160  1955  1955 I WifiHAL : wifi_get_link_stats: result=-1
12-04 16:32:30.161  1639  3496 E WifiVendorHal: getWifiLinkLayerStats_1_5_Internal(l.1176) failed {.code = ERROR_UNKNOWN, .description = unknown}
12-04 16:32:30.358  1639  3496 I ActivityManager: Force stopping io.nekohasekai.sagernet appid=10262 user=0: from process:8948
12-04 16:32:30.359  1639  1902 E ProcessManager: error write exception log
12-04 16:32:30.359  1639  1902 E ProcessManager: error write exception log
12-04 16:32:30.360  1639  3496 D AutoStartManagerService: prepare force stop p:8231 s: 19
12-04 16:32:30.360  1639  3496 I Process : Sending signal. PID: 8231 SIG: 19
12-04 16:32:30.361  1639  3496 D AutoStartManagerService: prepare force stop p:8452 s: 19
12-04 16:32:30.361  1639  3496 I Process : Sending signal. PID: 8452 SIG: 19
12-04 16:32:30.362  1639  3496 I SmartPower.io.nekohasekai.sagernet/10262(8231): visible->died(195006ms) R(process died ) adj=0.
12-04 16:32:30.362  1639  1914 I SmartPower: io.nekohasekai.sagernet/10262 state=foreground adj=250 proc size=2 move to background process died 
12-04 16:32:30.362  1639  3496 I ActivityManager: Killing 8231:io.nekohasekai.sagernet/u0a262 (adj 0): stop io.nekohasekai.sagernet due to from process:8948
12-04 16:32:30.365  1639  3496 I mtkpower_client: [Legacy][PowerHal_Wrap_notifyAppState] io.nekohasekai.sagernet/io.nekohasekai.sagernet pid=8231 state:3
12-04 16:32:30.365  1639  3496 I game_scn: collectForegroundAppList packName=io.nekohasekai.sagernet, actName=io.nekohasekai.sagernet, pid=8231, uid=10262, state:DEAD
12-04 16:32:30.365  4884  9528 I com.xiaomi.xmsf: oneway function results for code 3 on binder at 0xb4000075b6ebe080 will be dropped but finished with status UNKNOWN_TRANSACTION
12-04 16:32:30.365  1639  3496 W ActivityTaskManager: Force removing ActivityRecord{b69923b u0 io.nekohasekai.sagernet/.ui.LoginActivity} t4418 f}}: app died, no saved state
12-04 16:32:30.365   876   957 I libPowerHal: [perfNotifyAppState] pack:io.nekohasekai.sagernet, act:io.nekohasekai.sagernet, state:3, pid:8231, uid:10262, fps:-1
12-04 16:32:30.365   876   957 I libPowerHal: [perfNotifyAppState] pack:io.nekohasekai.sagernet, pid:8231, STATE_DEAD
12-04 16:32:30.365   876   957 D RilUtility: notify_rild_crash_pid_set certPid:-1, crash:8231, scn:0x0
12-04 16:32:30.365 28114 28122 I .xiaomi.mipicks: oneway function results for code 3 on binder at 0xb400007622e45640 will be dropped but finished with status UNKNOWN_TRANSACTION
12-04 16:32:30.367  1639  3496 W WindowManager: Changing focus from Window{4064fbc u0 io.nekohasekai.sagernet/io.nekohasekai.sagernet.ui.LoginActivity} to null displayId=0 Callers=com.android.server.wm.RootWindowContainer.updateFocusedWindowLocked:518 com.android.server.wm.WindowManagerService.updateFocusedWindowLocked:6466 com.android.server.wm.ActivityRecord.commitVisibility:5859 com.android.server.wm.ActivityRecord.commitVisibility:5870 
12-04 16:32:30.368  1639  3496 D WindowManager: Input focus has changed to null display=0 updateInputWindows = false
12-04 16:32:30.369  1639  1688 I libprocessgroup: Successfully killed process cgroup uid 10262 pid 8231 in 5ms
12-04 16:32:30.373  1639  3496 W InputManager-JNI: Input channel object '4064fbc io.nekohasekai.sagernet/io.nekohasekai.sagernet.ui.LoginActivity (client)' was disposed without first being removed with the input manager!
12-04 16:32:30.374  1639  3496 D WindowManager: setParent old=ActivityRecord{b69923b u0 io.nekohasekai.sagernet/.ui.LoginActivity} t4418 f}},new=null,this window=Window{4064fbc u0 io.nekohasekai.sagernet/io.nekohasekai.sagernet.ui.LoginActivity},callers=com.android.server.wm.WindowContainer.removeChild:820 com.android.server.wm.ActivityRecord.removeChild:4731 com.android.server.wm.ActivityRecord.removeChild:424 com.android.server.wm.WindowContainer.removeImmediately:881 com.android.server.wm.WindowState.removeImmediately:2660 com.android.server.wm.WindowState.removeIfPossible:2859 
12-04 16:32:30.376   952   952 I surfaceflinger: surfaceflinger setAffinity mode=0
