12-04 16:32:30.379  1639  3496 D WindowManager: setParent old=Task{6dadf96 #4418 type=standard A=10262:io.nekohasekai.sagernet U=0 visible=false visibleRequested=false mode=fullscreen translucent=true sz=0},new=null,this window=ActivityRecord{b69923b u0 io.nekohasekai.sagernet/.ui.LoginActivity} t4418 f}},callers=com.android.server.wm.WindowContainer.removeChild:820 com.android.server.wm.TaskFragment.removeChild:2722 com.android.server.wm.Task.removeChild:1617 com.android.server.wm.Task.removeChild:1598 com.android.server.wm.WindowContainer.removeImmediately:881 com.android.server.wm.WindowToken.removeImmediately:369 
12-04 16:32:30.381  1639  3496 D WindowManager: setParent old=DefaultTaskDisplayArea@42185115,new=null,this window=Task{6dadf96 #4418 type=standard A=10262:io.nekohasekai.sagernet U=0 visible=true visibleRequested=false mode=fullscreen translucent=true sz=0},callers=com.android.server.wm.WindowContainer.removeChild:820 com.android.server.wm.TaskDisplayArea.removeChildTask:366 com.android.server.wm.TaskDisplayArea.removeChild:357 com.android.server.wm.WindowContainer.removeImmediately:881 com.android.server.wm.TaskFragment.removeImmediately:2802 com.android.server.wm.Task.removeImmediately:3019 
12-04 16:32:30.382  1639  3496 D PerfMTKStubImpl: perfLockAcquire
12-04 16:32:30.382  1639  3496 I mtkpower_client: perf_lock_acq, hdl:39192, dur:400, num:10, tid:3496
12-04 16:32:30.383  1639  3496 I mtkpower_client: ret_hdl:39196
12-04 16:32:30.383   876   957 I libPowerHal: [perfLockAcq] idx:0 hdl:39196 hint:-1 pid:1639 duration:400 lock_user:system_server => ret_hdl:39196
12-04 16:32:30.383   876   957 I libPowerHal: system_server: set gpu opp level: 0
12-04 16:32:30.383   876   957 I libPowerHal: system_server: set gpu opp level max: 0
12-04 16:32:30.384   876   957 I libPowerHal: system_server: cpu_ctrl set cpu freq: 2000000 -1 2050000 -1
12-04 16:32:30.385  1639  3496 I PowerHalWrapper: amsBoostNotify pid:2262,activity:com.miui.home.launcher.Launcher, package:com.miui.home, mProcessCreatePacknull 
12-04 16:32:30.385  1639  3496 I PowerHalWrapper: state: 1 
12-04 16:32:30.385   876   957 I libPowerHal: [PE] system_server update cmd:1000000, param:0
12-04 16:32:30.385  1639  3496 I mtkpower_client: [Legacy][PowerHal_Wrap_notifyAppState] com.miui.home/com.miui.home.launcher.Launcher pid=2262 state:1
12-04 16:32:30.385   876   957 I libPowerHal: [PE] system_server update cmd:1000000 param:0
12-04 16:32:30.385  1639  3496 I game_scn: collectForegroundAppList packName=com.miui.home, actName=com.miui.home.launcher.Launcher, pid=2262, uid=10167, state:RESUMED
12-04 16:32:30.385  1639  3496 I PowerHalWrapper: amsBoostNotify AMS_BOOST_PROCESS_CREATE_BOOST:true 
12-04 16:32:30.385   876   957 I libPowerHal: [perfNotifyAppState] pack:com.miui.home, act:com.miui.home.launcher.Launcher, state:1, pid:2262, uid:10167, fps:-1
12-04 16:32:30.385   876   957 I libPowerHal: [perfNotifyAppState] foreground:com.miui.home, pid:2262, uid:10167
12-04 16:32:30.385  1639  3496 I SmartPower.io.nekohasekai.sagernet:bg/10262(8452): invisible->background(194111ms) R(become background) adj=250.
12-04 16:32:30.385   876   957 I UxUtility: notifyForegroundApp pack:com.miui.home, uid:10167
12-04 16:32:30.385   876   957 I TouchUtility: notifyAppState error = NULL
12-04 16:32:30.385  1639  1914 I SmartPower: io.nekohasekai.sagernet/10262 state=background adj=250 proc size=2 move to inactive become background
12-04 16:32:30.385   876   900 I mtkpower@impl: [notifyAppState] pc:0, io.nekohasekai.sagernet => com.miui.home
12-04 16:32:30.387  1639  3496 I SmartPower.com.miui.home/10167(2262): idle->invisible(192030ms) R(become foreground) adj=100.
12-04 16:32:30.387  1639  1914 I SmartPower: com.miui.home/10167 state=hibernation adj=100 proc size=1 move to background become foreground
12-04 16:32:30.387  1639  1914 I SmartPower.com.google.android.googlequicksearchbox:googleapp/10159(13103): idle->background(192718ms) R(add to whitelist) adj=800.
12-04 16:32:30.387  1639  1914 I SmartPower: com.google.android.googlequicksearchbox/10159 state=hibernation adj=100 proc size=3 move to hibernation add to whitelist
12-04 16:32:30.388  1639  3496 W WindowManager: Execute app transition: mNextAppTransitionRequests=[TRANSIT_OPEN], mNextAppTransitionFlags=, displayId: 0 Callers=com.android.server.wm.RootWindowContainer.executeAppTransitionForAllDisplay:2262 com.android.server.wm.ActivityTaskSupervisor.reportResumedActivityLocked:1992 com.android.server.wm.ActivityRecord.completeResumeLocked:6633 com.android.server.wm.TaskFragment.resumeTopActivity:1626 com.android.server.wm.Task.resumeTopActivityInnerLocked:5684 
12-04 16:32:30.389  1639  3496 W ActivityTaskManager: Can't find TaskDisplayArea to determine support for multi window. Task id=4418 attached=false
12-04 16:32:30.389  2262  2262 D Launcher.Lifecycle: onStart:UserHandle{0},fc2193c,false
12-04 16:32:30.390  2262  8262 D RecentsModel: onTaskStackChangedBackground
12-04 16:32:30.390  2262  8262 D EventBus: No subscribers registered for event class com.miui.home.recents.messages.RecentTasksChangedEvent
12-04 16:32:30.390  2262  8261 D RecentsModel: onTaskStackChangedBackground
12-04 16:32:30.390  2262  8262 D EventBus: No subscribers registered for event class org.greenrobot.eventbus.NoSubscriberEvent
12-04 16:32:30.390  2262  8261 D EventBus: No subscribers registered for event class com.miui.home.recents.messages.RecentTasksChangedEvent
12-04 16:32:30.391  2262  8261 D EventBus: No subscribers registered for event class org.greenrobot.eventbus.NoSubscriberEvent
12-04 16:32:30.391  2262  2748 D RecentsModel: onTaskStackChangedBackground    MSG_TASK_STACK_CHANGE
12-04 16:32:30.391  2262  2748 D RecentsModel: preloadRecents
12-04 16:32:30.391  1639  1902 D CameraBlackCoveredManager: mForegroundPackage = com.miui.home mOccupiedPackage = com.android.camera
12-04 16:32:30.391  3745  3801 I ProcessMonitor: onForegroundInfoChanged: ForegroundInfo{mForegroundPackageName='com.miui.home', mForegroundUid=10167, mForegroundPid=2262, mLastForegroundPackageName='io.nekohasekai.sagernet', mLastForegroundUid=10262, mLastForegroundPid=8231, mMultiWindowForegroundPackageName='com.miui.home', mMultiWindowForegroundUid=10167, mFlags=0}
12-04 16:32:30.392  7114  4720 I GST     : forePkg: com.miui.home, preForePkg: io.nekohasekai.sagernet
12-04 16:32:30.392  1639  3496 I SmartPower.io.nekohasekai.sagernet:bg/10262(8452): background->died(7ms) R(process died ) adj=250.
12-04 16:32:30.392  3597  3607 I NetworkBoostStatusManager: onForegroundInfoChanged uid:10167, isColdStart:false
12-04 16:32:30.392  6046  7422 D PerfEngineController: ForegroundInfo{mForegroundPackageName='com.miui.home', mForegroundUid=10167, mForegroundPid=2262, mLastForegroundPackageName='io.nekohasekai.sagernet', mLastForegroundUid=10262, mLastForegroundPid=8231, mMultiWindowForegroundPackageName='com.miui.home', mMultiWindowForegroundUid=10167, mFlags=0}
12-04 16:32:30.392  3597  3607 I SLM-SRV-SLAToast: foreground uid:10167, isColdStart:false, isLinkTurboEnable:false
12-04 16:32:30.391  2262  2748 W RecentsModel: getRunningTask
12-04 16:32:30.392   952  2908 I SurfaceFlinger: setTransactionState focusRequest transactionId:7039451952777 frontWin:<null>
12-04 16:32:30.393  2262 25428 D RecentsModel: onTaskStackChangedBackground
12-04 16:32:30.393  2262 25428 D EventBus: No subscribers registered for event class com.miui.home.recents.messages.RecentTasksChangedEvent
12-04 16:32:30.393  2262 25428 D EventBus: No subscribers registered for event class org.greenrobot.eventbus.NoSubscriberEvent
12-04 16:32:30.393  3597  3607 I NetworkBoostStatusManager: onUidGone uid: 10262
12-04 16:32:30.393  2262  8261 D AppObserver: ForegroundInfo{mForegroundPackageName='com.miui.home', mForegroundUid=10167, mForegroundPid=2262, mLastForegroundPackageName='io.nekohasekai.sagernet', mLastForegroundUid=10262, mLastForegroundPid=8231, mMultiWindowForegroundPackageName='com.miui.home', mMultiWindowForegroundUid=10167, mFlags=0}
12-04 16:32:30.393  1639  3496 I ActivityManager: Killing 8452:io.nekohasekai.sagernet:bg/u0a262 (adj 250): stop io.nekohasekai.sagernet due to from process:8948
12-04 16:32:30.393  3745  3801 I GameBoosterService: onForegroundInfoChanged: Cur=com.miui.home	 last=io.nekohasekai.sagernet
12-04 16:32:30.395 28114 28122 I .xiaomi.mipicks: oneway function results for code 3 on binder at 0xb400007622e45640 will be dropped but finished with status UNKNOWN_TRANSACTION
12-04 16:32:30.395  1639  3496 I mtkpower_client: [Legacy][PowerHal_Wrap_notifyAppState] io.nekohasekai.sagernet/io.nekohasekai.sagernet pid=8452 state:3
12-04 16:32:30.395  1639  3496 I game_scn: collectForegroundAppList packName=io.nekohasekai.sagernet, actName=io.nekohasekai.sagernet, pid=8452, uid=10262, state:DEAD
12-04 16:32:30.395  4884  9528 I com.xiaomi.xmsf: oneway function results for code 3 on binder at 0xb4000075b6ebe080 will be dropped but finished with status UNKNOWN_TRANSACTION
12-04 16:32:30.395  2262  2748 W RecentsModel: getRunningTask   taskInfo=TaskInfo{userId=0 taskId=2 displayId=0 isRunning=true baseIntent=Intent { act=android.intent.action.MAIN cat=[android.intent.category.HOME] flg=0x10800100 cmp=com.miui.home/.launcher.Launcher } baseActivity=ComponentInfo{com.miui.home/com.miui.home.launcher.Launcher} topActivity=ComponentInfo{com.miui.home/com.miui.home.launcher.Launcher} origActivity=null realActivity=ComponentInfo{com.miui.home/com.miui.home.launcher.Launcher} numActivities=1 lastActiveTime=112703888 supportsSplitScreenMultiWindow=true supportsMultiWindow=true resizeMode=2 isResizeable=true minWidth=-1 minHeight=-1 defaultMinSize=200 token=WCT{android.window.IWindowContainerToken$Stub$Proxy@5f22bee} topActivityType=2 pictureInPictureParams=null shouldDockBigOverlays=false launchIntoPipHostTaskId=0 displayCutoutSafeInsets=null topActivityInfo=ActivityInfo{993688f com.miui.home.launcher.Launcher} launchCookies=[] positionInParent=Point(0, 0) parentTaskId=-1 isFocused=true isVisible=false isSleeping=false topActivityInSizeCompat=false topActivityInMiuiSizeCompat=false topActivityEligibleForLetterboxEducation= false locusId=null displayAreaFeatureId=1 cameraCompatControlState=hidden mIsCastMode=false}
12-04 16:32:30.395  2262  2748 W RecentsModel: getTaskInfoIgnoreHomeAndFreeform   taskInfo=ComponentInfo{com.miui.home/com.miui.home.launcher.Launcher}
12-04 16:32:30.395   876   957 I libPowerHal: [perfNotifyAppState] pack:io.nekohasekai.sagernet, act:io.nekohasekai.sagernet, state:3, pid:8452, uid:10262, fps:-1
12-04 16:32:30.395   876   957 I libPowerHal: [perfNotifyAppState] pack:io.nekohasekai.sagernet, pid:8452, STATE_DEAD
12-04 16:32:30.395   876   957 D RilUtility: notify_rild_crash_pid_set certPid:-1, crash:8452, scn:0x0
12-04 16:32:30.396  2262  2748 E ActivityManagerWrapper: get all recent tasks force including 2
12-04 16:32:30.394  3745  3801 D GameBoosterService: onGameStatusChange foreground:ForegroundInfo{mForegroundPackageName='com.miui.home', mForegroundUid=10167, mForegroundPid=2262, mLastForegroundPackageName='io.nekohasekai.sagernet', mLastForegroundUid=10262, mLastForegroundPid=8231, mMultiWindowForegroundPackageName='com.miui.home', mMultiWindowForegroundUid=10167, mFlags=0}
12-04 16:32:30.396  3745  3801 I VideoBoxUtils: isSupportVideoBox: false
12-04 16:32:30.396  1639  1692 W libprocessgroup: Failed to open /dev/blkio//cgroup.procs: No such file or directory
12-04 16:32:30.397  3745  3801 I VideoToolBoxService: splitMode: onfalse
12-04 16:32:30.397  1639  1845 I MiuiNetworkPolicy: removeUidState uid = 10262
12-04 16:32:30.398  6046  6435 I ThermalInfoCollector: collectForgroundAppsInfo: io.nekohasekai.sagernet
12-04 16:32:30.398  1639  1914 I SmartPower: io.nekohasekai.sagernet/10262 state=inactive adj=250 proc size=2 move to died process died 
12-04 16:32:30.394  6046  6046 W ThermalInfoColl: type=1400 audit(0.0:438680): avc: denied { read } for name="charge_counter" dev="sysfs" ino=42410 scontext=u:r:system_app:s0 tcontext=u:object_r:sysfs_batteryinfo:s0 tclass=file permissive=0
12-04 16:32:30.398  6046  6435 E ThermalInfoUtils: getCurrentCapacity Exceptionjava.io.FileNotFoundException: /sys/class/power_supply/battery/charge_counter: open failed: EACCES (Permission denied)
12-04 16:32:30.399  1639  3496 W ProcessStats: Tracking association SourceState{e037d49 system/1000 BTopFgs #280731} whose proc state 2 is better than process ProcessState{2020c77 com.google.android.gms.persistent/10153 pkg=com.google.android.gms} proc state 3 (7 skipped)
12-04 16:32:30.399  1639  1845 I MiuiNetworkPolicy: updateUidState uid = 99108, uidState = 4
12-04 16:32:30.400  1639  3496 W WindowManager: Execute app transition: mNextAppTransitionRequests=[TRANSIT_OPEN], mNextAppTransitionFlags=, displayId: 0 Callers=com.android.server.wm.Task.executeAppTransition:6846 com.android.server.wm.RootWindowContainer.lambda$resumeFocusedTasksTopActivities$18:2400 com.android.server.wm.RootWindowContainer$$ExternalSyntheticLambda17.accept:15 com.android.server.wm.Task.forAllRootTasks:3633 com.android.server.wm.WindowContainer.forAllRootTasks:2119 
12-04 16:32:30.400  1639  3496 W WindowManager: Execute app transition: mNextAppTransitionRequests=[TRANSIT_OPEN], mNextAppTransitionFlags=, displayId: 0 Callers=com.android.server.wm.Task.executeAppTransition:6846 com.android.server.wm.TaskFragment.resumeTopActivity:1212 com.android.server.wm.Task.resumeTopActivityInnerLocked:5684 com.android.server.wm.Task.resumeTopActivityUncheckedLocked:5613 com.android.server.wm.Task.resumeTopActivityUncheckedLocked:5633 
12-04 16:32:30.400  2262  2748 E ActivityManagerWrapper: getRecentTasks: size=2
12-04 16:32:30.400  3745  3801 D FreeformUtil: retrieveFirstNoFreeformRootTaskInfo: windowMode = 1
12-04 16:32:30.400  2262  2748 E ActivityManagerWrapper: getRecentTasks: mainTaskId=4418   userId=0   baseIntent=Intent { act=null flag=268435456 cmp=ComponentInfo{io.nekohasekai.sagernet/io.nekohasekai.sagernet.ui.LoginActivity} }
12-04 16:32:30.400  2262  2748 E ActivityManagerWrapper: getRecentTasks: mainTaskId=4416   userId=0   baseIntent=Intent { act=android.settings.APPLICATION_DEVELOPMENT_SETTINGS flag=805306368 cmp=ComponentInfo{com.android.settings/com.android.settings.Settings$DevelopmentSettingsDashboardActivity} }
12-04 16:32:30.401  3745  3801 I VideoToolBoxService: not support vtb. skipExit : false
12-04 16:32:30.402  1639  3496 W ActivityManager: Invalid packageName: io.nekohasekai.sagernet
12-04 16:32:30.403  1639  1845 I MiuiNetworkPolicy: updateUidState uid = 10216, uidState = 3
12-04 16:32:30.403  1639  1845 I MiuiNetworkPolicy: updateUidState uid = 10167, uidState = 2
12-04 16:32:30.403  1639  1845 I MiuiNetworkPolicy: updateUidState uid = 10153, uidState = 4
12-04 16:32:30.407  1995  1995 I MiuiWallpaper-MiuiWallpaperManagerService: receive broadcast action = android.intent.action.PACKAGE_RESTARTED
12-04 16:32:30.408  2262  2748 D RecentsModel: onTaskStackChangedBackground    MSG_TASK_STACK_CHANGE
12-04 16:32:30.408  2262  2748 D RecentsModel: preloadRecents
12-04 16:32:30.408  2262  2748 W RecentsModel: getRunningTask
12-04 16:32:30.408  2243  2243 D CarrierSvcBindHelper: onHandleForceStop: [io.nekohasekai.sagernet]
12-04 16:32:30.409  1639  3497 W ActivityManager: Sending non-protected broadcast thermalManagerCurrentActivity from system 6046:com.miui.powerkeeper/1000 pkg com.miui.powerkeeper. Callers=
12-04 16:32:30.409  2243  2243 D CarrierSvcBindHelper: No carrier app for: 0
12-04 16:32:30.409  1639  3497 W ActivityManager: Sending non-protected broadcast thermalManagerCurrentActivity from system 6046:com.miui.powerkeeper/1000 pkg com.miui.powerkeeper. Callers=
12-04 16:32:30.410  2262  2748 W RecentsModel: getRunningTask   taskInfo=TaskInfo{userId=0 taskId=2 displayId=0 isRunning=true baseIntent=Intent { act=android.intent.action.MAIN cat=[android.intent.category.HOME] flg=0x10800100 cmp=com.miui.home/.launcher.Launcher } baseActivity=ComponentInfo{com.miui.home/com.miui.home.launcher.Launcher} topActivity=ComponentInfo{com.miui.home/com.miui.home.launcher.Launcher} origActivity=null realActivity=ComponentInfo{com.miui.home/com.miui.home.launcher.Launcher} numActivities=1 lastActiveTime=112703903 supportsSplitScreenMultiWindow=true supportsMultiWindow=true resizeMode=2 isResizeable=true minWidth=-1 minHeight=-1 defaultMinSize=200 token=WCT{android.window.IWindowContainerToken$Stub$Proxy@b39471c} topActivityType=2 pictureInPictureParams=null shouldDockBigOverlays=false launchIntoPipHostTaskId=0 displayCutoutSafeInsets=null topActivityInfo=ActivityInfo{6b5ff25 com.miui.home.launcher.Launcher} launchCookies=[] positionInParent=Point(0, 0) parentTaskId=-1 isFocused=true isVisible=false isSleeping=false topActivityInSizeCompat=false topActivityInMiuiSizeCompat=false topActivityEligibleForLetterboxEducation= false locusId=null displayAreaFeatureId=1 cameraCompatControlState=hidden mIsCastMode=false}
12-04 16:32:30.410  2262  2748 W RecentsModel: getTaskInfoIgnoreHomeAndFreeform   taskInfo=ComponentInfo{com.miui.home/com.miui.home.launcher.Launcher}
12-04 16:32:30.411  6046  6719 D ThermalIECHandler: IECAll48Allowed: false; IECMonitorAllowed: false; IECTestState: false
12-04 16:32:30.411   952   952 I SurfaceFlinger: transactionIsReadyToBeApplied focusRequest transactionId:7039451952777
12-04 16:32:30.412  2262  2748 E ActivityManagerWrapper: get all recent tasks force including 2
12-04 16:32:30.413  1639  1692 W libprocessgroup: Failed to open /dev/blkio//cgroup.procs: No such file or directory
12-04 16:32:30.413  2243  2243 D CarrierSvcBindHelper: No carrier app for: 1
12-04 16:32:30.416  2262  2748 E ActivityManagerWrapper: getRecentTasks: size=2
12-04 16:32:30.416  2262  2748 E ActivityManagerWrapper: getRecentTasks: mainTaskId=4418   userId=0   baseIntent=Intent { act=null flag=268435456 cmp=ComponentInfo{io.nekohasekai.sagernet/io.nekohasekai.sagernet.ui.LoginActivity} }
12-04 16:32:30.416  2262  2748 E ActivityManagerWrapper: getRecentTasks: mainTaskId=4416   userId=0   baseIntent=Intent { act=android.settings.APPLICATION_DEVELOPMENT_SETTINGS flag=805306368 cmp=ComponentInfo{com.android.settings/com.android.settings.Settings$DevelopmentSettingsDashboardActivity} }
12-04 16:32:30.417  1639  1845 I MiuiNetworkPolicy: updateUidState uid = 10159, uidState = 3
12-04 16:32:30.417  1639  1845 I MiuiNetworkPolicy: updateUidState uid = 10153, uidState = 3
12-04 16:32:30.422   876   876 W mtkPowerService: type=1400 audit(0.0:438681): avc: denied { getattr } for path="/proc/1161" dev="proc" ino=8674785 scontext=u:r:mtk_hal_power:s0 tcontext=u:r:miuibooster:s0 tclass=dir permissive=0
12-04 16:32:30.422   876   876 W mtkPowerService: type=1400 audit(0.0:438682): avc: denied { search } for name="1161" dev="proc" ino=8674785 scontext=u:r:mtk_hal_power:s0 tcontext=u:r:miuibooster:s0 tclass=dir permissive=0
12-04 16:32:30.419 16139  8947 E adbd    : error reading output FD 41: Connection reset by peer
12-04 16:32:30.419 13103 13103 I booi    : onStart
12-04 16:32:30.422  2248  2248 D NotifBadge: recevie broadbcast ACTION_APPLICATION_MESSAGE_QUERY, requestFirstTime=false
12-04 16:32:30.422  2262  2262 D Launcher.Lifecycle: onResume:UserHandle{0},fc2193c,false
12-04 16:32:30.422  2262  2262 W Settings: Setting device_provisioned has moved from android.provider.Settings.Secure to android.provider.Settings.Global.
12-04 16:32:30.422  2262  2414 D MiBridge: requestCpuHighFreq---- uid: 10167 level: 1 timeoutms:500
12-04 16:32:30.423  1161  1181 W MiuiBooster: "MiuiBoosterService requestCpuHighFreq: 10167, 1, 500"
12-04 16:32:30.423  1161  1181 W MiuiBooster: "requestCpuHighFreq,final level:1,final timeoutms:500"
12-04 16:32:30.423  1161  1181 W MiuiBooster: "perf_hint_hc start"
12-04 16:32:30.423   876   900 E libPowerHal: Could not open '/proc/1161/comm'
12-04 16:32:30.423  6046  6400 E FileUtils: err open mi_exception_log errno=2
12-04 16:32:30.423  6046  6400 E FileUtils: err write to mi_exception_log
12-04 16:32:30.424   876   957 I libPowerHal: [perfLockAcq] idx:1 hdl:39197 hint:-1 pid:1161 duration:500 lock_user: => ret_hdl:39197
12-04 16:32:30.424  1161  1181 W MiuiBooster: "perf_handle:39197"
12-04 16:32:30.425  2262  2414 D MiBridge: requestCpuHighFreq handle: 1
12-04 16:32:30.425  2262  2414 D Launcher_CPUBooster: boostCpuToMax:0
12-04 16:32:30.425 16139 16139 I adbd    : Remote process closed the socket (on MSG_PEEK)
12-04 16:32:30.425   952  2908 I ClientCache: removeProcess: Cache owner=0xb400007313275800
12-04 16:32:30.425   952  2908 D SurfaceFlinger: [SF client] REMOVE (0xb40000731930e0a0) for (8231:io.nekohasekai.sagernet)
12-04 16:32:30.426  1639  1659 W WindowManager: Cannot find window which accessibility connection is added to
12-04 16:32:30.427  1639  1668 W ActivityManager: setHasOverlayUi called on unknown pid: 8231
12-04 16:32:30.428  2262  2262 D Launcher.FullbackHome: FallbackHomeCompat::needKillSelf::needKillSelf = false
12-04 16:32:30.429   845   845 I Zygote  : Process 8231 exited due to signal 9 (Killed)
12-04 16:32:30.429  2262  2262 D Launcher_UnlockAnimationStateMachine: onResume = IDLE
12-04 16:32:30.429 13103 13103 I booi    : onResume
12-04 16:32:30.429  1639  1688 E FileUtils: err open mi_exception_log errno=2
12-04 16:32:30.429  1639  1688 E FileUtils: err write to mi_exception_log
12-04 16:32:30.429  2262  2262 D FinderSdkApi: Finder config support: false
12-04 16:32:30.429  2262  2262 I Launcher: changeMIUIWidgetEditMode false
12-04 16:32:30.430  1639  1688 I libprocessgroup: Successfully killed process cgroup uid 10262 pid 8452 in 0ms
12-04 16:32:30.431   952   952 E BpTransactionCompletedListener: Failed to transact (-32)
12-04 16:32:30.431   952   952 I BufferQueueDebug: [io.nekohasekai.sagernet/io.nekohasekai.sagernet.ui.LoginActivity#25296](this:0xb4000073133dc8a8,id:-1,api:0,p:-1,c:952) onDestructor()
12-04 16:32:30.434   845   845 I Zygote  : Process 8452 exited due to signal 9 (Killed)
12-04 16:32:30.436  4192  4192 D BoundBrokerSvc: onBind: Intent { act=com.google.android.gms.measurement.START pkg=com.google.android.gms }
12-04 16:32:30.436  4192  4192 D BoundBrokerSvc: Loading bound service for intent: Intent { act=com.google.android.gms.measurement.START pkg=com.google.android.gms }
12-04 16:32:30.437   952   985 I BufferQueueDebug: [com.miui.home/com.miui.home.launcher.Launcher#25304](this:0xb4000073145288a8,id:-1,api:0,p:-1,c:-1) BufferQueue core=(952:/system/bin/surfaceflinger)
12-04 16:32:30.437 16139 16139 I adbd    : Remote process closed the socket (on MSG_PEEK)
12-04 16:32:30.438  1639  3505 D SurfaceControl: nativeSetScreenProjection ===> setScreenProjection
12-04 16:32:30.438  1639  1845 I MiuiNetworkPolicy: updateUidState uid = 99108, uidState = 3
12-04 16:32:30.439  1639  3505 D SurfaceControl: nativeSetScreenProjection ===> setScreenProjection
12-04 16:32:30.443  1639  3505 W WindowManager: Changing focus from null to Window{215a5c8 u0 com.miui.home/com.miui.home.launcher.Launcher} displayId=0 Callers=com.android.server.wm.RootWindowContainer.updateFocusedWindowLocked:518 com.android.server.wm.WindowManagerService.updateFocusedWindowLocked:6466 com.android.server.wm.WindowManagerService.relayoutWindow:2785 com.android.server.wm.Session.relayout:277 
12-04 16:32:30.443  6046  6719 D ThermalIECHandler: storeDataStyle: thermal_iec_monitor_persistence_data_style_iec_state; startIECTime: -1; IECScreenOffOverPeriodTime: 104626001
12-04 16:32:30.443  6046  6719 D ThermalScenarioManager: handleMessage -9
12-04 16:32:30.443  6046  6719 D ThermalScenarioManager: current: ScenarioName: 0
12-04 16:32:30.443  6046  6719 D ThermalScenarioManager: Element list : 97	97	98	98	99	99	99	99	99	99	99	98	99	99	99	99	99	99	99	
12-04 16:32:30.443  6046  6719 D ThermalScenarioManager: match scenario 0
12-04 16:32:30.443  6046  6719 D ThermalIECHandler: storeDataStyle: thermal_iec_monitor_persistence_data_style_iec_state; startIECTime: -1; IECScreenOffOverPeriodTime: 104626001
12-04 16:32:30.443  2262  2323 D StatusBarController: handleMessage: flag 1000000  disable false
12-04 16:32:30.446  1639  3505 D WindowManager: Input focus has changed to Window{215a5c8 u0 com.miui.home/com.miui.home.launcher.Launcher} display=0 updateInputWindows = true
12-04 16:32:30.446  1639  3505 I WindowManager: Relayout Window{215a5c8 u0 com.miui.home/com.miui.home.launcher.Launcher}: oldVis=8 newVis=0 focusMayChange = true requestedWidth = 1080 requestedHeight = 2400 outFrames = ClientWindowFrames{frame=[0,0][1080,2400] display=[0,0][1080,2400] parentFrame=[0,0][0,0] parentClippedByDisplayCutout=false} outSurfaceControl = Surface(name=com.miui.home/com.miui.home.launcher.Launcher)/@0x58d1037
12-04 16:32:30.447  2262  2262 D BufferQueueConsumer: [](id:8d600000250,api:0,p:-1,c:2262) connect: controlledByApp=false
12-04 16:32:30.447  1639  1669 D WindowManager: Update InputWindowHandle: 215a5c8 com.miui.home/com.miui.home.launcher.Launcher, frame=[0,0,0,0], touchableRegion=SkRegion((0,0,1080,2400)), scaleFactor=1.0, transform=null, windowToken=android.os.BinderProxy@bb8a66b, isClone=false, visibal=true, focusable=true, changed=true
12-04 16:32:30.468   952   985 I SurfaceFlinger: setTransactionState focusRequest transactionId:7039451952784 frontWin:215a5c8 com.miui.home/com.miui.home.launcher.Launcher
12-04 16:32:30.468  1639  3505 D ConnectivityService: Returning BLOCKED NetworkInfo to uid=10205
12-04 16:32:30.468   952   952 I SurfaceFlinger: transactionIsReadyToBeApplied focusRequest transactionId:7039451952784
12-04 16:32:30.471  2262  2262 D FinderSdkApi: Finder config support: false
12-04 16:32:30.472  2262  2262 D DragContainerLayout: dispatch draw with clip rect: null
12-04 16:32:30.516  2262  2399 E gralloc4: Empty SMPTE 2094-40 data
12-04 16:32:30.517  2262  2399 D BLASTBufferQueue: [VRI[Launcher]#592](f:0,a:1) acquireNextBufferLocked size=1080x2400 mFrameNumber=1 applyTransaction=true mTimestamp=111122509641930(auto) mPendingTransactions.size=0 graphicBufferId=9715216026728 transform=0
12-04 16:32:30.518  2262  2262 E FileUtils: err write to mi_exception_log
12-04 16:32:30.519  2262  2262 D Launcher.RecommendController: folder display but only request when folder open
12-04 16:32:30.519  1639  3505 D WindowManager: finishDrawingLocked: mDrawState=COMMIT_DRAW_PENDING Window{215a5c8 u0 com.miui.home/com.miui.home.launcher.Launcher} in Surface(name=com.miui.home/com.miui.home.launcher.Launcher)/@0x746d30d
12-04 16:32:30.519  2262  2262 D RecentsImpl: mActivityStateObserver com.miui.home.launcher.Launcher
12-04 16:32:30.519  1639  3505 D MiuiFreeFormGesturePointerEventListener: finishDrawingWindow: topFullScreenWindow= Window{215a5c8 u0 com.miui.home/com.miui.home.launcher.Launcher}
12-04 16:32:30.519  2262  2262 W RecentsImpl: onResumed className=com.miui.home.launcher.Launcher   mIsInAnotherPro=false   isKeyguardLocked=false   mSecuritySpaceGuideShown=false
12-04 16:32:30.521   952   952 D BufferStateLayer: com.miui.home/com.miui.home.launcher.Launcher#25304 setBuffer frameId=1, bufferId=9715216026728 fenceId=503, w= 1080, h=2400
12-04 16:32:30.522  1639  1669 I WindowManager: showSurfaceRobustly mWin:Window{fec7eac u0 com.miui.miwallpaper.wallpaperservice.ImageWallpaper}
12-04 16:32:30.522  1639  1669 I WindowManager: showSurfaceRobustly mWin:Window{a19f27a u0 com.miui.miwallpaper.wallpaperservice.MiuiKeyguardPictorialWallpaper}
12-04 16:32:30.524  1639  1669 D WindowManager: Loading animation for app transition. transit=TRANSIT_OLD_WALLPAPER_OPEN enter=true frame=Rect(0, 0 - 1080, 2400) insets=Rect(0, 93 - 0, 106) surfaceInsets=Rect(0, 0 - 0, 0)
12-04 16:32:30.526  1639  1669 I SmartPower.com.miui.home/10167(2262): invisible->visible(139ms) R(become visible) adj=0.
12-04 16:32:30.526  1639  1914 I SmartPower: com.miui.home/10167 state=background adj=0 proc size=1 move to foreground become visible
12-04 16:32:30.528  1639  1669 I WindowManager: showSurfaceRobustly mWin:Window{215a5c8 u0 com.miui.home/com.miui.home.launcher.Launcher}
12-04 16:32:30.532  1995  1995 I MiuiWallpaper-ImageWallpaper: onVisibilityChanged, visible = true
12-04 16:32:30.533  1639  1669 D WindowManager: Update InputWindowHandle: 215a5c8 com.miui.home/com.miui.home.launcher.Launcher, frame=[0,0,0,0], touchableRegion=SkRegion((0,0,1080,2400)), scaleFactor=1.0, transform=null, windowToken=android.os.BinderProxy@bb8a66b, isClone=false, visibal=true, focusable=true, changed=true
12-04 16:32:30.533  1995 18336 W OpenGLRenderer: Surface doesn't have any previously queued frames, nothing to readback from
12-04 16:32:30.537  2262  2323 D StatusBarController: handleMessage: flag 800000  disable false
12-04 16:32:30.537  2262  2262 D Launcher_WallpaperUtils: changeStatusBarMode:false
12-04 16:32:30.539  1639  1838 E MiuiActivityController: MiuiLog-ActivityObserver: There was something wrong : null
12-04 16:32:30.539  1995  1995 I MiuiWallpaper-MiuiKeyguardPictorialWallpaper: onVisibilityChanged, visible = true
12-04 16:32:30.539  1639  1808 I PowerHalWrapper: amsBoostStop AMS_BOOST_PACK_SWITCH:false, AMS_BOOST_ACT_SWITCH:false, AMS_BOOST_PROCESS_CREATE:false 
12-04 16:32:30.540  1995 18336 W OpenGLRenderer: Surface doesn't have any previously queued frames, nothing to readback from
12-04 16:32:30.540  1995 18336 W OpenGLRenderer: Surface doesn't have any previously queued frames, nothing to readback from
12-04 16:32:30.541  1995 18336 W OpenGLRenderer: Surface doesn't have any previously queued frames, nothing to readback from
12-04 16:32:30.541  2262  2262 D Launcher.Lifecycle: onWindowFocusChanged:true,UserHandle{0},fc2193c,false
12-04 16:32:30.541  2262  2262 D Launcher_UnlockAnimationStateMachine: onWindowFocus:IDLE
12-04 16:32:30.541  2262  2262 D Launcher_UnlockAnimationStateMachine: showAnimation = IDLE
12-04 16:32:30.541  2262  2262 D DecorView[]: onWindowFocusChanged hasWindowFocus true
12-04 16:32:30.542  1639  1669 D WindowManager: Update InputWindowHandle: 215a5c8 com.miui.home/com.miui.home.launcher.Launcher, frame=[0,0,0,0], touchableRegion=SkRegion((0,0,1080,2400)), scaleFactor=1.0, transform=null, windowToken=android.os.BinderProxy@bb8a66b, isClone=false, visibal=true, focusable=true, changed=true
12-04 16:32:30.543  2262  2262 I HandWritingStubImpl: refreshLastKeyboardType: 1
12-04 16:32:30.543  2262  2262 I HandWritingStubImpl: getCurrentKeyboardType: 1
12-04 16:32:30.546  2248  2508 E gralloc4: Empty SMPTE 2094-40 data
12-04 16:32:30.547  1639  1659 W InputMethodManagerService: Clear show forced flag.
12-04 16:32:30.549  3829  3829 I GoogleInputMethodService: GoogleInputMethodService.onFinishInput():2097 
12-04 16:32:30.549  2262  2262 E RotationHelper: setCurrentTransitionRequest: request=0
12-04 16:32:30.550  3829  3829 I Module  : DeviceLockedStatusModuleProvider$Module.updateDeviceLockedStatus():103 repeatCheckTimes = 0, locked = false
12-04 16:32:30.550  3829  3829 I GoogleInputMethodService: GoogleInputMethodService.onStartInput():1347 onStartInput(EditorInfo{EditorInfo{packageName=com.miui.home, inputType=0, inputTypeString=NULL, enableLearning=false, autoCorrection=false, autoComplete=false, imeOptions=0, privateImeOptions=null, actionName=UNSPECIFIED, actionLabel=null, initialSelStart=-1, initialSelEnd=-1, initialCapsMode=0, label=null, fieldId=2131362048, fieldName=null, extras=Bundle[mParcelledData.dataSize=72], hintText=null, hintLocales=[]}}, false)
12-04 16:32:30.551  3829  3829 I Module  : DeviceLockedStatusModuleProvider$Module.updateDeviceLockedStatus():103 repeatCheckTimes = 1, locked = false
12-04 16:32:30.555   952   952 I BufferQueueProducer: [NavigationBar0#85](this:0xb4000073e8e4e8a8,id:-1,api:0,p:-1,c:952) queueBuffer: fps=0.01 dur=110127.02 max=110127.02 min=110127.02
12-04 16:32:30.643   862  1199 I hwcomposer: [HWC] (0)fire a callback of refresh to SF[4]  
12-04 16:32:30.659   952   952 E gralloc4: Empty SMPTE 2094-40 data
12-04 16:32:30.661   952   952 I surfaceflinger: surfaceflinger setAffinity mode=1
12-04 16:32:30.661   952   952 I surfaceflinger: surfaceflinger setreAffinity reTid=999
12-04 16:32:30.675   876   937 I libPerfCtl: xgfGetFPS pid:2248 fps:-1
12-04 16:32:30.675   876   937 I libPerfCtl: xgfGetFPS pid:2262 fps:-1
12-04 16:32:30.700  1243  1338 D AALLightSensor: oldLux=210 [SA:209 LA:209] newLux=209 (oriLux: 209)
12-04 16:32:30.700  1243  1338 D AAL     : onALIChanged: 210 -> 209
12-04 16:32:30.700  1243  1338 D AALLightSensor: Notify lux = 209
12-04 16:32:30.785   876   957 I mtkpower@impl: [powerd_req] TIMER_MSG_PERF_LOCK_TIMEOUT hdl:39196
12-04 16:32:30.785   876   957 I libPowerHal: [perfLockRel] hdl:39196, idx:0
12-04 16:32:30.786   876   957 I libPowerHal: system_server: cpu_ctrl set cpu freq: 2000000 -1 2000000 -1
12-04 16:32:30.786   876   957 I libPowerHal: system_server: set gpu opp level: 42
12-04 16:32:30.786   876   957 I libPowerHal: system_server: set gpu opp level max: 0
12-04 16:32:30.786   876   957 I libPowerHal: [PD] system_server update cmd:1000000, param:-1
12-04 16:32:30.786   876   957 I libPowerHal: [PD] system_server update cmd:1000000 param:-1
12-04 16:32:30.863  1639  1686 D AutoStartManagerService: prepare force stop p:8231 s: 18
12-04 16:32:30.863  1639  1686 I Process : Sending signal. PID: 8231 SIG: 18
12-04 16:32:30.863  1639  1686 D AutoStartManagerService: prepare force stop p:8452 s: 18
12-04 16:32:30.863  1639  1686 I Process : Sending signal. PID: 8452 SIG: 18
12-04 16:32:30.863  1639  1686 W Process : Unable to open /proc/8231/status
12-04 16:32:30.863  1639  1686 W Process : Unable to open /proc/8452/status
12-04 16:32:30.925   876   957 I mtkpower@impl: [powerd_req] TIMER_MSG_PERF_LOCK_TIMEOUT hdl:39197
12-04 16:32:30.925   876   957 I libPowerHal: [perfLockRel] hdl:39197, idx:1
12-04 16:32:30.925   876   957 I libPowerHal: : cpu_ctrl set cpu freq: -1 -1 -1 -1
12-04 16:32:31.000  6416  6509 W DGW     : W[onPingFailure:598] ConnectivityManager ping failure Error Domain=MNSSecureTCP Code=1 UserInfo=0xb40000763613f180 {MCFErrorDirectLocalizedFailureReasonKey=SecureTCP connection establish timeout}
12-04 16:32:31.157  3597  7041 I NetworkSDKService: getQoEByAvailableIfaceName: wlan0
12-04 16:32:31.158  1639  1808 D MiuiWifiService: ending put WifiLinkLayerStats QOE to map
12-04 16:32:31.162  1955  1955 I WifiHAL : Get link layer stats
12-04 16:32:31.162  1955  1955 I WifiHAL : GetLinkStatsCommand::create
12-04 16:32:31.162  1955  1955 D android.hardware.wifi@1.0-service-lazy: WifiRequest::create vendor command to iface 32, vendor_id=0x1a11, subcmd=0x1200, res=0
12-04 16:32:31.162  1955  1955 I android.hardware.wifi@1.0-service-lazy: WifiCommand::requestResponse err=-14
12-04 16:32:31.162  1955  1955 I WifiHAL : wifi_get_link_stats: result=-1
12-04 16:32:31.164  1639  1808 E WifiVendorHal: getWifiLinkLayerStats_1_5_Internal(l.1176) failed {.code = ERROR_UNKNOWN, .description = unknown}
12-04 16:32:31.301  1243  1338 D AAL     : onALIChanged: 209 -> 210
12-04 16:32:31.303  1243  1338 D AALLightSensor: Notify lux = 210
12-04 16:32:31.675   876   937 I libPerfCtl: xgfGetFPS pid:2248 fps:-1
12-04 16:32:31.676   876   937 I libPerfCtl: xgfGetFPS pid:2262 fps:-1
12-04 16:32:32.060  2243  2243 W Settings: Setting airplane_mode_on has moved from android.provider.Settings.System to android.provider.Settings.Global, returning read-only value.
12-04 16:32:32.067  2248  2532 D MobileStatusTracker(4): onSignalStrengthsChanged signalStrength=SignalStrength:{mCdma=CellSignalStrengthCdma: cdmaDbm=2147483647 cdmaEcio=2147483647 evdoDbm=2147483647 evdoEcio=2147483647 evdoSnr=2147483647 miuiLevel=0 mOptimizedLevel=0 level=0,mGsm=CellSignalStrengthGsm: rssi=2147483647 ber=2147483647 mTa=2147483647 miuiLevel=0 mOptimizedLevel=0 mLevel=0,mWcdma=CellSignalStrengthWcdma: ss=2147483647 ber=2147483647 rscp=2147483647 ecno=2147483647 miuiLevel=0 mOptimizedLevel=0 level=0,mTdscdma=CellSignalStrengthTdscdma: rssi=2147483647 ber=2147483647 rscp=2147483647 miuiLevel=0 mOptimizedLevel=0 level=0,mLte=CellSignalStrengthLte: rssi=2147483647 rsrp=-81 rsrq=-9 rssnr=10 cqiTableIndex=2147483647 cqi=0 ta=0 miuiLevel=5 mOptimizedLevel=0 level=4 parametersUseForLevel=0,mNr=CellSignalStrengthNr:{ csiRsrp = 2147483647 csiRsrq = 2147483647 csiCqiTableIndex = 2147483647 csiCqiReport = [] ssRsrp = 2147483647 ssRsrq = 2147483647 ssSinr = 2147483647 miuiLevel = 0 mOptimizedLevel = 0 level = 0 parametersUseForLevel = 0 },primary=CellSignalStrengthLte}, phoneId=0, mMtkLevel=0, mMtkRsrpOnly=false, mMtkLteRsrpThreshold=null, mMtkLteRssnrThreshold=null
12-04 16:32:32.158  3597  7041 I NetworkSDKService: getQoEByAvailableIfaceName: wlan0
12-04 16:32:32.160  1639  1659 D MiuiWifiService: ending put WifiLinkLayerStats QOE to map
12-04 16:32:32.163  1955  1955 I WifiHAL : Get link layer stats
12-04 16:32:32.164  1955  1955 I WifiHAL : GetLinkStatsCommand::create
12-04 16:32:32.164  1955  1955 D android.hardware.wifi@1.0-service-lazy: WifiRequest::create vendor command to iface 32, vendor_id=0x1a11, subcmd=0x1200, res=0
12-04 16:32:32.164  1955  1955 I android.hardware.wifi@1.0-service-lazy: WifiCommand::requestResponse err=-14
12-04 16:32:32.165  1955  1955 I WifiHAL : wifi_get_link_stats: result=-1
12-04 16:32:32.166  1639  1659 E WifiVendorHal: getWifiLinkLayerStats_1_5_Internal(l.1176) failed {.code = ERROR_UNKNOWN, .description = unknown}
12-04 16:32:32.676   876   937 I libPerfCtl: xgfGetFPS pid:2248 fps:-1
12-04 16:32:32.676   876   937 I libPerfCtl: xgfGetFPS pid:2262 fps:-1
12-04 16:32:32.838  1955  1955 I WifiHAL : Get link layer stats
12-04 16:32:32.838  1955  1955 I WifiHAL : GetLinkStatsCommand::create
12-04 16:32:32.838  1955  1955 D android.hardware.wifi@1.0-service-lazy: WifiRequest::create vendor command to iface 32, vendor_id=0x1a11, subcmd=0x1200, res=0
12-04 16:32:32.838  1955  1955 I android.hardware.wifi@1.0-service-lazy: WifiCommand::requestResponse err=-14
12-04 16:32:32.838  1955  1955 I WifiHAL : wifi_get_link_stats: result=-1
12-04 16:32:32.839  1639  1846 E WifiVendorHal: getWifiLinkLayerStats_1_5_Internal(l.1176) failed {.code = ERROR_UNKNOWN, .description = unknown}
12-04 16:32:33.159  3597  7041 I NetworkSDKService: getQoEByAvailableIfaceName: wlan0
12-04 16:32:33.160  1639  1659 D MiuiWifiService: ending put WifiLinkLayerStats QOE to map
12-04 16:32:33.163  1955  1955 I WifiHAL : Get link layer stats
12-04 16:32:33.163  1955  1955 I WifiHAL : GetLinkStatsCommand::create
12-04 16:32:33.163  1955  1955 D android.hardware.wifi@1.0-service-lazy: WifiRequest::create vendor command to iface 32, vendor_id=0x1a11, subcmd=0x1200, res=0
12-04 16:32:33.163  1955  1955 I android.hardware.wifi@1.0-service-lazy: WifiCommand::requestResponse err=-14
12-04 16:32:33.163  1955  1955 I WifiHAL : wifi_get_link_stats: result=-1
12-04 16:32:33.164  1639  1659 E WifiVendorHal: getWifiLinkLayerStats_1_5_Internal(l.1176) failed {.code = ERROR_UNKNOWN, .description = unknown}
12-04 16:32:33.617  6416  6509 I DGW     : I[notifyPingFailure:2101] StreamGroupTransport[notifgateway] kill connection on ping timeout
12-04 16:32:33.618  6416  6509 W DGW     : W[closeNetworkConnection:61] DGW Closing MNS connection based on throttling rate 5000ms
12-04 16:32:33.618  6416  6509 I DGW     : I[notifyStreamGroupError:1764] StreamGroupTransport[notifgateway] notify StreamGroup error: StreamGroupNetworkRequest failed - ping timeout error
12-04 16:32:33.676   876   937 I libPerfCtl: xgfGetFPS pid:2248 fps:-1
12-04 16:32:33.677  1639  1692 W libprocessgroup: Failed to open /dev/blkio//cgroup.procs: No such file or directory
12-04 16:32:33.677   876   937 I libPerfCtl: xgfGetFPS pid:2262 fps:-1
12-04 16:32:33.683  1639  1659 I SmartPower.com.google.android.googlequicksearchbox:search/10159(15794): idle->background(299442ms) R(service create com.google.android.googlequicksearchbox/com.google.frameworks.client.data.android.server.tiktok.assistant.SearchProcessEndpointService) adj=0.
12-04 16:32:33.683  1639  1914 I SmartPower: com.google.android.googlequicksearchbox/10159 state=hibernation adj=0 proc size=3 move to background service create com.google.android.googlequicksearchbox/com.google.frameworks.client.data.android.server.tiktok.assistant.SearchProcessEndpointService
12-04 16:32:33.684  1639  1914 I SmartPower: com.google.android.googlequicksearchbox/10159 state=background adj=0 proc size=3 move to inactive service create com.google.android.googlequicksearchbox/com.google.frameworks.client.data.android.server.tiktok.assistant.SearchProcessEndpointService
12-04 16:32:33.691 15794 15794 I esbp    : (REDACTED) Created gRPC endpoint for service %s
12-04 16:32:33.744 13103 13113 W Binder  : Caught a RuntimeException from the binder stub implementation.
12-04 16:32:33.744 13103 13113 W Binder  : java.lang.UnsupportedOperationException
12-04 16:32:33.744 13103 13113 W Binder  : 	at cajm.a(PG:3)
12-04 16:32:33.744 13103 13113 W Binder  : 	at cajm.dispatchTransaction(PG:33)
12-04 16:32:33.744 13103 13113 W Binder  : 	at qau.onTransact(PG:13)
12-04 16:32:33.744 13103 13113 W Binder  : 	at android.os.Binder.execTransactInternal(Binder.java:1290)
12-04 16:32:33.744 13103 13113 W Binder  : 	at android.os.Binder.execTransact(Binder.java:1249)
12-04 16:32:33.750 13103 13113 V ClearcutMetricXmitter: Transmission is done.
12-04 16:32:34.161  3597  7041 I NetworkSDKService: getQoEByAvailableIfaceName: wlan0
12-04 16:32:34.163  1639  1808 D MiuiWifiService: ending put WifiLinkLayerStats QOE to map
12-04 16:32:34.165  1955  1955 I WifiHAL : Get link layer stats
12-04 16:32:34.165  1955  1955 I WifiHAL : GetLinkStatsCommand::create
12-04 16:32:34.165  1955  1955 D android.hardware.wifi@1.0-service-lazy: WifiRequest::create vendor command to iface 32, vendor_id=0x1a11, subcmd=0x1200, res=0
12-04 16:32:34.166  1955  1955 I android.hardware.wifi@1.0-service-lazy: WifiCommand::requestResponse err=-14
12-04 16:32:34.166  1955  1955 I WifiHAL : wifi_get_link_stats: result=-1
12-04 16:32:34.167  1639  1808 E WifiVendorHal: getWifiLinkLayerStats_1_5_Internal(l.1176) failed {.code = ERROR_UNKNOWN, .description = unknown}
12-04 16:32:34.173   867   960 W AString : ctor got NULL, using empty string instead
12-04 16:32:34.173   867   960 I Gyroscope: write temp cali: [-597, -1080, -266, 32090, 60111, 9492]
12-04 16:32:34.173   867   960 W AString : ctor got NULL, using empty string instead
12-04 16:32:34.174   867   960 I Gyroscope: write bias: [0.000923, 0.002058, -0.000042]
12-04 16:32:34.569  2243  2243 W Settings: Setting airplane_mode_on has moved from android.provider.Settings.System to android.provider.Settings.Global, returning read-only value.
12-04 16:32:34.574  2248  2532 D MobileStatusTracker(5): onSignalStrengthsChanged signalStrength=SignalStrength:{mCdma=CellSignalStrengthCdma: cdmaDbm=2147483647 cdmaEcio=2147483647 evdoDbm=2147483647 evdoEcio=2147483647 evdoSnr=2147483647 miuiLevel=0 mOptimizedLevel=0 level=0,mGsm=CellSignalStrengthGsm: rssi=2147483647 ber=2147483647 mTa=2147483647 miuiLevel=0 mOptimizedLevel=0 mLevel=0,mWcdma=CellSignalStrengthWcdma: ss=2147483647 ber=2147483647 rscp=2147483647 ecno=2147483647 miuiLevel=0 mOptimizedLevel=0 level=0,mTdscdma=CellSignalStrengthTdscdma: rssi=2147483647 ber=2147483647 rscp=2147483647 miuiLevel=0 mOptimizedLevel=0 level=0,mLte=CellSignalStrengthLte: rssi=2147483647 rsrp=-102 rsrq=-11 rssnr=5 cqiTableIndex=2147483647 cqi=0 ta=0 miuiLevel=4 mOptimizedLevel=0 level=3 parametersUseForLevel=0,mNr=CellSignalStrengthNr:{ csiRsrp = 2147483647 csiRsrq = 2147483647 csiCqiTableIndex = 2147483647 csiCqiReport = [] ssRsrp = 2147483647 ssRsrq = 2147483647 ssSinr = 2147483647 miuiLevel = 0 mOptimizedLevel = 0 level = 0 parametersUseForLevel = 0 },primary=CellSignalStrengthLte}, phoneId=1, mMtkLevel=0, mMtkRsrpOnly=false, mMtkLteRsrpThreshold=null, mMtkLteRssnrThreshold=null
12-04 16:32:34.628  1639  1684 W ActivityManager: Unable to start service Intent { cmp=com.miui.powerkeeper/.perfshielder.PerfShielderStatisticsService } U=0: not found
12-04 16:32:34.678   876   937 I libPerfCtl: xgfGetFPS pid:2248 fps:-1
12-04 16:32:34.678   876   937 I libPerfCtl: xgfGetFPS pid:2262 fps:-1
12-04 16:32:35.162  3597  7041 I NetworkSDKService: getQoEByAvailableIfaceName: wlan0
12-04 16:32:35.164  1639  1808 D MiuiWifiService: ending put WifiLinkLayerStats QOE to map
12-04 16:32:35.167  1955  1955 I WifiHAL : Get link layer stats
12-04 16:32:35.167  1955  1955 I WifiHAL : GetLinkStatsCommand::create
12-04 16:32:35.167  1955  1955 D android.hardware.wifi@1.0-service-lazy: WifiRequest::create vendor command to iface 32, vendor_id=0x1a11, subcmd=0x1200, res=0
12-04 16:32:35.167  1955  1955 I android.hardware.wifi@1.0-service-lazy: WifiCommand::requestResponse err=-14
12-04 16:32:35.167  1955  1955 I WifiHAL : wifi_get_link_stats: result=-1
12-04 16:32:35.168  1639  1808 E WifiVendorHal: getWifiLinkLayerStats_1_5_Internal(l.1176) failed {.code = ERROR_UNKNOWN, .description = unknown}
12-04 16:32:35.388 19053 19077 E FileUtils: err open mi_exception_log errno=2
12-04 16:32:35.388 19053 19077 E FileUtils: err write to mi_exception_log
12-04 16:32:35.781  1236  1236 I thermal_repeater: [recvMdThermalInfo] ret=26, strLen=127,  3, 34, -50, 197, 32767, 1
12-04 16:32:35.865  1955  1955 I WifiHAL : Get link layer stats
12-04 16:32:35.865  1955  1955 I WifiHAL : GetLinkStatsCommand::create
12-04 16:32:35.865  1955  1955 D android.hardware.wifi@1.0-service-lazy: WifiRequest::create vendor command to iface 32, vendor_id=0x1a11, subcmd=0x1200, res=0
12-04 16:32:35.865  1955  1955 I android.hardware.wifi@1.0-service-lazy: WifiCommand::requestResponse err=-14
12-04 16:32:35.865  1955  1955 I WifiHAL : wifi_get_link_stats: result=-1
12-04 16:32:35.866  1639  1846 E WifiVendorHal: getWifiLinkLayerStats_1_5_Internal(l.1176) failed {.code = ERROR_UNKNOWN, .description = unknown}
12-04 16:32:35.920  2248  2508 E gralloc4: Empty SMPTE 2094-40 data
12-04 16:32:35.935   952   952 I BufferQueueProducer: [StatusBar#89](this:0xb4000073199a08a8,id:-1,api:0,p:-1,c:952) queueBuffer: fps=0.16 dur=6061.04 max=6061.04 min=6061.04
12-04 16:32:35.940   862   955 I hwcomposer: [HWCDisplay] [Display_0 (type:1)] fps:2.144604,dur:6061.73,max:5280.13,min:15.13  
12-04 16:32:35.942   952   952 I surfaceflinger: surfaceflinger setAffinity mode=0
12-04 16:32:36.039   862  1199 I hwcomposer: [HWC] (0)fire a callback of refresh to SF[4]  
12-04 16:32:36.060   952   952 E gralloc4: Empty SMPTE 2094-40 data
12-04 16:32:36.061   952   952 I BufferQueueProducer: [FramebufferSurface](this:0xb4000073e8dc76e0,id:-1,api:1,p:952,c:952) queueBuffer: fps=0.33 dur=6060.98 max=5401.25 min=659.73
12-04 16:32:36.063   952   952 I surfaceflinger: surfaceflinger setAffinity mode=1
12-04 16:32:36.063   952   952 I surfaceflinger: surfaceflinger setreAffinity reTid=999
12-04 16:32:36.164  3597  7041 I NetworkSDKService: getQoEByAvailableIfaceName: wlan0
12-04 16:32:36.164  1639  1808 D MiuiWifiService: ending put WifiLinkLayerStats QOE to map
12-04 16:32:36.167  1955  1955 I WifiHAL : Get link layer stats
12-04 16:32:36.168  1955  1955 I WifiHAL : GetLinkStatsCommand::create
12-04 16:32:36.168  1955  1955 D android.hardware.wifi@1.0-service-lazy: WifiRequest::create vendor command to iface 32, vendor_id=0x1a11, subcmd=0x1200, res=0
12-04 16:32:36.168  1955  1955 I android.hardware.wifi@1.0-service-lazy: WifiCommand::requestResponse err=-14
12-04 16:32:36.168  1955  1955 I WifiHAL : wifi_get_link_stats: result=-1
12-04 16:32:36.169  1639  1808 E WifiVendorHal: getWifiLinkLayerStats_1_5_Internal(l.1176) failed {.code = ERROR_UNKNOWN, .description = unknown}
12-04 16:32:36.686  1639  1914 I SmartPower.com.google.android.googlequicksearchbox:search/10159(15794): background->idle(3003ms) R(service create com.google.android.googlequicksearchbox/com.google.frameworks.client.data.android.server.tiktok.assistant.SearchProcessEndpointService) adj=800.
12-04 16:32:36.686  1639  1914 I SmartPower: com.google.android.googlequicksearchbox/10159 state=inactive adj=0 proc size=3 move to idle service create com.google.android.googlequicksearchbox/com.google.frameworks.client.data.android.server.tiktok.assistant.SearchProcessEndpointService
12-04 16:32:36.923   876   937 I libPerfCtl: xgfGetFPS pid:2248 fps:-1
12-04 16:32:36.923   876   937 I libPerfCtl: xgfGetFPS pid:2262 fps:-1
12-04 16:32:37.164  3597  7041 I NetworkSDKService: getQoEByAvailableIfaceName: wlan0
12-04 16:32:37.165  1639  1808 D MiuiWifiService: ending put WifiLinkLayerStats QOE to map
12-04 16:32:37.168  1955  1955 I WifiHAL : Get link layer stats
12-04 16:32:37.168  1955  1955 I WifiHAL : GetLinkStatsCommand::create
12-04 16:32:37.168  1955  1955 D android.hardware.wifi@1.0-service-lazy: WifiRequest::create vendor command to iface 32, vendor_id=0x1a11, subcmd=0x1200, res=0
12-04 16:32:37.168  1955  1955 I android.hardware.wifi@1.0-service-lazy: WifiCommand::requestResponse err=-14
12-04 16:32:37.168  1955  1955 I WifiHAL : wifi_get_link_stats: result=-1
12-04 16:32:37.169  1639  1808 E WifiVendorHal: getWifiLinkLayerStats_1_5_Internal(l.1176) failed {.code = ERROR_UNKNOWN, .description = unknown}
12-04 16:32:37.179  2243  2243 W Settings: Setting airplane_mode_on has moved from android.provider.Settings.System to android.provider.Settings.Global, returning read-only value.
