--------- beginning of main
12-04 16:31:50.369  1955  1955 I WifiHAL : Get link layer stats
12-04 16:31:50.369  1955  1955 I WifiHAL : GetLinkStatsCommand::create
12-04 16:31:50.369  1955  1955 D android.hardware.wifi@1.0-service-lazy: WifiRequest::create vendor command to iface 32, vendor_id=0x1a11, subcmd=0x1200, res=0
12-04 16:31:50.370  1955  1955 I android.hardware.wifi@1.0-service-lazy: WifiCommand::requestResponse err=-14
12-04 16:31:50.370  1955  1955 I WifiHAL : wifi_get_link_stats: result=-1
12-04 16:31:50.371  1639  1846 E WifiVendorHal: getWifiLinkLayerStats_1_5_Internal(l.1176) failed {.code = ERROR_UNKNOWN, .description = unknown}
--------- beginning of system
12-04 16:31:50.470  1639  3497 W XSpaceManagerServiceImpl: checkXSpaceControl, from:com.android.shell, to:io.nekohasekai.sagernet, with act:null, callingUserId:0, toUserId:0
12-04 16:31:50.472  1639  3497 I ActivityTaskManager: START u0 {flg=0x10000000 cmp=io.nekohasekai.sagernet/.ui.LoginActivity} from uid 2000 from pid 8893 callingPackage com.android.shell
12-04 16:31:50.472  1639  3497 D MiuiMultiWindowAdapter: MiuiMultiWindowAdapter::getFreeformBlackList::sSmallWindowBlackList = [com.miui.securitycenter, com.miui.mishare.connectivity, com.android.settings, com.android.printspooler, com.miui.backup, com.miui.huanji, com.android.thememanager, com.mfashiongallery.emag, com.miui.virtualsim, com.miui.smarttravel, com.mi.health, com.android.camera, com.lbe.security.miui, com.miui.cleanmaster, com.miui.newhome, com.miui.voiceassist, com.android.phone, com.miui.yellowpage, com.android.updater, com.miui.tsmclient, com.miui.securitycore, com.xiaomi.account, com.xiaomi.hm.health, com.xiaomi.mibrain.speech, com.xiaomi.mimoji, com.xiaomi.scanner, com.duokan.phone.remotecontroller, com.miui.hybrid, com.miui.videoplayer, com.miui.packageinstaller, com.mi.android.globallauncher, com.mi.android.globallauncher-poco, com.google.android.dialer, com.miui.compass, com.miui.greenguard, com.kiteguard, com.google.ar.lens, com.xiangkan.android, com.android.bankabc, com.sohu.inputmethod.sogou, com.shyz.toutiao, com.netease.mc.mi, com.outfit7.talkingtomgoldrun.mi, com.doudz.mi, com.wepie.snake.new.mi, cn.jj, com.standddz002.mi, com.miHoYo.bh3.mi, com.qqgame.hlddz, com.happyelements.AndroidAnimal, com.minitech.miniworld.TMobile.mi, com.mfp.jelly.xiaomi, com.lilithgames.afk.mi, com.tencent.peng, com.teenpatti.hd.gold, blockpuzzle.jewelgames.jewelslegend, com.playgendary.tanks, com.chillingo.robberybobfree.android.row, com.episodeinteractive.android.catalog, com.playrix.township, com.ansangha.drdriving, com.google.android.youtube, com.gbits.atm.mi, com.tencent.tetris, com.sukhavati.gotoplaying.bubble.BubbleShooter.mint, com.block.puzzle.game.hippo.mi, com.youzu.bs.mi, com.appsomniacs.da2, com.android.stk, com.feiyu.carrot3.mi, com.popcap.pvz2cthdxm, com.mxtech.videoplayer.ad, cn.cisc, com.kiloo.subwaysurf, com.cncyj.mostbrain, pdf.tap.scanner, com.og.ttddz.mi, com.ximalaya.ting.lite, com.google.android.apps.googleassistant, com.netease.mrzh.mi, com.netease.mrzh.bili, com.netease.pes.huawei, com.netease.pes.mi, com.netease.pes.bili, com.flyfish.supermario, com.picsart.studio, com.netease.dwrg.mi, com.netease.dwrg.bili, com.netease.dwrg.nearme.gamecenter, com.netease.dwrg, com.netease.dwrg.huawei, com.tencent.tmgp.dwrg, com.netease.dwrg.m4399, com.netease.dwrg.mz, com.netease.dwrg.aligames, com.netease.dwrg.baidu, com.netease.dwrg.qihoo, com.moji.mjweather, com.tencent.tmgp.kof98, com.taobao.idlefish, com.ledou.mhhy.mi, com.hzfy.ddzbs.mi, com.qsmy.walkmonkey, com.fy.bzzbc.mi, com.dw.xprqj.mi, com.miui.accessibility, com.ymt.nbaftx.mi, com.amazon.kindlefc, com.sinyee.babybus.recommendapp, com.mcdonalds.gma.cn, com.midea.ai.appliances, com.eco.global.app, com.inspur.icity.tianjin, com.zy.game.thief.mi, com.alimama.moon, com.xinhu.steward, com.rytong.ceair, com.nxy.mobilebank.gx, com.xplaygame.mfbwz.mi, cn.gov.lottery, com.zy.game.bubbletea.mi, com.zy.game.psdc.mi, com.microsoft.office.powerpoint, com.duoduo.child.story, com.lemon.lv, com.xiaomi.aiasst.vision, com.road7.ddtdmxandroid.mi]
12-04 16:31:50.472  1639  3497 D MiuiMultiWindowAdapter: MiuiMultiWindowAdapter::getCanStartActivityFromFullscreenToFreefromList::LIST_CAN_START_ACTIVITY_FROM_FULLSCREEN_TO_FREEFROM = [com.alipay.android.phone.wallet.aptrip.ui.ApTripActivity, com.alipay.mobile.onsitepay.merge.OnsitepayActivity, com.alipay.mobile.nebulax.integration.mpaas.activity.NebulaActivity$Main, com.alipay.mobile.scan.as.main.MainCaptureActivity]
12-04 16:31:50.474  1639  3497 D MiuiMultiWindowAdapter: MiuiMultiWindowAdapter::getLaunchInTaskList::LIST_LAUNCH_IN_TASK = [com.android.bluetooth/.opp.BluetoothOppLauncherActivity, com.android.bluetooth/.opp.BluetoothOppBtEnableActivity]
12-04 16:31:50.484 16139  8892 E adbd    : error reading output FD 36: Connection reset by peer
12-04 16:31:50.485  1639  1678 D AES     : AEEIOCTL_GET/SET_SF_STATE IOCTL,cmd= 1074294797, lParam=0. 
12-04 16:31:50.485  1639  1678 D HeapUsage Monitor: HeapAllocSize : 116MB; monitorSize : 500MB
12-04 16:31:50.485  1639  1678 D AES     : AEEIOCTL_RT_MON_Kick IOCTL,cmd= 2147774474, lParam=300. 
12-04 16:31:51.101  2243  2243 W Settings: Setting airplane_mode_on has moved from android.provider.Settings.System to android.provider.Settings.Global, returning read-only value.
12-04 16:31:51.106  3597  7041 I NetworkSDKService: getQoEByAvailableIfaceName: wlan0
12-04 16:31:51.106  1639  3504 D MiuiWifiService: ending put WifiLinkLayerStats QOE to map
12-04 16:31:51.108  2248  2532 D MobileStatusTracker(4): onSignalStrengthsChanged signalStrength=SignalStrength:{mCdma=CellSignalStrengthCdma: cdmaDbm=2147483647 cdmaEcio=2147483647 evdoDbm=2147483647 evdoEcio=2147483647 evdoSnr=2147483647 miuiLevel=0 mOptimizedLevel=0 level=0,mGsm=CellSignalStrengthGsm: rssi=2147483647 ber=2147483647 mTa=2147483647 miuiLevel=0 mOptimizedLevel=0 mLevel=0,mWcdma=CellSignalStrengthWcdma: ss=2147483647 ber=2147483647 rscp=2147483647 ecno=2147483647 miuiLevel=0 mOptimizedLevel=0 level=0,mTdscdma=CellSignalStrengthTdscdma: rssi=2147483647 ber=2147483647 rscp=2147483647 miuiLevel=0 mOptimizedLevel=0 level=0,mLte=CellSignalStrengthLte: rssi=2147483647 rsrp=-81 rsrq=-10 rssnr=15 cqiTableIndex=2147483647 cqi=0 ta=0 miuiLevel=5 mOptimizedLevel=0 level=4 parametersUseForLevel=0,mNr=CellSignalStrengthNr:{ csiRsrp = 2147483647 csiRsrq = 2147483647 csiCqiTableIndex = 2147483647 csiCqiReport = [] ssRsrp = 2147483647 ssRsrq = 2147483647 ssSinr = 2147483647 miuiLevel = 0 mOptimizedLevel = 0 level = 0 parametersUseForLevel = 0 },primary=CellSignalStrengthLte}, phoneId=0, mMtkLevel=0, mMtkRsrpOnly=false, mMtkLteRsrpThreshold=null, mMtkLteRssnrThreshold=null
12-04 16:31:51.110  1955  1955 I WifiHAL : Get link layer stats
12-04 16:31:51.111  1955  1955 I WifiHAL : GetLinkStatsCommand::create
12-04 16:31:51.111  1955  1955 D android.hardware.wifi@1.0-service-lazy: WifiRequest::create vendor command to iface 32, vendor_id=0x1a11, subcmd=0x1200, res=0
12-04 16:31:51.111  1955  1955 I android.hardware.wifi@1.0-service-lazy: WifiCommand::requestResponse err=-14
12-04 16:31:51.111  1955  1955 I WifiHAL : wifi_get_link_stats: result=-1
12-04 16:31:51.112  1639  3504 E WifiVendorHal: getWifiLinkLayerStats_1_5_Internal(l.1176) failed {.code = ERROR_UNKNOWN, .description = unknown}
12-04 16:31:51.271   876   937 I libPerfCtl: xgfGetFPS pid:2248 fps:-1
12-04 16:31:51.798   867   960 W AString : ctor got NULL, using empty string instead
12-04 16:31:51.800   867   960 I Gyroscope: write temp cali: [-517, -1403, -148, 29637, 71040, 5469]
12-04 16:31:51.800   867   960 W AString : ctor got NULL, using empty string instead
12-04 16:31:51.801   867   960 I Gyroscope: write bias: [0.001009, 0.001897, 0.000007]
12-04 16:31:52.108  3597  7041 I NetworkSDKService: getQoEByAvailableIfaceName: wlan0
12-04 16:31:52.109  1639  3504 D MiuiWifiService: ending put WifiLinkLayerStats QOE to map
12-04 16:31:52.112  1955  1955 I WifiHAL : Get link layer stats
12-04 16:31:52.112  1955  1955 I WifiHAL : GetLinkStatsCommand::create
12-04 16:31:52.112  1955  1955 D android.hardware.wifi@1.0-service-lazy: WifiRequest::create vendor command to iface 32, vendor_id=0x1a11, subcmd=0x1200, res=0
12-04 16:31:52.112  1955  1955 I android.hardware.wifi@1.0-service-lazy: WifiCommand::requestResponse err=-14
12-04 16:31:52.113  1955  1955 I WifiHAL : wifi_get_link_stats: result=-1
12-04 16:31:52.114  1639  3504 E WifiVendorHal: getWifiLinkLayerStats_1_5_Internal(l.1176) failed {.code = ERROR_UNKNOWN, .description = unknown}
12-04 16:31:52.271   876   937 I libPerfCtl: xgfGetFPS pid:2248 fps:-1
12-04 16:31:52.430  2248  2508 E gralloc4: Empty SMPTE 2094-40 data
12-04 16:31:52.446   952   952 I BufferQueueProducer: [StatusBar#89](this:0xb4000073199a08a8,id:-1,api:0,p:-1,c:952) queueBuffer: fps=0.50 dur=4018.68 max=3985.27 min=33.41
12-04 16:31:52.450   862   955 I hwcomposer: [HWCDisplay] [Display_0 (type:1)] fps:0.746495,dur:4018.78,max:3896.85,min:32.15  
12-04 16:31:52.452   952   952 I surfaceflinger: surfaceflinger setAffinity mode=0
12-04 16:31:52.551   862  1199 I hwcomposer: [HWC] (0)fire a callback of refresh to SF[4]  
12-04 16:31:52.571   952   952 E gralloc4: Empty SMPTE 2094-40 data
12-04 16:31:52.571   952   952 I BufferQueueProducer: [FramebufferSurface](this:0xb4000073e8dc76e0,id:-1,api:1,p:952,c:952) queueBuffer: fps=0.25 dur=4018.83 max=4018.83 min=4018.83
12-04 16:31:52.574   952   952 I surfaceflinger: surfaceflinger setAffinity mode=1
12-04 16:31:52.574   952   952 I surfaceflinger: surfaceflinger setreAffinity reTid=999
12-04 16:31:53.110  3597  7041 I NetworkSDKService: getQoEByAvailableIfaceName: wlan0
12-04 16:31:53.112  1639  3504 D MiuiWifiService: ending put WifiLinkLayerStats QOE to map
12-04 16:31:53.115  1955  1955 I WifiHAL : Get link layer stats
12-04 16:31:53.115  1955  1955 I WifiHAL : GetLinkStatsCommand::create
12-04 16:31:53.115  1955  1955 D android.hardware.wifi@1.0-service-lazy: WifiRequest::create vendor command to iface 32, vendor_id=0x1a11, subcmd=0x1200, res=0
12-04 16:31:53.115  1955  1955 I android.hardware.wifi@1.0-service-lazy: WifiCommand::requestResponse err=-14
12-04 16:31:53.115  1955  1955 I WifiHAL : wifi_get_link_stats: result=-1
12-04 16:31:53.116  1639  3504 E WifiVendorHal: getWifiLinkLayerStats_1_5_Internal(l.1176) failed {.code = ERROR_UNKNOWN, .description = unknown}
12-04 16:31:53.271   876   937 I libPerfCtl: xgfGetFPS pid:2248 fps:-1
12-04 16:31:53.300  1243  1338 D AALLightSensor: oldLux=211 [SA:211 LA:211] newLux=211 (oriLux: 212)
12-04 16:31:53.400  1955  1955 I WifiHAL : Get link layer stats
12-04 16:31:53.400  1955  1955 I WifiHAL : GetLinkStatsCommand::create
12-04 16:31:53.401  1955  1955 D android.hardware.wifi@1.0-service-lazy: WifiRequest::create vendor command to iface 32, vendor_id=0x1a11, subcmd=0x1200, res=0
12-04 16:31:53.401  1955  1955 I android.hardware.wifi@1.0-service-lazy: WifiCommand::requestResponse err=-14
12-04 16:31:53.401  1955  1955 I WifiHAL : wifi_get_link_stats: result=-1
12-04 16:31:53.402  1639  1846 E WifiVendorHal: getWifiLinkLayerStats_1_5_Internal(l.1176) failed {.code = ERROR_UNKNOWN, .description = unknown}
12-04 16:31:53.609  2243  2243 W Settings: Setting airplane_mode_on has moved from android.provider.Settings.System to android.provider.Settings.Global, returning read-only value.
12-04 16:31:53.615  2248  2532 D MobileStatusTracker(5): onSignalStrengthsChanged signalStrength=SignalStrength:{mCdma=CellSignalStrengthCdma: cdmaDbm=2147483647 cdmaEcio=2147483647 evdoDbm=2147483647 evdoEcio=2147483647 evdoSnr=2147483647 miuiLevel=0 mOptimizedLevel=0 level=0,mGsm=CellSignalStrengthGsm: rssi=2147483647 ber=2147483647 mTa=2147483647 miuiLevel=0 mOptimizedLevel=0 mLevel=0,mWcdma=CellSignalStrengthWcdma: ss=2147483647 ber=2147483647 rscp=2147483647 ecno=2147483647 miuiLevel=0 mOptimizedLevel=0 level=0,mTdscdma=CellSignalStrengthTdscdma: rssi=2147483647 ber=2147483647 rscp=2147483647 miuiLevel=0 mOptimizedLevel=0 level=0,mLte=CellSignalStrengthLte: rssi=2147483647 rsrp=-102 rsrq=-11 rssnr=1 cqiTableIndex=2147483647 cqi=0 ta=0 miuiLevel=4 mOptimizedLevel=0 level=3 parametersUseForLevel=0,mNr=CellSignalStrengthNr:{ csiRsrp = 2147483647 csiRsrq = 2147483647 csiCqiTableIndex = 2147483647 csiCqiReport = [] ssRsrp = 2147483647 ssRsrq = 2147483647 ssSinr = 2147483647 miuiLevel = 0 mOptimizedLevel = 0 level = 0 parametersUseForLevel = 0 },primary=CellSignalStrengthLte}, phoneId=1, mMtkLevel=0, mMtkRsrpOnly=false, mMtkLteRsrpThreshold=null, mMtkLteRssnrThreshold=null
12-04 16:31:54.111  3597  7041 I NetworkSDKService: getQoEByAvailableIfaceName: wlan0
12-04 16:31:54.112  1639  3504 D MiuiWifiService: ending put WifiLinkLayerStats QOE to map
12-04 16:31:54.114  1955  1955 I WifiHAL : Get link layer stats
12-04 16:31:54.114  1955  1955 I WifiHAL : GetLinkStatsCommand::create
12-04 16:31:54.114  1955  1955 D android.hardware.wifi@1.0-service-lazy: WifiRequest::create vendor command to iface 32, vendor_id=0x1a11, subcmd=0x1200, res=0
12-04 16:31:54.115  1955  1955 I android.hardware.wifi@1.0-service-lazy: WifiCommand::requestResponse err=-14
12-04 16:31:54.115  1955  1955 I WifiHAL : wifi_get_link_stats: result=-1
12-04 16:31:54.116  1639  3504 E WifiVendorHal: getWifiLinkLayerStats_1_5_Internal(l.1176) failed {.code = ERROR_UNKNOWN, .description = unknown}
12-04 16:31:54.272   876   937 I libPerfCtl: xgfGetFPS pid:2248 fps:-1
12-04 16:31:55.113  3597  7041 I NetworkSDKService: getQoEByAvailableIfaceName: wlan0
12-04 16:31:55.114  1639  3504 D MiuiWifiService: ending put WifiLinkLayerStats QOE to map
12-04 16:31:55.117  1955  1955 I WifiHAL : Get link layer stats
12-04 16:31:55.117  1955  1955 I WifiHAL : GetLinkStatsCommand::create
12-04 16:31:55.117  1955  1955 D android.hardware.wifi@1.0-service-lazy: WifiRequest::create vendor command to iface 32, vendor_id=0x1a11, subcmd=0x1200, res=0
12-04 16:31:55.117  1955  1955 I android.hardware.wifi@1.0-service-lazy: WifiCommand::requestResponse err=-14
12-04 16:31:55.117  1955  1955 I WifiHAL : wifi_get_link_stats: result=-1
12-04 16:31:55.118  1639  3504 E WifiVendorHal: getWifiLinkLayerStats_1_5_Internal(l.1176) failed {.code = ERROR_UNKNOWN, .description = unknown}
12-04 16:31:55.272   876   937 I libPerfCtl: xgfGetFPS pid:2248 fps:-1
12-04 16:31:55.330  6046  6719 D ThermalIECHandler: storeDataStyle: thermal_iec_monitor_persistence_data_style_iec_state; startIECTime: -1; IECScreenOffOverPeriodTime: 104626001
12-04 16:31:55.331  1639  1639 D UiModeManager: updateConfigurationLocked: mDockState=0; mCarMode=false; mCar=false; mPowerSave=false; mComputedNightMode=true; mNightMode=2; uiMode=42
12-04 16:31:55.335  3745  3745 I PowerSaveService: onReceive: android.intent.action.BATTERY_CHANGED
12-04 16:31:55.335  6046  6682 D PowerCheckerService: onBatteryChanged, mBatteryLevel = 72, status = 2, level = 72, plug = 2, scale = 100
12-04 16:31:55.336  1639  1686 I SmartPower.com.google.android.googlequicksearchbox:interactor/10159(3296): idle->background(57005ms) R(broadcast start Intent { act=android.intent.action.BATTERY_CHANGED flg=0x60000010 (has extras) }) adj=100.
12-04 16:31:55.336  1639  1914 I SmartPower: com.google.android.googlequicksearchbox/10159 state=hibernation adj=100 proc size=3 move to background broadcast start Intent { act=android.intent.action.BATTERY_CHANGED flg=0x60000010 (has extras) }
12-04 16:31:55.336  3745  3745 I PowerNoticeUI: handleBatteryChanged oldPlugType 2 mPlugType 2 oldBatteryLevel 72 mBatteryLevel 72 temperature 366
12-04 16:31:55.337  6046  6343 D PowerKeeper.Thermal: mBatteryTemperature: 36
12-04 16:31:55.337  1639  1914 I SmartPower: com.google.android.googlequicksearchbox/10159 state=background adj=100 proc size=3 move to inactive broadcast start Intent { act=android.intent.action.BATTERY_CHANGED flg=0x60000010 (has extras) }
12-04 16:31:55.337  3745  3745 W libc    : Access denied finding property "persist.vendor.battery.erp"
12-04 16:31:55.338  3745  3745 I ChargerBatteryIntelligenceReceiver: onBatteryChanged temperature：36,plugType:2
12-04 16:31:55.338  3745  3745 I PowerFeatureUtils: getVendorName:mediatek
12-04 16:31:55.338  1639  1686 I SmartPower.com.facebook.appmanager/10126(17415): idle->background(57006ms) R(broadcast start Intent { act=android.intent.action.BATTERY_CHANGED flg=0x60000010 (has extras) }) adj=945.
12-04 16:31:55.339  1639  1914 I SmartPower: com.facebook.appmanager/10126 state=hibernation adj=945 proc size=1 move to background broadcast start Intent { act=android.intent.action.BATTERY_CHANGED flg=0x60000010 (has extras) }
12-04 16:31:55.339  1639  1914 I SmartPower: com.facebook.appmanager/10126 state=background adj=945 proc size=1 move to inactive broadcast start Intent { act=android.intent.action.BATTERY_CHANGED flg=0x60000010 (has extras) }
12-04 16:31:55.341  1639  1686 I SmartPower.com.google.android.apps.tachyon/10252(6862): idle->background(57006ms) R(broadcast start Intent { act=android.intent.action.BATTERY_CHANGED flg=0x60000010 (has extras) }) adj=945.
12-04 16:31:55.342  1639  1914 I SmartPower: com.google.android.apps.tachyon/10252 state=hibernation adj=945 proc size=1 move to background broadcast start Intent { act=android.intent.action.BATTERY_CHANGED flg=0x60000010 (has extras) }
12-04 16:31:55.342  1639  1914 I SmartPower: com.google.android.apps.tachyon/10252 state=background adj=945 proc size=1 move to inactive broadcast start Intent { act=android.intent.action.BATTERY_CHANGED flg=0x60000010 (has extras) }
12-04 16:31:55.347 19053 19077 E FileUtils: err open mi_exception_log errno=2
12-04 16:31:55.347 19053 19077 E FileUtils: err write to mi_exception_log
12-04 16:31:55.705  1236  1236 I thermal_repeater: [recvMdThermalInfo] ret=26, strLen=127,  3, 34, -50, 197, 32767, 1
12-04 16:31:56.114  3597  7041 I NetworkSDKService: getQoEByAvailableIfaceName: wlan0
12-04 16:31:56.115  1639  3504 D MiuiWifiService: ending put WifiLinkLayerStats QOE to map
12-04 16:31:56.116  1955  1955 I WifiHAL : Get link layer stats
12-04 16:31:56.116  1955  1955 I WifiHAL : GetLinkStatsCommand::create
12-04 16:31:56.116  1955  1955 D android.hardware.wifi@1.0-service-lazy: WifiRequest::create vendor command to iface 32, vendor_id=0x1a11, subcmd=0x1200, res=0
12-04 16:31:56.116  1955  1955 I android.hardware.wifi@1.0-service-lazy: WifiCommand::requestResponse err=-14
12-04 16:31:56.116  1955  1955 I WifiHAL : wifi_get_link_stats: result=-1
12-04 16:31:56.117  1639  3504 E WifiVendorHal: getWifiLinkLayerStats_1_5_Internal(l.1176) failed {.code = ERROR_UNKNOWN, .description = unknown}
12-04 16:31:56.214  2243  2243 W Settings: Setting airplane_mode_on has moved from android.provider.Settings.System to android.provider.Settings.Global, returning read-only value.
12-04 16:31:56.217  2248  2532 D MobileStatusTracker(4): onSignalStrengthsChanged signalStrength=SignalStrength:{mCdma=CellSignalStrengthCdma: cdmaDbm=2147483647 cdmaEcio=2147483647 evdoDbm=2147483647 evdoEcio=2147483647 evdoSnr=2147483647 miuiLevel=0 mOptimizedLevel=0 level=0,mGsm=CellSignalStrengthGsm: rssi=2147483647 ber=2147483647 mTa=2147483647 miuiLevel=0 mOptimizedLevel=0 mLevel=0,mWcdma=CellSignalStrengthWcdma: ss=2147483647 ber=2147483647 rscp=2147483647 ecno=2147483647 miuiLevel=0 mOptimizedLevel=0 level=0,mTdscdma=CellSignalStrengthTdscdma: rssi=2147483647 ber=2147483647 rscp=2147483647 miuiLevel=0 mOptimizedLevel=0 level=0,mLte=CellSignalStrengthLte: rssi=2147483647 rsrp=-81 rsrq=-9 rssnr=12 cqiTableIndex=2147483647 cqi=0 ta=0 miuiLevel=5 mOptimizedLevel=0 level=4 parametersUseForLevel=0,mNr=CellSignalStrengthNr:{ csiRsrp = 2147483647 csiRsrq = 2147483647 csiCqiTableIndex = 2147483647 csiCqiReport = [] ssRsrp = 2147483647 ssRsrq = 2147483647 ssSinr = 2147483647 miuiLevel = 0 mOptimizedLevel = 0 level = 0 parametersUseForLevel = 0 },primary=CellSignalStrengthLte}, phoneId=0, mMtkLevel=0, mMtkRsrpOnly=false, mMtkLteRsrpThreshold=null, mMtkLteRssnrThreshold=null
12-04 16:31:56.272   876   937 I libPerfCtl: xgfGetFPS pid:2248 fps:-1
12-04 16:31:56.429  2248  2508 E gralloc4: Empty SMPTE 2094-40 data
12-04 16:31:56.430  1955  1955 I WifiHAL : Get link layer stats
12-04 16:31:56.430  1955  1955 I WifiHAL : GetLinkStatsCommand::create
12-04 16:31:56.430  1955  1955 D android.hardware.wifi@1.0-service-lazy: WifiRequest::create vendor command to iface 32, vendor_id=0x1a11, subcmd=0x1200, res=0
12-04 16:31:56.430  1955  1955 I android.hardware.wifi@1.0-service-lazy: WifiCommand::requestResponse err=-14
12-04 16:31:56.430  1955  1955 I WifiHAL : wifi_get_link_stats: result=-1
12-04 16:31:56.431  1639  1846 E WifiVendorHal: getWifiLinkLayerStats_1_5_Internal(l.1176) failed {.code = ERROR_UNKNOWN, .description = unknown}
12-04 16:31:56.431   952   952 I BufferQueueProducer: [StatusBar#89](this:0xb4000073199a08a8,id:-1,api:0,p:-1,c:952) queueBuffer: fps=0.25 dur=3985.42 max=3985.42 min=3985.42
12-04 16:31:56.433   862   955 I hwcomposer: [HWCDisplay] [Display_0 (type:1)] fps:0.502100,dur:3983.27,max:3861.33,min:121.94  
12-04 16:31:56.434   952   952 I surfaceflinger: surfaceflinger setAffinity mode=0
12-04 16:31:56.438  2248  2508 E gralloc4: Empty SMPTE 2094-40 data
12-04 16:31:56.458  2248  2508 E gralloc4: Empty SMPTE 2094-40 data
12-04 16:31:56.465 22549 22634 I PlayCommon: [1066] 1 files were purged due to exceeding total storage size of 2097152
12-04 16:31:56.546 22549 22634 I PlayCommon: [1066] Preparing logs for uploading
12-04 16:31:56.551   862  1199 I hwcomposer: [HWC] (0)fire a callback of refresh to SF[4]  
12-04 16:31:56.553  1639  1845 I MiuiNetworkPolicy: updateUidState uid = 99910153, uidState = 6
12-04 16:31:56.555  1639  1692 W libprocessgroup: Failed to open /dev/blkio//cgroup.procs: No such file or directory
12-04 16:31:56.556  1639  3504 W ProcessStats: Tracking association SourceState{c5a336b com.miui.daemon/1000 BTopFgs #280718} whose proc state 2 is better than process ProcessState{dce8a46 com.miui.securitycenter.remote/1000 pkg=com.miui.securitycenter} proc state 3 (7 skipped)
12-04 16:31:56.571   952   952 E gralloc4: Empty SMPTE 2094-40 data
12-04 16:31:56.571   952   952 I BufferQueueProducer: [FramebufferSurface](this:0xb4000073e8dc76e0,id:-1,api:1,p:952,c:952) queueBuffer: fps=0.25 dur=3999.93 max=3999.93 min=3999.93
12-04 16:31:56.573   952   952 I surfaceflinger: surfaceflinger setAffinity mode=1
12-04 16:31:56.573 23752  4476 E AuthPII : [RequestTokenManager] getToken() -> BAD_AUTHENTICATION. App: com.android.vending, Service: oauth2:https://www.googleapis.com/auth/googleplay
12-04 16:31:56.573 23752  4476 E AuthPII : bchh: Long live credential not available.
12-04 16:31:56.573 23752  4476 E AuthPII : 	at aesu.a(:com.google.android.gms@254632029@25.46.32 (190400-834478335):1301)
12-04 16:31:56.573 23752  4476 E AuthPII : 	at aetb.b(:com.google.android.gms@254632029@25.46.32 (190400-834478335):26)
12-04 16:31:56.573 23752  4476 E AuthPII : 	at aesz.a(:com.google.android.gms@254632029@25.46.32 (190400-834478335):734)
12-04 16:31:56.573 23752  4476 E AuthPII : 	at aesy.b(:com.google.android.gms@254632029@25.46.32 (190400-834478335):141)
12-04 16:31:56.573 23752  4476 E AuthPII : 	at yix.d(:com.google.android.gms@254632029@25.46.32 (190400-834478335):624)
12-04 16:31:56.573 23752  4476 E AuthPII : 	at aemm.getAuthToken(:com.google.android.gms@254632029@25.46.32 (190400-834478335):412)
12-04 16:31:56.573 23752  4476 E AuthPII : 	at android.accounts.AbstractAccountAuthenticator$Transport.getAuthToken(AbstractAccountAuthenticator.java:246)
12-04 16:31:56.573 23752  4476 E AuthPII : 	at android.accounts.IAccountAuthenticator$Stub.onTransact(IAccountAuthenticator.java:242)
12-04 16:31:56.573 23752  4476 E AuthPII : 	at android.os.Binder.transact(Binder.java:1169)
12-04 16:31:56.573 23752  4476 E AuthPII : 	at cfxh.onTransact(:com.google.android.gms@254632029@25.46.32 (190400-834478335):10)
12-04 16:31:56.573 23752  4476 E AuthPII : 	at android.os.Binder.transact(Binder.java:1169)
12-04 16:31:56.573 23752  4476 E AuthPII : 	at buiz.onTransact(:com.google.android.gms@254632029@25.46.32 (190400-834478335):161)
12-04 16:31:56.573 23752  4476 E AuthPII : 	at android.os.Binder.execTransactInternal(Binder.java:1290)
12-04 16:31:56.573 23752  4476 E AuthPII : 	at android.os.Binder.execTransact(Binder.java:1249)
12-04 16:31:56.573   952   952 I surfaceflinger: surfaceflinger setreAffinity reTid=999
12-04 16:31:56.573 23752  4476 E AuthPII : Message is Long live credential not available.
12-04 16:31:56.573 23752  4476 E AuthPII : bchh: Long live credential not available.
12-04 16:31:56.573 23752  4476 E AuthPII : 	at aesu.a(:com.google.android.gms@254632029@25.46.32 (190400-834478335):1301)
12-04 16:31:56.573 23752  4476 E AuthPII : 	at aetb.b(:com.google.android.gms@254632029@25.46.32 (190400-834478335):26)
12-04 16:31:56.573 23752  4476 E AuthPII : 	at aesz.a(:com.google.android.gms@254632029@25.46.32 (190400-834478335):734)
12-04 16:31:56.573 23752  4476 E AuthPII : 	at aesy.b(:com.google.android.gms@254632029@25.46.32 (190400-834478335):141)
12-04 16:31:56.573 23752  4476 E AuthPII : 	at yix.d(:com.google.android.gms@254632029@25.46.32 (190400-834478335):624)
12-04 16:31:56.573 23752  4476 E AuthPII : 	at aemm.getAuthToken(:com.google.android.gms@254632029@25.46.32 (190400-834478335):412)
12-04 16:31:56.573 23752  4476 E AuthPII : 	at android.accounts.AbstractAccountAuthenticator$Transport.getAuthToken(AbstractAccountAuthenticator.java:246)
12-04 16:31:56.573 23752  4476 E AuthPII : 	at android.accounts.IAccountAuthenticator$Stub.onTransact(IAccountAuthenticator.java:242)
12-04 16:31:56.573 23752  4476 E AuthPII : 	at android.os.Binder.transact(Binder.java:1169)
12-04 16:31:56.573 23752  4476 E AuthPII : 	at cfxh.onTransact(:com.google.android.gms@254632029@25.46.32 (190400-834478335):10)
12-04 16:31:56.573 23752  4476 E AuthPII : 	at android.os.Binder.transact(Binder.java:1169)
12-04 16:31:56.573 23752  4476 E AuthPII : 	at buiz.onTransact(:com.google.android.gms@254632029@25.46.32 (190400-834478335):161)
12-04 16:31:56.573 23752  4476 E AuthPII : 	at android.os.Binder.execTransactInternal(Binder.java:1290)
12-04 16:31:56.573 23752  4476 E AuthPII : 	at android.os.Binder.execTransact(Binder.java:1249)
12-04 16:31:56.597 23752  4476 I Auth    : (REDACTED) [GetToken] GetToken failed for app=%s with userRecoverable status: %s 
12-04 16:31:56.599 23752  4476 W Auth    : [ChimeraGetToken] exception while trying to fetch auth tokens for app=com.google.android.gms, scope=oauth2:https://www.googleapis.com/auth/googleplay [CONTEXT service_id=153 ]
12-04 16:31:56.599 23752  4476 W Auth    : aest: GetToken failed with status code and recovery intent: BadAuthentication
12-04 16:31:56.599 23752  4476 W Auth    : 	at aesy.b(:com.google.android.gms@254632029@25.46.32 (190400-834478335):338)
12-04 16:31:56.599 23752  4476 W Auth    : 	at yix.d(:com.google.android.gms@254632029@25.46.32 (190400-834478335):624)
12-04 16:31:56.599 23752  4476 W Auth    : 	at aemm.getAuthToken(:com.google.android.gms@254632029@25.46.32 (190400-834478335):412)
12-04 16:31:56.599 23752  4476 W Auth    : 	at android.accounts.AbstractAccountAuthenticator$Transport.getAuthToken(AbstractAccountAuthenticator.java:246)
12-04 16:31:56.599 23752  4476 W Auth    : 	at android.accounts.IAccountAuthenticator$Stub.onTransact(IAccountAuthenticator.java:242)
12-04 16:31:56.599 23752  4476 W Auth    : 	at android.os.Binder.transact(Binder.java:1169)
12-04 16:31:56.599 23752  4476 W Auth    : 	at cfxh.onTransact(:com.google.android.gms@254632029@25.46.32 (190400-834478335):10)
12-04 16:31:56.599 23752  4476 W Auth    : 	at android.os.Binder.transact(Binder.java:1169)
12-04 16:31:56.599 23752  4476 W Auth    : 	at buiz.onTransact(:com.google.android.gms@254632029@25.46.32 (190400-834478335):161)
12-04 16:31:56.599 23752  4476 W Auth    : 	at android.os.Binder.execTransactInternal(Binder.java:1290)
12-04 16:31:56.599 23752  4476 W Auth    : 	at android.os.Binder.execTransact(Binder.java:1249)
12-04 16:31:56.599 23752  4476 W GLSActivity: [GmsAccountAuthenticatorImpl] error status while fetching token:BadAuthentication
12-04 16:31:56.612  1639  1845 I MiuiNetworkPolicy: updateUidState uid = 99910153, uidState = 10
12-04 16:31:56.614 22549 22634 W PlayCommon: [1066] Deferring log upload because couldn't retrieve auth token
12-04 16:31:56.755 22549 22634 E FileUtils: err open mi_exception_log errno=2
12-04 16:31:56.755 22549 22634 E FileUtils: err write to mi_exception_log
12-04 16:31:57.078  2195  3658 D TcpSocketTracker/162: data stall suspected, uids: {10144, 10153, 10163, 10184, 10202, 10206, 10212, 10278, 10336}
12-04 16:31:57.080  1639  3500 D ConnectivityService: Data stall detected with methods: 2
12-04 16:31:57.081  2195  3658 D NetworkMonitor/162: isDataStall: result=2, tcp packets received=0, latest tcp fail rate=81, consecutive dns timeout count=0
12-04 16:31:57.081  2195  3658 D NetworkMonitor/162: Suspecting data stall, reevaluate
12-04 16:31:57.085  3509 15022 E WcnsEventManager: network blocked
12-04 16:31:57.086  3509  3710 W libc    : Access denied finding property "wifi.interface"
12-04 16:31:57.082  3509  3509 W WcnsEventManage: type=1400 audit(0.0:438673): avc: denied { read } for name="u:object_r:wifi_hal_prop:s0" dev="tmpfs" ino=1631 scontext=u:r:system_app:s0 tcontext=u:object_r:wifi_hal_prop:s0 tclass=file permissive=0
12-04 16:31:57.087  3509  3710 E WcnsEventManager: Network diagnostic start
12-04 16:31:57.094  3509  8900 E NetworkDiagnostics: Network diagnostics start
12-04 16:31:57.098  2195  8899 D NetworkMonitor/162: PROBE_DNS connectivitycheck.gstatic.com 11ms OK 142.251.12.94
12-04 16:31:57.101  2195  8898 D NetworkMonitor/162: PROBE_DNS connectivitycheck.gstatic.com 15ms OK 142.251.12.94
12-04 16:31:57.114  3597  7041 I NetworkSDKService: getQoEByAvailableIfaceName: wlan0
12-04 16:31:57.115  1639  3496 D MiuiWifiService: ending put WifiLinkLayerStats QOE to map
12-04 16:31:57.117  1955  1955 I WifiHAL : Get link layer stats
12-04 16:31:57.117  1955  1955 I WifiHAL : GetLinkStatsCommand::create
12-04 16:31:57.117  1955  1955 D android.hardware.wifi@1.0-service-lazy: WifiRequest::create vendor command to iface 32, vendor_id=0x1a11, subcmd=0x1200, res=0
12-04 16:31:57.118  1955  1955 I android.hardware.wifi@1.0-service-lazy: WifiCommand::requestResponse err=-14
12-04 16:31:57.118  1955  1955 I WifiHAL : wifi_get_link_stats: result=-1
12-04 16:31:57.119  1639  3496 E WifiVendorHal: getWifiLinkLayerStats_1_5_Internal(l.1176) failed {.code = ERROR_UNKNOWN, .description = unknown}
12-04 16:31:57.203  2195  8899 D NetworkMonitor/162: PROBE_HTTP http://connectivitycheck.gstatic.com/generate_204 time=103ms ret=204 request={Connection=[close], User-Agent=[Mozilla/5.0 (X11; Linux x86_64) AppleWebKit/537.36 (KHTML, like Gecko) Chrome/60.0.3112.32 Safari/537.36]} headers={null=[HTTP/1.1 204 No Content], Connection=[close], Content-Length=[0], Cross-Origin-Resource-Policy=[cross-origin], Date=[Thu, 04 Dec 2025 10:01:57 GMT], X-Android-Received-Millis=[1764842517202], X-Android-Response-Source=[NETWORK 204], X-Android-Selected-Protocol=[http/1.1], X-Android-Sent-Millis=[1764842517151]}
12-04 16:31:57.272   876   937 I libPerfCtl: xgfGetFPS pid:2248 fps:-1
12-04 16:31:57.351  2195  8898 D NetworkMonitor/162: PROBE_HTTPS https://connectivitycheck.gstatic.com/generate_204 time=248ms ret=204 request={Connection=[close], User-Agent=[Mozilla/5.0 (X11; Linux x86_64) AppleWebKit/537.36 (KHTML, like Gecko) Chrome/60.0.3112.32 Safari/537.36]} headers={null=[HTTP/1.1 204 No Content], Alt-Svc=[h3=":443"; ma=2592000,h3-29=":443"; ma=2592000], Connection=[close], Content-Length=[0], Cross-Origin-Resource-Policy=[cross-origin], Date=[Thu, 04 Dec 2025 10:01:57 GMT], X-Android-Received-Millis=[1764842517348], X-Android-Response-Source=[NETWORK 204], X-Android-Selected-Protocol=[http/1.1], X-Android-Sent-Millis=[1764842517236]}
12-04 16:31:57.355  2195  8897 D NetworkMonitor/162: isCaptivePortal: isSuccessful()=true isPortal()=false RedirectUrl=null isPartialConnectivity()=false Time=271ms
12-04 16:31:57.362  1639  1859 D ConnectivityService: [162 WIFI] validation passed
12-04 16:31:57.363  1639  1859 D WifiScoreReportInjector: suspect data stall: false actual:false
12-04 16:31:57.468  3509  8900 E NetworkDiagnostics: type=null ret=false trace=  TYPE=null
12-04 16:31:57.468  3509  8900 E NetworkDiagnostics: Network diagnostics end
12-04 16:31:57.469  3509  3710 E WcnsEventManager: Network diagnostic end
12-04 16:31:57.603  6128  6166 D IdProviderImpl: getOAID from com.miui.analytics
12-04 16:31:57.852   867   960 W AString : ctor got NULL, using empty string instead
12-04 16:31:57.852   867   960 I Gyroscope: write temp cali: [-424, -1462, -134, 25870, 73458, 4878]
12-04 16:31:57.852   867   960 W AString : ctor got NULL, using empty string instead
12-04 16:31:57.853   867   960 I Gyroscope: write bias: [0.000923, 0.001953, -0.000007]
12-04 16:31:58.115  3597  7041 I NetworkSDKService: getQoEByAvailableIfaceName: wlan0
12-04 16:31:58.116  1639  3500 D MiuiWifiService: ending put WifiLinkLayerStats QOE to map
12-04 16:31:58.119  1955  1955 I WifiHAL : Get link layer stats
12-04 16:31:58.119  1955  1955 I WifiHAL : GetLinkStatsCommand::create
12-04 16:31:58.119  1955  1955 D android.hardware.wifi@1.0-service-lazy: WifiRequest::create vendor command to iface 32, vendor_id=0x1a11, subcmd=0x1200, res=0
12-04 16:31:58.120  1955  1955 I android.hardware.wifi@1.0-service-lazy: WifiCommand::requestResponse err=-14
12-04 16:31:58.120  1955  1955 I WifiHAL : wifi_get_link_stats: result=-1
12-04 16:31:58.121  1639  3500 E WifiVendorHal: getWifiLinkLayerStats_1_5_Internal(l.1176) failed {.code = ERROR_UNKNOWN, .description = unknown}
12-04 16:31:58.150  3597  7120 E SLM-SRV-SLAService: readLine:
12-04 16:31:58.150  3597  7120 E SLM-SRV-SLAService: java.io.FileNotFoundException: /sys/class/thermal/thermal_message/balance_mode: open failed: ENOENT (No such file or directory)
12-04 16:31:58.150  3597  7120 E SLM-SRV-SLAService: 	at libcore.io.IoBridge.open(IoBridge.java:574)
12-04 16:31:58.150  3597  7120 E SLM-SRV-SLAService: 	at java.io.FileInputStream.<init>(FileInputStream.java:179)
12-04 16:31:58.150  3597  7120 E SLM-SRV-SLAService: 	at java.io.FileInputStream.<init>(FileInputStream.java:133)
12-04 16:31:58.150  3597  7120 E SLM-SRV-SLAService: 	at java.io.FileReader.<init>(FileReader.java:60)
12-04 16:31:58.150  3597  7120 E SLM-SRV-SLAService: 	at com.xiaomi.NetworkBoost.slaservice.SLAService.readLine(SLAService.java:1237)
12-04 16:31:58.150  3597  7120 E SLM-SRV-SLAService: 	at com.xiaomi.NetworkBoost.slaservice.SLAService.isPerformanceMode(SLAService.java:1262)
12-04 16:31:58.150  3597  7120 E SLM-SRV-SLAService: 	at com.xiaomi.NetworkBoost.slaservice.SLAService.checktemp(SLAService.java:1293)
12-04 16:31:58.150  3597  7120 E SLM-SRV-SLAService: 	at com.xiaomi.NetworkBoost.slaservice.SLAService.access$2500(SLAService.java:125)
12-04 16:31:58.150  3597  7120 E SLM-SRV-SLAService: 	at com.xiaomi.NetworkBoost.slaservice.SLAService$ThermalStateListener.onEvent(SLAService.java:1226)
12-04 16:31:58.150  3597  7120 E SLM-SRV-SLAService: 	at android.os.FileObserver$ObserverThread.onEvent(FileObserver.java:166)
12-04 16:31:58.150  3597  7120 E SLM-SRV-SLAService: 	at android.os.FileObserver$ObserverThread.observe(Native Method)
12-04 16:31:58.150  3597  7120 E SLM-SRV-SLAService: 	at android.os.FileObserver$ObserverThread.run(FileObserver.java:116)
12-04 16:31:58.150  3597  7120 E SLM-SRV-SLAService: Caused by: android.system.ErrnoException: open failed: ENOENT (No such file or directory)
12-04 16:31:58.150  3597  7120 E SLM-SRV-SLAService: 	at libcore.io.Linux.open(Native Method)
12-04 16:31:58.150  3597  7120 E SLM-SRV-SLAService: 	at libcore.io.ForwardingOs.open(ForwardingOs.java:568)
12-04 16:31:58.150  3597  7120 E SLM-SRV-SLAService: 	at libcore.io.BlockGuardOs.open(BlockGuardOs.java:274)
12-04 16:31:58.150  3597  7120 E SLM-SRV-SLAService: 	at libcore.io.ForwardingOs.open(ForwardingOs.java:568)
12-04 16:31:58.150  3597  7120 E SLM-SRV-SLAService: 	at android.app.ActivityThread$AndroidOs.open(ActivityThread.java:8108)
12-04 16:31:58.150  3597  7120 E SLM-SRV-SLAService: 	at libcore.io.IoBridge.open(IoBridge.java:560)
12-04 16:31:58.150  3597  7120 E SLM-SRV-SLAService: 	... 11 more
12-04 16:31:58.150  3597  7120 D SLM-SRV-SLAService: checktemp temperature = 37000 temperature_average = 37000 isPerformanceMode = false thermal_enable_slm = true
12-04 16:31:58.152  3597  7120 E SLM-SRV-SLAService: readLine:
12-04 16:31:58.152  3597  7120 E SLM-SRV-SLAService: java.io.FileNotFoundException: /sys/class/thermal/thermal_message/balance_mode: open failed: ENOENT (No such file or directory)
12-04 16:31:58.152  3597  7120 E SLM-SRV-SLAService: 	at libcore.io.IoBridge.open(IoBridge.java:574)
12-04 16:31:58.152  3597  7120 E SLM-SRV-SLAService: 	at java.io.FileInputStream.<init>(FileInputStream.java:179)
12-04 16:31:58.152  3597  7120 E SLM-SRV-SLAService: 	at java.io.FileInputStream.<init>(FileInputStream.java:133)
12-04 16:31:58.152  3597  7120 E SLM-SRV-SLAService: 	at java.io.FileReader.<init>(FileReader.java:60)
12-04 16:31:58.152  3597  7120 E SLM-SRV-SLAService: 	at com.xiaomi.NetworkBoost.slaservice.SLAService.readLine(SLAService.java:1237)
12-04 16:31:58.152  3597  7120 E SLM-SRV-SLAService: 	at com.xiaomi.NetworkBoost.slaservice.SLAService.isPerformanceMode(SLAService.java:1262)
12-04 16:31:58.152  3597  7120 E SLM-SRV-SLAService: 	at com.xiaomi.NetworkBoost.slaservice.SLAService.checktemp(SLAService.java:1294)
12-04 16:31:58.152  3597  7120 E SLM-SRV-SLAService: 	at com.xiaomi.NetworkBoost.slaservice.SLAService.access$2500(SLAService.java:125)
12-04 16:31:58.152  3597  7120 E SLM-SRV-SLAService: 	at com.xiaomi.NetworkBoost.slaservice.SLAService$ThermalStateListener.onEvent(SLAService.java:1226)
12-04 16:31:58.152  3597  7120 E SLM-SRV-SLAService: 	at android.os.FileObserver$ObserverThread.onEvent(FileObserver.java:166)
12-04 16:31:58.152  3597  7120 E SLM-SRV-SLAService: 	at android.os.FileObserver$ObserverThread.observe(Native Method)
12-04 16:31:58.152  3597  7120 E SLM-SRV-SLAService: 	at android.os.FileObserver$ObserverThread.run(FileObserver.java:116)
12-04 16:31:58.152  3597  7120 E SLM-SRV-SLAService: Caused by: android.system.ErrnoException: open failed: ENOENT (No such file or directory)
12-04 16:31:58.152  3597  7120 E SLM-SRV-SLAService: 	at libcore.io.Linux.open(Native Method)
12-04 16:31:58.152  3597  7120 E SLM-SRV-SLAService: 	at libcore.io.ForwardingOs.open(ForwardingOs.java:568)
12-04 16:31:58.152  3597  7120 E SLM-SRV-SLAService: 	at libcore.io.BlockGuardOs.open(BlockGuardOs.java:274)
12-04 16:31:58.152  3597  7120 E SLM-SRV-SLAService: 	at libcore.io.ForwardingOs.open(ForwardingOs.java:568)
12-04 16:31:58.152  3597  7120 E SLM-SRV-SLAService: 	at android.app.ActivityThread$AndroidOs.open(ActivityThread.java:8108)
12-04 16:31:58.152  3597  7120 E SLM-SRV-SLAService: 	at libcore.io.IoBridge.open(IoBridge.java:560)
12-04 16:31:58.152  3597  7120 E SLM-SRV-SLAService: 	... 11 more
12-04 16:31:58.273   876   937 I libPerfCtl: xgfGetFPS pid:2248 fps:-1
12-04 16:31:58.338  1639  1914 I SmartPower.com.google.android.googlequicksearchbox:interactor/10159(3296): background->idle(3002ms) R(broadcast start Intent { act=android.intent.action.BATTERY_CHANGED flg=0x60000010 (has extras) }) adj=100.
12-04 16:31:58.339  1639  1914 I SmartPower.com.facebook.appmanager/10126(17415): background->idle(3001ms) R(broadcast start Intent { act=android.intent.action.BATTERY_CHANGED flg=0x60000010 (has extras) }) adj=945.
12-04 16:31:58.340  1639  1914 I SmartPower: com.google.android.googlequicksearchbox/10159 state=inactive adj=100 proc size=3 move to idle broadcast start Intent { act=android.intent.action.BATTERY_CHANGED flg=0x60000010 (has extras) }
12-04 16:31:58.340  1639  1914 I SmartPower: com.facebook.appmanager/10126 state=inactive adj=945 proc size=1 move to idle broadcast start Intent { act=android.intent.action.BATTERY_CHANGED flg=0x60000010 (has extras) }
12-04 16:31:58.342  1639  1914 I SmartPower.com.google.android.apps.tachyon/10252(6862): background->idle(3001ms) R(broadcast start Intent { act=android.intent.action.BATTERY_CHANGED flg=0x60000010 (has extras) }) adj=945.
12-04 16:31:58.342  1639  1914 I SmartPower: com.google.android.apps.tachyon/10252 state=inactive adj=945 proc size=1 move to idle broadcast start Intent { act=android.intent.action.BATTERY_CHANGED flg=0x60000010 (has extras) }
12-04 16:31:58.701  1243  1338 D AALLightSensor: oldLux=211 [SA:211 LA:211] newLux=211 (oriLux: 212)
12-04 16:31:58.730  2243  2243 W Settings: Setting airplane_mode_on has moved from android.provider.Settings.System to android.provider.Settings.Global, returning read-only value.
12-04 16:31:58.735  2248  2532 D MobileStatusTracker(5): onSignalStrengthsChanged signalStrength=SignalStrength:{mCdma=CellSignalStrengthCdma: cdmaDbm=2147483647 cdmaEcio=2147483647 evdoDbm=2147483647 evdoEcio=2147483647 evdoSnr=2147483647 miuiLevel=0 mOptimizedLevel=0 level=0,mGsm=CellSignalStrengthGsm: rssi=2147483647 ber=2147483647 mTa=2147483647 miuiLevel=0 mOptimizedLevel=0 mLevel=0,mWcdma=CellSignalStrengthWcdma: ss=2147483647 ber=2147483647 rscp=2147483647 ecno=2147483647 miuiLevel=0 mOptimizedLevel=0 level=0,mTdscdma=CellSignalStrengthTdscdma: rssi=2147483647 ber=2147483647 rscp=2147483647 miuiLevel=0 mOptimizedLevel=0 level=0,mLte=CellSignalStrengthLte: rssi=2147483647 rsrp=-101 rsrq=-9 rssnr=6 cqiTableIndex=2147483647 cqi=0 ta=0 miuiLevel=4 mOptimizedLevel=0 level=3 parametersUseForLevel=0,mNr=CellSignalStrengthNr:{ csiRsrp = 2147483647 csiRsrq = 2147483647 csiCqiTableIndex = 2147483647 csiCqiReport = [] ssRsrp = 2147483647 ssRsrq = 2147483647 ssSinr = 2147483647 miuiLevel = 0 mOptimizedLevel = 0 level = 0 parametersUseForLevel = 0 },primary=CellSignalStrengthLte}, phoneId=1, mMtkLevel=0, mMtkRsrpOnly=false, mMtkLteRsrpThreshold=null, mMtkLteRssnrThreshold=null
12-04 16:31:59.116  3597  7041 I NetworkSDKService: getQoEByAvailableIfaceName: wlan0
12-04 16:31:59.117  1639  3500 D MiuiWifiService: ending put WifiLinkLayerStats QOE to map
12-04 16:31:59.120  1955  1955 I WifiHAL : Get link layer stats
12-04 16:31:59.121  1955  1955 I WifiHAL : GetLinkStatsCommand::create
12-04 16:31:59.121  1955  1955 D android.hardware.wifi@1.0-service-lazy: WifiRequest::create vendor command to iface 32, vendor_id=0x1a11, subcmd=0x1200, res=0
12-04 16:31:59.122  1955  1955 I android.hardware.wifi@1.0-service-lazy: WifiCommand::requestResponse err=-14
12-04 16:31:59.122  1955  1955 I WifiHAL : wifi_get_link_stats: result=-1
12-04 16:31:59.124  1639  3500 E WifiVendorHal: getWifiLinkLayerStats_1_5_Internal(l.1176) failed {.code = ERROR_UNKNOWN, .description = unknown}
12-04 16:31:59.273   876   937 I libPerfCtl: xgfGetFPS pid:2248 fps:-1
12-04 16:31:59.456  1955  1955 I WifiHAL : Get link layer stats
12-04 16:31:59.457  1955  1955 I WifiHAL : GetLinkStatsCommand::create
12-04 16:31:59.457  1955  1955 D android.hardware.wifi@1.0-service-lazy: WifiRequest::create vendor command to iface 32, vendor_id=0x1a11, subcmd=0x1200, res=0
12-04 16:31:59.457  1955  1955 I android.hardware.wifi@1.0-service-lazy: WifiCommand::requestResponse err=-14
12-04 16:31:59.458  1955  1955 I WifiHAL : wifi_get_link_stats: result=-1
12-04 16:31:59.459  1639  1846 E WifiVendorHal: getWifiLinkLayerStats_1_5_Internal(l.1176) failed {.code = ERROR_UNKNOWN, .description = unknown}
12-04 16:31:59.510  2248  2508 E gralloc4: Empty SMPTE 2094-40 data
12-04 16:31:59.520   952   952 I BufferQueueProducer: [StatusBar#89](this:0xb4000073199a08a8,id:-1,api:0,p:-1,c:952) queueBuffer: fps=0.97 dur=3088.41 max=3055.65 min=16.18
12-04 16:31:59.524   862   955 I hwcomposer: [HWCDisplay] [Display_0 (type:1)] fps:1.294358,dur:3090.33,max:2951.76,min:16.14  
12-04 16:31:59.525   952   952 I surfaceflinger: surfaceflinger setAffinity mode=0
12-04 16:31:59.623   862  1199 I hwcomposer: [HWC] (0)fire a callback of refresh to SF[4]  
12-04 16:31:59.644   952   952 E gralloc4: Empty SMPTE 2094-40 data
12-04 16:31:59.645   952   952 I BufferQueueProducer: [FramebufferSurface](this:0xb4000073e8dc76e0,id:-1,api:1,p:952,c:952) queueBuffer: fps=0.33 dur=3073.81 max=3073.81 min=3073.81
12-04 16:31:59.647   952   952 I surfaceflinger: surfaceflinger setAffinity mode=1
12-04 16:31:59.648   952   952 I surfaceflinger: surfaceflinger setreAffinity reTid=999
12-04 16:31:59.901  1243  1338 D AAL     : onALIChanged: 211 -> 210
12-04 16:31:59.902  1243  1338 D AALLightSensor: Notify lux = 210
12-04 16:32:00.002  1639  1797 D AlarmManagerService: inside native alarm timerfd set Alarm Type = 2
12-04 16:32:00.003  1639  1797 D AlarmManagerService: inside native alarm timerfd set Alarm Type = 3
12-04 16:32:00.005  1639  1797 D AlarmManagerService: inside native alarm timerfd set Alarm Type = 2
12-04 16:32:00.005  2248  2248 D KeyguardUpdateMonitor: received broadcast android.intent.action.TIME_TICK
12-04 16:32:00.005  1639  1797 D AlarmManagerService: inside native alarm timerfd set Alarm Type = 3
12-04 16:32:00.010  2248  2248 D KeyguardUpdateMonitor: handleTimeUpdate
12-04 16:32:00.054  2248  2508 E gralloc4: Empty SMPTE 2094-40 data
12-04 16:32:00.063  2248  2508 E gralloc4: Empty SMPTE 2094-40 data
12-04 16:32:00.073   952   952 I surfaceflinger: surfaceflinger setAffinity mode=0
12-04 16:32:00.118  3597  7041 I NetworkSDKService: getQoEByAvailableIfaceName: wlan0
12-04 16:32:00.119  1639  3500 D MiuiWifiService: ending put WifiLinkLayerStats QOE to map
12-04 16:32:00.122  1955  1955 I WifiHAL : Get link layer stats
12-04 16:32:00.122  1955  1955 I WifiHAL : GetLinkStatsCommand::create
12-04 16:32:00.122  1955  1955 D android.hardware.wifi@1.0-service-lazy: WifiRequest::create vendor command to iface 32, vendor_id=0x1a11, subcmd=0x1200, res=0
12-04 16:32:00.122  1955  1955 I android.hardware.wifi@1.0-service-lazy: WifiCommand::requestResponse err=-14
12-04 16:32:00.122  1955  1955 I WifiHAL : wifi_get_link_stats: result=-1
12-04 16:32:00.123  1639  3500 E WifiVendorHal: getWifiLinkLayerStats_1_5_Internal(l.1176) failed {.code = ERROR_UNKNOWN, .description = unknown}
12-04 16:32:00.155   862  1199 I hwcomposer: [HWC] (0)fire a callback of refresh to SF[4]  
12-04 16:32:00.166   952   952 E gralloc4: Empty SMPTE 2094-40 data
12-04 16:32:00.169   952   952 I surfaceflinger: surfaceflinger setAffinity mode=1
12-04 16:32:00.170   952   952 I surfaceflinger: surfaceflinger setreAffinity reTid=999
12-04 16:32:00.274   876   937 I libPerfCtl: xgfGetFPS pid:2248 fps:-1
12-04 16:32:00.340  1639  1914 I SmartPower: com.google.android.googlequicksearchbox/10159 state=idle adj=100 proc size=3 move to hibernation broadcast start Intent { act=android.intent.action.BATTERY_CHANGED flg=0x60000010 (has extras) }
12-04 16:32:00.340  1639  1914 I SmartPower: com.facebook.appmanager/10126 state=idle adj=945 proc size=1 move to hibernation broadcast start Intent { act=android.intent.action.BATTERY_CHANGED flg=0x60000010 (has extras) }
12-04 16:32:00.343  1639  1914 I SmartPower: com.google.android.apps.tachyon/10252 state=idle adj=945 proc size=1 move to hibernation broadcast start Intent { act=android.intent.action.BATTERY_CHANGED flg=0x60000010 (has extras) }
12-04 16:32:00.423  2248  2508 E gralloc4: Empty SMPTE 2094-40 data
12-04 16:32:00.441   952   952 I surfaceflinger: surfaceflinger setAffinity mode=0
12-04 16:32:00.511   862  1199 I hwcomposer: [HWC] (0)fire a callback of refresh to SF[4]  
12-04 16:32:00.526   952   952 E gralloc4: Empty SMPTE 2094-40 data
12-04 16:32:00.527   862   955 I hwcomposer: [HWCDisplay] [Display_0 (type:1)] fps:5.978102,dur:1003.66,max:426.12,min:15.57  
12-04 16:32:00.529   952   952 I surfaceflinger: surfaceflinger setAffinity mode=1
12-04 16:32:00.529   952   952 I surfaceflinger: surfaceflinger setreAffinity reTid=999
12-04 16:32:01.100  1243  1338 D AAL     : onALIChanged: 210 -> 211
12-04 16:32:01.102  1243  1338 D AALLightSensor: Notify lux = 211
12-04 16:32:01.119  3597  7041 I NetworkSDKService: getQoEByAvailableIfaceName: wlan0
12-04 16:32:01.120  1639  3496 D MiuiWifiService: ending put WifiLinkLayerStats QOE to map
12-04 16:32:01.123  1955  1955 I WifiHAL : Get link layer stats
12-04 16:32:01.123  1955  1955 I WifiHAL : GetLinkStatsCommand::create
12-04 16:32:01.123  1955  1955 D android.hardware.wifi@1.0-service-lazy: WifiRequest::create vendor command to iface 32, vendor_id=0x1a11, subcmd=0x1200, res=0
12-04 16:32:01.123  1955  1955 I android.hardware.wifi@1.0-service-lazy: WifiCommand::requestResponse err=-14
12-04 16:32:01.123  1955  1955 I WifiHAL : wifi_get_link_stats: result=-1
12-04 16:32:01.124  1639  3496 E WifiVendorHal: getWifiLinkLayerStats_1_5_Internal(l.1176) failed {.code = ERROR_UNKNOWN, .description = unknown}
12-04 16:32:01.274   876   937 I libPerfCtl: xgfGetFPS pid:2248 fps:-1
12-04 16:32:01.343  2243  2243 W Settings: Setting airplane_mode_on has moved from android.provider.Settings.System to android.provider.Settings.Global, returning read-only value.
