12-04 16:30:54.240   876   937 I libPerfCtl: xgfGetFPS pid:2248 fps:-1
12-04 16:30:54.367  1639  3497 W BatteryExternalStatsWorker: error reading Bluetooth stats: 11
12-04 16:30:54.402  9375  9375 W Finsky  : [2] STU: Failed to get storage stats for package 'com.google.android.adbd' (1601: Error getting stats: android.content.pm.PackageManager.NameNotFoundException)
12-04 16:30:54.480  9375  9375 W Finsky  : [2] STU: Failed to get storage stats for package 'com.google.android.conscrypt' (1601: Error getting stats: android.content.pm.PackageManager.NameNotFoundException)
12-04 16:30:54.499  1243  1338 D AAL     : onALIChanged: 212 -> 211
12-04 16:30:54.500  1243  1338 D AALLightSensor: Notify lux = 211
12-04 16:30:54.529  9375  9375 W Finsky  : [2] STU: Failed to get storage stats for package 'com.google.android.neuralnetworks' (1601: Error getting stats: android.content.pm.PackageManager.NameNotFoundException)
12-04 16:30:54.543  9375  9375 W Finsky  : [2] STU: Failed to get storage stats for package 'com.google.android.ipsec' (1601: Error getting stats: android.content.pm.PackageManager.NameNotFoundException)
12-04 16:30:54.598  9375  9375 W Finsky  : [2] STU: Failed to get storage stats for package 'com.google.android.ondevicepersonalization' (1601: Error getting stats: android.content.pm.PackageManager.NameNotFoundException)
12-04 16:30:54.802  9375  9375 W Finsky  : [2] STU: Failed to get storage stats for package 'com.google.android.extservices' (1601: Error getting stats: android.content.pm.PackageManager.NameNotFoundException)
12-04 16:30:55.039  3597  7041 I NetworkSDKService: getQoEByAvailableIfaceName: wlan0
12-04 16:30:55.040  1639  3497 D MiuiWifiService: ending put WifiLinkLayerStats QOE to map
12-04 16:30:55.043  1955  1955 I WifiHAL : Get link layer stats
12-04 16:30:55.043  1955  1955 I WifiHAL : GetLinkStatsCommand::create
12-04 16:30:55.043  1955  1955 D android.hardware.wifi@1.0-service-lazy: WifiRequest::create vendor command to iface 32, vendor_id=0x1a11, subcmd=0x1200, res=0
12-04 16:30:55.043  1955  1955 I android.hardware.wifi@1.0-service-lazy: WifiCommand::requestResponse err=-14
12-04 16:30:55.043  1955  1955 I WifiHAL : wifi_get_link_stats: result=-1
12-04 16:30:55.044  1639  3497 E WifiVendorHal: getWifiLinkLayerStats_1_5_Internal(l.1176) failed {.code = ERROR_UNKNOWN, .description = unknown}
12-04 16:30:55.089  1639  3500 W BpBinder: Slow Binder: BpBinder transact took 282 ms, interface=android.os.IInstalld, code=12 oneway=false
12-04 16:30:55.089  9375 11211 W BpBinder: Slow Binder: BpBinder transact took 283 ms, interface=android.app.usage.IStorageStatsManager, code=7 oneway=false
12-04 16:30:55.089  9375 11211 E FileUtils: err open mi_exception_log errno=2
12-04 16:30:55.089  9375 11211 E FileUtils: err write to mi_exception_log
12-04 16:30:55.186  1041  1121 I mi_thermald: special_target_modify: set generic device battery to 6
12-04 16:30:55.187  1041  1121 I mi_thermald: generic_set_level: set generic device battery to 6
12-04 16:30:55.221  9375  9375 W Finsky  : [2] STU: Failed to get storage stats for package 'com.google.android.os.statsd' (1601: Error getting stats: android.content.pm.PackageManager.NameNotFoundException)
12-04 16:30:55.240   876   937 I libPerfCtl: xgfGetFPS pid:2248 fps:-1
12-04 16:30:55.307  9375  9375 W Finsky  : [2] STU: Failed to get storage stats for package 'com.google.android.scheduling' (1601: Error getting stats: android.content.pm.PackageManager.NameNotFoundException)
12-04 16:30:55.325  1639  1639 D UiModeManager: updateConfigurationLocked: mDockState=0; mCarMode=false; mCar=false; mPowerSave=false; mComputedNightMode=true; mNightMode=2; uiMode=42
12-04 16:30:55.326  6046  6719 D ThermalIECHandler: storeDataStyle: thermal_iec_monitor_persistence_data_style_iec_state; startIECTime: -1; IECScreenOffOverPeriodTime: 104626001
12-04 16:30:55.328  3745  3745 I PowerSaveService: onReceive: android.intent.action.BATTERY_CHANGED
12-04 16:30:55.328  6046  6682 D PowerCheckerService: onBatteryChanged, mBatteryLevel = 72, status = 2, level = 72, plug = 2, scale = 100
12-04 16:30:55.329  6046  6343 D PowerKeeper.Thermal: mBatteryTemperature: 36
12-04 16:30:55.329  3745  3745 I PowerNoticeUI: handleBatteryChanged oldPlugType 2 mPlugType 2 oldBatteryLevel 72 mBatteryLevel 72 temperature 367
12-04 16:30:55.330  1639  1686 I SmartPower.com.google.android.googlequicksearchbox:interactor/10159(3296): idle->background(97661ms) R(broadcast start Intent { act=android.intent.action.BATTERY_CHANGED flg=0x60000010 (has extras) }) adj=100.
12-04 16:30:55.330  3745  3745 W libc    : Access denied finding property "persist.vendor.battery.erp"
12-04 16:30:55.330  1639  1914 I SmartPower: com.google.android.googlequicksearchbox/10159 state=hibernation adj=100 proc size=3 move to background broadcast start Intent { act=android.intent.action.BATTERY_CHANGED flg=0x60000010 (has extras) }
12-04 16:30:55.330  3745  3745 I ChargerBatteryIntelligenceReceiver: onBatteryChanged temperature36,plugType:2
12-04 16:30:55.330  3745  3745 I PowerFeatureUtils: getVendorName:mediatek
12-04 16:30:55.330  1639  1914 I SmartPower: com.google.android.googlequicksearchbox/10159 state=background adj=100 proc size=3 move to inactive broadcast start Intent { act=android.intent.action.BATTERY_CHANGED flg=0x60000010 (has extras) }
12-04 16:30:55.332  1639  1686 I SmartPower.com.facebook.appmanager/10126(17415): idle->background(116986ms) R(broadcast start Intent { act=android.intent.action.BATTERY_CHANGED flg=0x60000010 (has extras) }) adj=945.
12-04 16:30:55.332  1639  1914 I SmartPower: com.facebook.appmanager/10126 state=hibernation adj=945 proc size=1 move to background broadcast start Intent { act=android.intent.action.BATTERY_CHANGED flg=0x60000010 (has extras) }
12-04 16:30:55.333  1639  1914 I SmartPower: com.facebook.appmanager/10126 state=background adj=945 proc size=1 move to inactive broadcast start Intent { act=android.intent.action.BATTERY_CHANGED flg=0x60000010 (has extras) }
12-04 16:30:55.334  1639  1686 I SmartPower.com.google.android.apps.tachyon/10252(6862): idle->background(116985ms) R(broadcast start Intent { act=android.intent.action.BATTERY_CHANGED flg=0x60000010 (has extras) }) adj=945.
12-04 16:30:55.335  1639  1914 I SmartPower: com.google.android.apps.tachyon/10252 state=hibernation adj=945 proc size=1 move to background broadcast start Intent { act=android.intent.action.BATTERY_CHANGED flg=0x60000010 (has extras) }
12-04 16:30:55.335  1639  1914 I SmartPower: com.google.android.apps.tachyon/10252 state=background adj=945 proc size=1 move to inactive broadcast start Intent { act=android.intent.action.BATTERY_CHANGED flg=0x60000010 (has extras) }
12-04 16:30:55.346  9375  9375 I Finsky  : [2] App states replicator found 81 unowned apps
12-04 16:30:55.367  9375  9532 I Finsky  : [866] Completed 0 account content syncs with 0 successful.
12-04 16:30:55.367  9375  9375 I Finsky  : [2] [ContentSync] Installation state replication succeeded.
12-04 16:30:55.368  9375  9375 I Finsky  : [2] SCH: jobFinished: 12-1. TimeElapsed: 4587ms.
12-04 16:30:55.368  9375  9375 I Finsky  : [2] WM::SCH: Logging work end for 12-1
12-04 16:30:55.375  9375  9532 I Finsky  : [866] SCH: Scheduling phonesky job Id: 1-1337, CT: 1764807604700, Constraints: [{ L: 42955375, D: 86155375, C: CHARGING_NONE, I: IDLE_NONE, N: NET_ANY, B: BATTERY_ANY }]
12-04 16:30:55.376  9375  9532 I Finsky  : [866] SCH: Scheduling phonesky job Id: 34-54, CT: 1764591375493, Constraints: [{ L: 604800000, D: 2454588367, C: CHARGING_NONE, I: IDLE_NONE, N: NET_ANY, B: BATTERY_ANY }]
12-04 16:30:55.376  9375  9532 I Finsky  : [866] SCH: Scheduling phonesky job Id: 34-58, CT: 1764591375493, Constraints: [{ L: 604800000, D: 2532558673, C: CHARGING_NONE, I: IDLE_NONE, N: NET_ANY, B: BATTERY_ANY }]
12-04 16:30:55.376  9375  9532 I Finsky  : [866] SCH: Scheduling phonesky job Id: 34-81, CT: 1764764373113, Constraints: [{ L: 79199831, D: 1375199831, C: CHARGING_NONE, I: IDLE_NONE, N: NET_ANY, B: BATTERY_ANY }]
12-04 16:30:55.376  9375  9532 I Finsky  : [866] SCH: Scheduling phonesky job Id: 34-82, CT: 1764764373949, Constraints: [{ L: 604800000, D: 2591999202, C: CHARGING_NONE, I: IDLE_NONE, N: NET_ANY, B: BATTERY_ANY }]
12-04 16:30:55.380  9375  9524 I Finsky  : [862] SCH: Scheduling 1 system job(s)
12-04 16:30:55.380  9375  9524 I Finsky  : [862] SCH: Scheduling system job Id: 9667, L: 1117564, D: 51304695, C: false, I: false, N: 1
12-04 16:30:55.386  9375  8825 I Finsky  : [1636] SCH: job service finished with id 9658.
12-04 16:30:55.607  1236  1236 I thermal_repeater: [recvMdThermalInfo] ret=26, strLen=127,  3, 33, -50, 197, 32767, 1
12-04 16:30:55.767  1955  1955 I WifiHAL : Get link layer stats
12-04 16:30:55.767  1955  1955 I WifiHAL : GetLinkStatsCommand::create
12-04 16:30:55.767  1955  1955 D android.hardware.wifi@1.0-service-lazy: WifiRequest::create vendor command to iface 32, vendor_id=0x1a11, subcmd=0x1200, res=0
12-04 16:30:55.768  1955  1955 I android.hardware.wifi@1.0-service-lazy: WifiCommand::requestResponse err=-14
12-04 16:30:55.768  1955  1955 I WifiHAL : wifi_get_link_stats: result=-1
12-04 16:30:55.769  1639  1846 E WifiVendorHal: getWifiLinkLayerStats_1_5_Internal(l.1176) failed {.code = ERROR_UNKNOWN, .description = unknown}
12-04 16:30:55.770  1639  1914 I SmartPower: com.android.vending/10163 state=idle adj=200 proc size=4 move to hibernation service create com.android.vending/com.google.android.finsky.scheduler.process.mainimpl.PhoneskyJobServiceMain
12-04 16:30:55.826  2248  2508 E gralloc4: Empty SMPTE 2094-40 data
12-04 16:30:55.838   952   952 I BufferQueueProducer: [StatusBar#89](this:0xb4000073199a08a8,id:-1,api:0,p:-1,c:952) queueBuffer: fps=0.33 dur=3061.42 max=3061.42 min=3061.42
12-04 16:30:55.842   862   955 I hwcomposer: [HWCDisplay] [Display_0 (type:1)] fps:0.652978,dur:3062.89,max:2920.50,min:142.39  
12-04 16:30:55.844   952   952 I surfaceflinger: surfaceflinger setAffinity mode=0
12-04 16:30:55.900  1243  1338 D AALLightSensor: oldLux=211 [SA:211 LA:211] newLux=211 (oriLux: 211)
12-04 16:30:55.943   862  1199 I hwcomposer: [HWC] (0)fire a callback of refresh to SF[4]  
12-04 16:30:55.962   952   952 E gralloc4: Empty SMPTE 2094-40 data
12-04 16:30:55.963   952   952 I BufferQueueProducer: [FramebufferSurface](this:0xb4000073e8dc76e0,id:-1,api:1,p:952,c:952) queueBuffer: fps=0.33 dur=3042.28 max=3042.28 min=3042.28
12-04 16:30:55.966   952   952 I surfaceflinger: surfaceflinger setAffinity mode=1
12-04 16:30:55.966   952   952 I surfaceflinger: surfaceflinger setreAffinity reTid=999
12-04 16:30:56.041  3597  7041 I NetworkSDKService: getQoEByAvailableIfaceName: wlan0
12-04 16:30:56.042  1639  3500 D MiuiWifiService: ending put WifiLinkLayerStats QOE to map
12-04 16:30:56.045  1955  1955 I WifiHAL : Get link layer stats
12-04 16:30:56.045  1955  1955 I WifiHAL : GetLinkStatsCommand::create
12-04 16:30:56.045  1955  1955 D android.hardware.wifi@1.0-service-lazy: WifiRequest::create vendor command to iface 32, vendor_id=0x1a11, subcmd=0x1200, res=0
12-04 16:30:56.045  1955  1955 I android.hardware.wifi@1.0-service-lazy: WifiCommand::requestResponse err=-14
12-04 16:30:56.045  1955  1955 I WifiHAL : wifi_get_link_stats: result=-1
12-04 16:30:56.046  1639  3500 E WifiVendorHal: getWifiLinkLayerStats_1_5_Internal(l.1176) failed {.code = ERROR_UNKNOWN, .description = unknown}
12-04 16:30:56.060  2243  2243 W Settings: Setting airplane_mode_on has moved from android.provider.Settings.System to android.provider.Settings.Global, returning read-only value.
12-04 16:30:56.065  2248  2532 D MobileStatusTracker(4): onSignalStrengthsChanged signalStrength=SignalStrength:{mCdma=CellSignalStrengthCdma: cdmaDbm=2147483647 cdmaEcio=2147483647 evdoDbm=2147483647 evdoEcio=2147483647 evdoSnr=2147483647 miuiLevel=0 mOptimizedLevel=0 level=0,mGsm=CellSignalStrengthGsm: rssi=2147483647 ber=2147483647 mTa=2147483647 miuiLevel=0 mOptimizedLevel=0 mLevel=0,mWcdma=CellSignalStrengthWcdma: ss=2147483647 ber=2147483647 rscp=2147483647 ecno=2147483647 miuiLevel=0 mOptimizedLevel=0 level=0,mTdscdma=CellSignalStrengthTdscdma: rssi=2147483647 ber=2147483647 rscp=2147483647 miuiLevel=0 mOptimizedLevel=0 level=0,mLte=CellSignalStrengthLte: rssi=2147483647 rsrp=-83 rsrq=-8 rssnr=15 cqiTableIndex=2147483647 cqi=0 ta=0 miuiLevel=5 mOptimizedLevel=0 level=4 parametersUseForLevel=0,mNr=CellSignalStrengthNr:{ csiRsrp = 2147483647 csiRsrq = 2147483647 csiCqiTableIndex = 2147483647 csiCqiReport = [] ssRsrp = 2147483647 ssRsrq = 2147483647 ssSinr = 2147483647 miuiLevel = 0 mOptimizedLevel = 0 level = 0 parametersUseForLevel = 0 },primary=CellSignalStrengthLte}, phoneId=0, mMtkLevel=0, mMtkRsrpOnly=false, mMtkLteRsrpThreshold=null, mMtkLteRssnrThreshold=null
12-04 16:30:56.241   876   937 I libPerfCtl: xgfGetFPS pid:2248 fps:-1
12-04 16:30:56.276  2248  2508 E gralloc4: Empty SMPTE 2094-40 data
12-04 16:30:56.292   952   952 I surfaceflinger: surfaceflinger setAffinity mode=0
12-04 16:30:56.355   862  1199 I hwcomposer: [HWC] (0)fire a callback of refresh to SF[4]  
12-04 16:30:56.367   952   952 E gralloc4: Empty SMPTE 2094-40 data
12-04 16:30:56.370   952   952 I surfaceflinger: surfaceflinger setAffinity mode=1
12-04 16:30:56.370   952   952 I surfaceflinger: surfaceflinger setreAffinity reTid=999
12-04 16:30:56.583  4542  8837 W LogErrorOperation: onLogError callback failed.
12-04 16:30:56.587  4542  8837 W LogErrorOperation: onLogError callback failed.
12-04 16:30:56.602  4542  8837 W LogErrorOperation: onLogError callback failed.
12-04 16:30:56.610  4542  8837 W LogErrorOperation: onLogError callback failed.
12-04 16:30:56.616  4542  8837 W LogErrorOperation: onLogError callback failed.
12-04 16:30:56.701  1243  1338 D AAL     : onALIChanged: 211 -> 212
12-04 16:30:56.702  1243  1338 D AALLightSensor: Notify lux = 212
12-04 16:30:57.043  3597  7041 I NetworkSDKService: getQoEByAvailableIfaceName: wlan0
12-04 16:30:57.044  1639  3497 D MiuiWifiService: ending put WifiLinkLayerStats QOE to map
12-04 16:30:57.047  1955  1955 I WifiHAL : Get link layer stats
12-04 16:30:57.047  1955  1955 I WifiHAL : GetLinkStatsCommand::create
12-04 16:30:57.047  1955  1955 D android.hardware.wifi@1.0-service-lazy: WifiRequest::create vendor command to iface 32, vendor_id=0x1a11, subcmd=0x1200, res=0
12-04 16:30:57.047  1955  1955 I android.hardware.wifi@1.0-service-lazy: WifiCommand::requestResponse err=-14
12-04 16:30:57.047  1955  1955 I WifiHAL : wifi_get_link_stats: result=-1
12-04 16:30:57.049  1639  3497 E WifiVendorHal: getWifiLinkLayerStats_1_5_Internal(l.1176) failed {.code = ERROR_UNKNOWN, .description = unknown}
12-04 16:30:57.241   876   937 I libPerfCtl: xgfGetFPS pid:2248 fps:-1
12-04 16:30:57.258   876   957 I libPowerHal: perfUserScnCheckAll
12-04 16:30:57.258   876   957 I libPowerHal: perfScnDumpAll cmd:0
12-04 16:30:57.258   876   957 I libPowerHal: ========================
12-04 16:30:57.258   876   957 I libPowerHal: ========================
12-04 16:30:57.317   867   960 W AString : ctor got NULL, using empty string instead
12-04 16:30:57.318   867   960 I Gyroscope: write temp cali: [-281, -1411, -32, 19754, 71469, 656]
12-04 16:30:57.318   867   960 W AString : ctor got NULL, using empty string instead
12-04 16:30:57.319   867   960 I Gyroscope: write bias: [0.000780, 0.001890, -0.000140]
12-04 16:30:57.901  1243  1338 D AAL     : onALIChanged: 212 -> 211
12-04 16:30:57.902  1243  1338 D AALLightSensor: Notify lux = 211
12-04 16:30:58.043  3597  7041 I NetworkSDKService: getQoEByAvailableIfaceName: wlan0
12-04 16:30:58.044  1639  3497 D MiuiWifiService: ending put WifiLinkLayerStats QOE to map
12-04 16:30:58.047  1955  1955 I WifiHAL : Get link layer stats
12-04 16:30:58.047  1955  1955 I WifiHAL : GetLinkStatsCommand::create
12-04 16:30:58.047  1955  1955 D android.hardware.wifi@1.0-service-lazy: WifiRequest::create vendor command to iface 32, vendor_id=0x1a11, subcmd=0x1200, res=0
12-04 16:30:58.047  1955  1955 I android.hardware.wifi@1.0-service-lazy: WifiCommand::requestResponse err=-14
12-04 16:30:58.048  1955  1955 I WifiHAL : wifi_get_link_stats: result=-1
12-04 16:30:58.049  1639  3497 E WifiVendorHal: getWifiLinkLayerStats_1_5_Internal(l.1176) failed {.code = ERROR_UNKNOWN, .description = unknown}
12-04 16:30:58.149  3597  7120 E SLM-SRV-SLAService: readLine:
12-04 16:30:58.149  3597  7120 E SLM-SRV-SLAService: java.io.FileNotFoundException: /sys/class/thermal/thermal_message/balance_mode: open failed: ENOENT (No such file or directory)
12-04 16:30:58.149  3597  7120 E SLM-SRV-SLAService: 	at libcore.io.IoBridge.open(IoBridge.java:574)
12-04 16:30:58.149  3597  7120 E SLM-SRV-SLAService: 	at java.io.FileInputStream.<init>(FileInputStream.java:179)
12-04 16:30:58.149  3597  7120 E SLM-SRV-SLAService: 	at java.io.FileInputStream.<init>(FileInputStream.java:133)
12-04 16:30:58.149  3597  7120 E SLM-SRV-SLAService: 	at java.io.FileReader.<init>(FileReader.java:60)
12-04 16:30:58.149  3597  7120 E SLM-SRV-SLAService: 	at com.xiaomi.NetworkBoost.slaservice.SLAService.readLine(SLAService.java:1237)
12-04 16:30:58.149  3597  7120 E SLM-SRV-SLAService: 	at com.xiaomi.NetworkBoost.slaservice.SLAService.isPerformanceMode(SLAService.java:1262)
12-04 16:30:58.149  3597  7120 E SLM-SRV-SLAService: 	at com.xiaomi.NetworkBoost.slaservice.SLAService.checktemp(SLAService.java:1293)
12-04 16:30:58.149  3597  7120 E SLM-SRV-SLAService: 	at com.xiaomi.NetworkBoost.slaservice.SLAService.access$2500(SLAService.java:125)
12-04 16:30:58.149  3597  7120 E SLM-SRV-SLAService: 	at com.xiaomi.NetworkBoost.slaservice.SLAService$ThermalStateListener.onEvent(SLAService.java:1226)
12-04 16:30:58.149  3597  7120 E SLM-SRV-SLAService: 	at android.os.FileObserver$ObserverThread.onEvent(FileObserver.java:166)
12-04 16:30:58.149  3597  7120 E SLM-SRV-SLAService: 	at android.os.FileObserver$ObserverThread.observe(Native Method)
12-04 16:30:58.149  3597  7120 E SLM-SRV-SLAService: 	at android.os.FileObserver$ObserverThread.run(FileObserver.java:116)
12-04 16:30:58.149  3597  7120 E SLM-SRV-SLAService: Caused by: android.system.ErrnoException: open failed: ENOENT (No such file or directory)
12-04 16:30:58.149  3597  7120 E SLM-SRV-SLAService: 	at libcore.io.Linux.open(Native Method)
12-04 16:30:58.149  3597  7120 E SLM-SRV-SLAService: 	at libcore.io.ForwardingOs.open(ForwardingOs.java:568)
12-04 16:30:58.149  3597  7120 E SLM-SRV-SLAService: 	at libcore.io.BlockGuardOs.open(BlockGuardOs.java:274)
12-04 16:30:58.149  3597  7120 E SLM-SRV-SLAService: 	at libcore.io.ForwardingOs.open(ForwardingOs.java:568)
12-04 16:30:58.149  3597  7120 E SLM-SRV-SLAService: 	at android.app.ActivityThread$AndroidOs.open(ActivityThread.java:8108)
12-04 16:30:58.149  3597  7120 E SLM-SRV-SLAService: 	at libcore.io.IoBridge.open(IoBridge.java:560)
12-04 16:30:58.149  3597  7120 E SLM-SRV-SLAService: 	... 11 more
12-04 16:30:58.149  3597  7120 D SLM-SRV-SLAService: checktemp temperature = 38000 temperature_average = 37166 isPerformanceMode = false thermal_enable_slm = true
12-04 16:30:58.150  3597  7120 E SLM-SRV-SLAService: readLine:
12-04 16:30:58.150  3597  7120 E SLM-SRV-SLAService: java.io.FileNotFoundException: /sys/class/thermal/thermal_message/balance_mode: open failed: ENOENT (No such file or directory)
12-04 16:30:58.150  3597  7120 E SLM-SRV-SLAService: 	at libcore.io.IoBridge.open(IoBridge.java:574)
12-04 16:30:58.150  3597  7120 E SLM-SRV-SLAService: 	at java.io.FileInputStream.<init>(FileInputStream.java:179)
12-04 16:30:58.150  3597  7120 E SLM-SRV-SLAService: 	at java.io.FileInputStream.<init>(FileInputStream.java:133)
12-04 16:30:58.150  3597  7120 E SLM-SRV-SLAService: 	at java.io.FileReader.<init>(FileReader.java:60)
12-04 16:30:58.150  3597  7120 E SLM-SRV-SLAService: 	at com.xiaomi.NetworkBoost.slaservice.SLAService.readLine(SLAService.java:1237)
12-04 16:30:58.150  3597  7120 E SLM-SRV-SLAService: 	at com.xiaomi.NetworkBoost.slaservice.SLAService.isPerformanceMode(SLAService.java:1262)
12-04 16:30:58.150  3597  7120 E SLM-SRV-SLAService: 	at com.xiaomi.NetworkBoost.slaservice.SLAService.checktemp(SLAService.java:1294)
12-04 16:30:58.150  3597  7120 E SLM-SRV-SLAService: 	at com.xiaomi.NetworkBoost.slaservice.SLAService.access$2500(SLAService.java:125)
12-04 16:30:58.150  3597  7120 E SLM-SRV-SLAService: 	at com.xiaomi.NetworkBoost.slaservice.SLAService$ThermalStateListener.onEvent(SLAService.java:1226)
12-04 16:30:58.150  3597  7120 E SLM-SRV-SLAService: 	at android.os.FileObserver$ObserverThread.onEvent(FileObserver.java:166)
12-04 16:30:58.150  3597  7120 E SLM-SRV-SLAService: 	at android.os.FileObserver$ObserverThread.observe(Native Method)
12-04 16:30:58.150  3597  7120 E SLM-SRV-SLAService: 	at android.os.FileObserver$ObserverThread.run(FileObserver.java:116)
12-04 16:30:58.150  3597  7120 E SLM-SRV-SLAService: Caused by: android.system.ErrnoException: open failed: ENOENT (No such file or directory)
12-04 16:30:58.150  3597  7120 E SLM-SRV-SLAService: 	at libcore.io.Linux.open(Native Method)
12-04 16:30:58.150  3597  7120 E SLM-SRV-SLAService: 	at libcore.io.ForwardingOs.open(ForwardingOs.java:568)
12-04 16:30:58.150  3597  7120 E SLM-SRV-SLAService: 	at libcore.io.BlockGuardOs.open(BlockGuardOs.java:274)
12-04 16:30:58.150  3597  7120 E SLM-SRV-SLAService: 	at libcore.io.ForwardingOs.open(ForwardingOs.java:568)
12-04 16:30:58.150  3597  7120 E SLM-SRV-SLAService: 	at android.app.ActivityThread$AndroidOs.open(ActivityThread.java:8108)
12-04 16:30:58.150  3597  7120 E SLM-SRV-SLAService: 	at libcore.io.IoBridge.open(IoBridge.java:560)
12-04 16:30:58.150  3597  7120 E SLM-SRV-SLAService: 	... 11 more
12-04 16:30:58.242   876   937 I libPerfCtl: xgfGetFPS pid:2248 fps:-1
12-04 16:30:58.332  1639  1914 I SmartPower.com.google.android.googlequicksearchbox:interactor/10159(3296): background->idle(3001ms) R(broadcast start Intent { act=android.intent.action.BATTERY_CHANGED flg=0x60000010 (has extras) }) adj=100.
12-04 16:30:58.332  1639  1914 I SmartPower.com.facebook.appmanager/10126(17415): background->idle(3000ms) R(broadcast start Intent { act=android.intent.action.BATTERY_CHANGED flg=0x60000010 (has extras) }) adj=945.
12-04 16:30:58.332  1639  1914 I SmartPower: com.google.android.googlequicksearchbox/10159 state=inactive adj=100 proc size=3 move to idle broadcast start Intent { act=android.intent.action.BATTERY_CHANGED flg=0x60000010 (has extras) }
12-04 16:30:58.333  1639  1914 I SmartPower: com.facebook.appmanager/10126 state=inactive adj=945 proc size=1 move to idle broadcast start Intent { act=android.intent.action.BATTERY_CHANGED flg=0x60000010 (has extras) }
12-04 16:30:58.336  1639  1914 I SmartPower.com.google.android.apps.tachyon/10252(6862): background->idle(3001ms) R(broadcast start Intent { act=android.intent.action.BATTERY_CHANGED flg=0x60000010 (has extras) }) adj=945.
12-04 16:30:58.336  1639  1914 I SmartPower: com.google.android.apps.tachyon/10252 state=inactive adj=945 proc size=1 move to idle broadcast start Intent { act=android.intent.action.BATTERY_CHANGED flg=0x60000010 (has extras) }
12-04 16:30:58.501  1243  1338 D AAL     : onALIChanged: 211 -> 212
12-04 16:30:58.502  1243  1338 D AALLightSensor: Notify lux = 212
12-04 16:30:58.570  2243  2243 W Settings: Setting airplane_mode_on has moved from android.provider.Settings.System to android.provider.Settings.Global, returning read-only value.
12-04 16:30:58.575  2248  2532 D MobileStatusTracker(5): onSignalStrengthsChanged signalStrength=SignalStrength:{mCdma=CellSignalStrengthCdma: cdmaDbm=2147483647 cdmaEcio=2147483647 evdoDbm=2147483647 evdoEcio=2147483647 evdoSnr=2147483647 miuiLevel=0 mOptimizedLevel=0 level=0,mGsm=CellSignalStrengthGsm: rssi=2147483647 ber=2147483647 mTa=2147483647 miuiLevel=0 mOptimizedLevel=0 mLevel=0,mWcdma=CellSignalStrengthWcdma: ss=2147483647 ber=2147483647 rscp=2147483647 ecno=2147483647 miuiLevel=0 mOptimizedLevel=0 level=0,mTdscdma=CellSignalStrengthTdscdma: rssi=2147483647 ber=2147483647 rscp=2147483647 miuiLevel=0 mOptimizedLevel=0 level=0,mLte=CellSignalStrengthLte: rssi=2147483647 rsrp=-100 rsrq=-10 rssnr=4 cqiTableIndex=2147483647 cqi=0 ta=0 miuiLevel=4 mOptimizedLevel=0 level=3 parametersUseForLevel=0,mNr=CellSignalStrengthNr:{ csiRsrp = 2147483647 csiRsrq = 2147483647 csiCqiTableIndex = 2147483647 csiCqiReport = [] ssRsrp = 2147483647 ssRsrq = 2147483647 ssSinr = 2147483647 miuiLevel = 0 mOptimizedLevel = 0 level = 0 parametersUseForLevel = 0 },primary=CellSignalStrengthLte}, phoneId=1, mMtkLevel=0, mMtkRsrpOnly=false, mMtkLteRsrpThreshold=null, mMtkLteRssnrThreshold=null
12-04 16:30:58.803  1955  1955 I WifiHAL : Get link layer stats
12-04 16:30:58.804  1955  1955 I WifiHAL : GetLinkStatsCommand::create
12-04 16:30:58.804  1955  1955 D android.hardware.wifi@1.0-service-lazy: WifiRequest::create vendor command to iface 32, vendor_id=0x1a11, subcmd=0x1200, res=0
12-04 16:30:58.804  1955  1955 I android.hardware.wifi@1.0-service-lazy: WifiCommand::requestResponse err=-14
12-04 16:30:58.804  1955  1955 I WifiHAL : wifi_get_link_stats: result=-1
12-04 16:30:58.805  1639  1846 E WifiVendorHal: getWifiLinkLayerStats_1_5_Internal(l.1176) failed {.code = ERROR_UNKNOWN, .description = unknown}
12-04 16:30:58.861  2248  2508 E gralloc4: Empty SMPTE 2094-40 data
12-04 16:30:58.877   952   952 I BufferQueueProducer: [StatusBar#89](this:0xb4000073199a08a8,id:-1,api:0,p:-1,c:952) queueBuffer: fps=0.66 dur=3038.66 max=2590.00 min=448.66
12-04 16:30:58.880   862   955 I hwcomposer: [HWCDisplay] [Display_0 (type:1)] fps:1.316444,dur:3038.49,max:2511.85,min:78.31  
12-04 16:30:58.882   952   952 I surfaceflinger: surfaceflinger setAffinity mode=0
12-04 16:30:58.979   862  1199 I hwcomposer: [HWC] (0)fire a callback of refresh to SF[4]  
12-04 16:30:59.001   952   952 E gralloc4: Empty SMPTE 2094-40 data
12-04 16:30:59.002   952   952 I BufferQueueProducer: [FramebufferSurface](this:0xb4000073e8dc76e0,id:-1,api:1,p:952,c:952) queueBuffer: fps=0.66 dur=3038.62 max=2634.02 min=404.59
12-04 16:30:59.004   952   952 I surfaceflinger: surfaceflinger setAffinity mode=1
12-04 16:30:59.004   952   952 I surfaceflinger: surfaceflinger setreAffinity reTid=999
12-04 16:30:59.044  3597  7041 I NetworkSDKService: getQoEByAvailableIfaceName: wlan0
12-04 16:30:59.045  1639  3500 D MiuiWifiService: ending put WifiLinkLayerStats QOE to map
12-04 16:30:59.048  1955  1955 I WifiHAL : Get link layer stats
12-04 16:30:59.049  1955  1955 I WifiHAL : GetLinkStatsCommand::create
12-04 16:30:59.049  1955  1955 D android.hardware.wifi@1.0-service-lazy: WifiRequest::create vendor command to iface 32, vendor_id=0x1a11, subcmd=0x1200, res=0
12-04 16:30:59.049  1955  1955 I android.hardware.wifi@1.0-service-lazy: WifiCommand::requestResponse err=-14
12-04 16:30:59.049  1955  1955 I WifiHAL : wifi_get_link_stats: result=-1
12-04 16:30:59.050  1639  3500 E WifiVendorHal: getWifiLinkLayerStats_1_5_Internal(l.1176) failed {.code = ERROR_UNKNOWN, .description = unknown}
12-04 16:30:59.901  1243  1338 D AALLightSensor: oldLux=212 [SA:212 LA:211] newLux=212 (oriLux: 212)
12-04 16:31:00.001  1639  1797 D AlarmManagerService: inside native alarm timerfd set Alarm Type = 2
12-04 16:31:00.001  1639  1797 D AlarmManagerService: inside native alarm timerfd set Alarm Type = 3
12-04 16:31:00.003  1639  1797 D AlarmManagerService: inside native alarm timerfd set Alarm Type = 2
12-04 16:31:00.003  2248  2248 D KeyguardUpdateMonitor: received broadcast android.intent.action.TIME_TICK
12-04 16:31:00.004  2248  2248 D KeyguardUpdateMonitor: handleTimeUpdate
12-04 16:31:00.004  1639  1797 D AlarmManagerService: inside native alarm timerfd set Alarm Type = 3
12-04 16:31:00.045  3597  7041 I NetworkSDKService: getQoEByAvailableIfaceName: wlan0
12-04 16:31:00.046  2248  2508 E gralloc4: Empty SMPTE 2094-40 data
12-04 16:31:00.046  1639  3500 D MiuiWifiService: ending put WifiLinkLayerStats QOE to map
12-04 16:31:00.050  1955  1955 I WifiHAL : Get link layer stats
12-04 16:31:00.050  1955  1955 I WifiHAL : GetLinkStatsCommand::create
12-04 16:31:00.050  1955  1955 D android.hardware.wifi@1.0-service-lazy: WifiRequest::create vendor command to iface 32, vendor_id=0x1a11, subcmd=0x1200, res=0
12-04 16:31:00.050  1955  1955 I android.hardware.wifi@1.0-service-lazy: WifiCommand::requestResponse err=-14
12-04 16:31:00.050  1955  1955 I WifiHAL : wifi_get_link_stats: result=-1
12-04 16:31:00.052  1639  3500 E WifiVendorHal: getWifiLinkLayerStats_1_5_Internal(l.1176) failed {.code = ERROR_UNKNOWN, .description = unknown}
12-04 16:31:00.056   952   952 I BufferQueueProducer: [StatusBar#89](this:0xb4000073199a08a8,id:-1,api:0,p:-1,c:952) queueBuffer: fps=0.85 dur=1179.04 max=1179.04 min=1179.04
12-04 16:31:00.060   862   955 I hwcomposer: [HWCDisplay] [Display_0 (type:1)] fps:1.695585,dur:1179.53,max:1057.29,min:122.24  
12-04 16:31:00.061   952   952 I surfaceflinger: surfaceflinger setAffinity mode=0
12-04 16:31:00.067  2248  2508 E gralloc4: Empty SMPTE 2094-40 data
12-04 16:31:00.159   862  1199 I hwcomposer: [HWC] (0)fire a callback of refresh to SF[4]  
12-04 16:31:00.178   952   952 E gralloc4: Empty SMPTE 2094-40 data
12-04 16:31:00.179   952   952 I BufferQueueProducer: [FramebufferSurface](this:0xb4000073e8dc76e0,id:-1,api:1,p:952,c:952) queueBuffer: fps=0.85 dur=1177.27 max=1177.27 min=1177.27
12-04 16:31:00.181   952   952 I surfaceflinger: surfaceflinger setAffinity mode=1
12-04 16:31:00.181   952   952 I surfaceflinger: surfaceflinger setreAffinity reTid=999
12-04 16:31:00.334  1639  1914 I SmartPower: com.google.android.googlequicksearchbox/10159 state=idle adj=100 proc size=3 move to hibernation broadcast start Intent { act=android.intent.action.BATTERY_CHANGED flg=0x60000010 (has extras) }
12-04 16:31:00.334  1639  1914 I SmartPower: com.facebook.appmanager/10126 state=idle adj=945 proc size=1 move to hibernation broadcast start Intent { act=android.intent.action.BATTERY_CHANGED flg=0x60000010 (has extras) }
12-04 16:31:00.336  1639  1914 I SmartPower: com.google.android.apps.tachyon/10252 state=idle adj=945 proc size=1 move to hibernation broadcast start Intent { act=android.intent.action.BATTERY_CHANGED flg=0x60000010 (has extras) }
12-04 16:31:01.046  3597  7041 I NetworkSDKService: getQoEByAvailableIfaceName: wlan0
12-04 16:31:01.047  1639  3497 D MiuiWifiService: ending put WifiLinkLayerStats QOE to map
12-04 16:31:01.049   876   937 I libPerfCtl: xgfGetFPS pid:2248 fps:-1
12-04 16:31:01.051  1955  1955 I WifiHAL : Get link layer stats
12-04 16:31:01.051  1955  1955 I WifiHAL : GetLinkStatsCommand::create
12-04 16:31:01.051  1955  1955 D android.hardware.wifi@1.0-service-lazy: WifiRequest::create vendor command to iface 32, vendor_id=0x1a11, subcmd=0x1200, res=0
12-04 16:31:01.051  1955  1955 I android.hardware.wifi@1.0-service-lazy: WifiCommand::requestResponse err=-14
12-04 16:31:01.051  1955  1955 I WifiHAL : wifi_get_link_stats: result=-1
12-04 16:31:01.052  1639  3497 E WifiVendorHal: getWifiLinkLayerStats_1_5_Internal(l.1176) failed {.code = ERROR_UNKNOWN, .description = unknown}
12-04 16:31:01.181  2243  2243 W Settings: Setting airplane_mode_on has moved from android.provider.Settings.System to android.provider.Settings.Global, returning read-only value.
12-04 16:31:01.186  2248  2532 D MobileStatusTracker(4): onSignalStrengthsChanged signalStrength=SignalStrength:{mCdma=CellSignalStrengthCdma: cdmaDbm=2147483647 cdmaEcio=2147483647 evdoDbm=2147483647 evdoEcio=2147483647 evdoSnr=2147483647 miuiLevel=0 mOptimizedLevel=0 level=0,mGsm=CellSignalStrengthGsm: rssi=2147483647 ber=2147483647 mTa=2147483647 miuiLevel=0 mOptimizedLevel=0 mLevel=0,mWcdma=CellSignalStrengthWcdma: ss=2147483647 ber=2147483647 rscp=2147483647 ecno=2147483647 miuiLevel=0 mOptimizedLevel=0 level=0,mTdscdma=CellSignalStrengthTdscdma: rssi=2147483647 ber=2147483647 rscp=2147483647 miuiLevel=0 mOptimizedLevel=0 level=0,mLte=CellSignalStrengthLte: rssi=2147483647 rsrp=-83 rsrq=-9 rssnr=15 cqiTableIndex=2147483647 cqi=0 ta=0 miuiLevel=5 mOptimizedLevel=0 level=4 parametersUseForLevel=0,mNr=CellSignalStrengthNr:{ csiRsrp = 2147483647 csiRsrq = 2147483647 csiCqiTableIndex = 2147483647 csiCqiReport = [] ssRsrp = 2147483647 ssRsrq = 2147483647 ssSinr = 2147483647 miuiLevel = 0 mOptimizedLevel = 0 level = 0 parametersUseForLevel = 0 },primary=CellSignalStrengthLte}, phoneId=0, mMtkLevel=0, mMtkRsrpOnly=false, mMtkLteRsrpThreshold=null, mMtkLteRssnrThreshold=null
12-04 16:31:01.188  1041  1121 I mi_thermald: special_target_modify: set generic device battery to 0
12-04 16:31:01.189  1041  1121 I mi_thermald: generic_set_level: set generic device battery to 0
12-04 16:31:01.841  1955  1955 I WifiHAL : Get link layer stats
12-04 16:31:01.841  1955  1955 I WifiHAL : GetLinkStatsCommand::create
12-04 16:31:01.841  1955  1955 D android.hardware.wifi@1.0-service-lazy: WifiRequest::create vendor command to iface 32, vendor_id=0x1a11, subcmd=0x1200, res=0
12-04 16:31:01.841  1955  1955 I android.hardware.wifi@1.0-service-lazy: WifiCommand::requestResponse err=-14
12-04 16:31:01.841  1955  1955 I WifiHAL : wifi_get_link_stats: result=-1
12-04 16:31:01.843  1639  1846 E WifiVendorHal: getWifiLinkLayerStats_1_5_Internal(l.1176) failed {.code = ERROR_UNKNOWN, .description = unknown}
12-04 16:31:01.877  2248  2508 E gralloc4: Empty SMPTE 2094-40 data
12-04 16:31:01.889   952   952 I BufferQueueProducer: [StatusBar#89](this:0xb4000073199a08a8,id:-1,api:0,p:-1,c:952) queueBuffer: fps=1.09 dur=1832.94 max=1816.24 min=16.70
12-04 16:31:01.893   862   955 I hwcomposer: [HWCDisplay] [Display_0 (type:1)] fps:1.636531,dur:1833.15,max:1713.07,min:15.29  
12-04 16:31:01.895   952   952 I surfaceflinger: surfaceflinger setAffinity mode=0
12-04 16:31:02.019   862  1199 I hwcomposer: [HWC] (0)fire a callback of refresh to SF[4]  
12-04 16:31:02.040   952   952 E gralloc4: Empty SMPTE 2094-40 data
12-04 16:31:02.040   952   952 I BufferQueueProducer: [FramebufferSurface](this:0xb4000073e8dc76e0,id:-1,api:1,p:952,c:952) queueBuffer: fps=0.54 dur=1861.18 max=1861.18 min=1861.18
12-04 16:31:02.042   952   952 I surfaceflinger: surfaceflinger setAffinity mode=1
12-04 16:31:02.042   952   952 I surfaceflinger: surfaceflinger setreAffinity reTid=999
12-04 16:31:02.048  3597  7041 I NetworkSDKService: getQoEByAvailableIfaceName: wlan0
12-04 16:31:02.048  1639  3497 D MiuiWifiService: ending put WifiLinkLayerStats QOE to map
12-04 16:31:02.049   876   937 I libPerfCtl: xgfGetFPS pid:2248 fps:-1
12-04 16:31:02.051  1955  1955 I WifiHAL : Get link layer stats
12-04 16:31:02.051  1955  1955 I WifiHAL : GetLinkStatsCommand::create
12-04 16:31:02.051  1955  1955 D android.hardware.wifi@1.0-service-lazy: WifiRequest::create vendor command to iface 32, vendor_id=0x1a11, subcmd=0x1200, res=0
12-04 16:31:02.051  1955  1955 I android.hardware.wifi@1.0-service-lazy: WifiCommand::requestResponse err=-14
12-04 16:31:02.051  1955  1955 I WifiHAL : wifi_get_link_stats: result=-1
12-04 16:31:02.052  1639  3497 E WifiVendorHal: getWifiLinkLayerStats_1_5_Internal(l.1176) failed {.code = ERROR_UNKNOWN, .description = unknown}
