12-04 16:30:40.249   862   955 I hwcomposer: [HWCDisplay] [Display_0 (type:1)] fps:0.772230,dur:2589.90,max:2468.43,min:121.47  
12-04 16:30:40.251   952   952 I surfaceflinger: surfaceflinger setAffinity mode=0
12-04 16:30:40.351   862  1199 I hwcomposer: [HWC] (0)fire a callback of refresh to SF[4]  
12-04 16:30:40.370   952   952 E gralloc4: Empty SMPTE 2094-40 data
12-04 16:30:40.370   952   952 I BufferQueueProducer: [FramebufferSurface](this:0xb4000073e8dc76e0,id:-1,api:1,p:952,c:952) queueBuffer: fps=0.39 dur=2590.64 max=2590.64 min=2590.64
12-04 16:30:40.373   952   952 I surfaceflinger: surfaceflinger setAffinity mode=1
12-04 16:30:40.374   952   952 I surfaceflinger: surfaceflinger setreAffinity reTid=999
12-04 16:30:40.413  2248  2508 E gralloc4: Empty SMPTE 2094-40 data
12-04 16:30:40.414  2248  2508 E gralloc4: Empty SMPTE 2094-40 data
12-04 16:30:40.428   952   952 I BufferQueueProducer: [NavigationBar0#85](this:0xb4000073e8e4e8a8,id:-1,api:0,p:-1,c:952) queueBuffer: fps=0.02 dur=85251.53 max=85019.54 min=231.99
12-04 16:30:40.434   952   952 I surfaceflinger: surfaceflinger setAffinity mode=0
12-04 16:30:40.495   862  1199 I hwcomposer: [HWC] (0)fire a callback of refresh to SF[4]  
12-04 16:30:40.506   952   952 E gralloc4: Empty SMPTE 2094-40 data
12-04 16:30:40.508   952   952 I surfaceflinger: surfaceflinger setAffinity mode=1
12-04 16:30:40.508   952   952 I surfaceflinger: surfaceflinger setreAffinity reTid=999
12-04 16:30:40.610  1955  1955 I WifiHAL : Get link layer stats
12-04 16:30:40.611  1955  1955 I WifiHAL : GetLinkStatsCommand::create
12-04 16:30:40.611  1955  1955 D android.hardware.wifi@1.0-service-lazy: WifiRequest::create vendor command to iface 32, vendor_id=0x1a11, subcmd=0x1200, res=0
12-04 16:30:40.611  1955  1955 I android.hardware.wifi@1.0-service-lazy: WifiCommand::requestResponse err=-14
12-04 16:30:40.611  1955  1955 I WifiHAL : wifi_get_link_stats: result=-1
12-04 16:30:40.612  1639  1846 E WifiVendorHal: getWifiLinkLayerStats_1_5_Internal(l.1176) failed {.code = ERROR_UNKNOWN, .description = unknown}
12-04 16:30:40.652  2248  2508 E gralloc4: Empty SMPTE 2094-40 data
12-04 16:30:40.668   952   952 I surfaceflinger: surfaceflinger setAffinity mode=0
12-04 16:30:40.702  2243  2243 W Settings: Setting airplane_mode_on has moved from android.provider.Settings.System to android.provider.Settings.Global, returning read-only value.
12-04 16:30:40.708  2248  2532 D MobileStatusTracker(4): onSignalStrengthsChanged signalStrength=SignalStrength:{mCdma=CellSignalStrengthCdma: cdmaDbm=2147483647 cdmaEcio=2147483647 evdoDbm=2147483647 evdoEcio=2147483647 evdoSnr=2147483647 miuiLevel=0 mOptimizedLevel=0 level=0,mGsm=CellSignalStrengthGsm: rssi=2147483647 ber=2147483647 mTa=2147483647 miuiLevel=0 mOptimizedLevel=0 mLevel=0,mWcdma=CellSignalStrengthWcdma: ss=2147483647 ber=2147483647 rscp=2147483647 ecno=2147483647 miuiLevel=0 mOptimizedLevel=0 level=0,mTdscdma=CellSignalStrengthTdscdma: rssi=2147483647 ber=2147483647 rscp=2147483647 miuiLevel=0 mOptimizedLevel=0 level=0,mLte=CellSignalStrengthLte: rssi=2147483647 rsrp=-83 rsrq=-8 rssnr=16 cqiTableIndex=2147483647 cqi=0 ta=0 miuiLevel=5 mOptimizedLevel=0 level=4 parametersUseForLevel=0,mNr=CellSignalStrengthNr:{ csiRsrp = 2147483647 csiRsrq = 2147483647 csiCqiTableIndex = 2147483647 csiCqiReport = [] ssRsrp = 2147483647 ssRsrq = 2147483647 ssSinr = 2147483647 miuiLevel = 0 mOptimizedLevel = 0 level = 0 parametersUseForLevel = 0 },primary=CellSignalStrengthLte}, phoneId=0, mMtkLevel=0, mMtkRsrpOnly=false, mMtkLteRsrpThreshold=null, mMtkLteRssnrThreshold=null
12-04 16:30:40.735   862  1199 I hwcomposer: [HWC] (0)fire a callback of refresh to SF[4]  
12-04 16:30:40.756   952   952 E gralloc4: Empty SMPTE 2094-40 data
12-04 16:30:40.758   952   952 I surfaceflinger: surfaceflinger setAffinity mode=1
12-04 16:30:40.758   952   952 I surfaceflinger: surfaceflinger setreAffinity reTid=999
12-04 16:30:41.023  3597  7041 I NetworkSDKService: getQoEByAvailableIfaceName: wlan0
12-04 16:30:41.024  1639  3500 D MiuiWifiService: ending put WifiLinkLayerStats QOE to map
12-04 16:30:41.027  1955  1955 I WifiHAL : Get link layer stats
12-04 16:30:41.027  1955  1955 I WifiHAL : GetLinkStatsCommand::create
12-04 16:30:41.027  1955  1955 D android.hardware.wifi@1.0-service-lazy: WifiRequest::create vendor command to iface 32, vendor_id=0x1a11, subcmd=0x1200, res=0
12-04 16:30:41.028  1955  1955 I android.hardware.wifi@1.0-service-lazy: WifiCommand::requestResponse err=-14
12-04 16:30:41.028  1955  1955 I WifiHAL : wifi_get_link_stats: result=-1
12-04 16:30:41.029  1639  3500 E WifiVendorHal: getWifiLinkLayerStats_1_5_Internal(l.1176) failed {.code = ERROR_UNKNOWN, .description = unknown}
12-04 16:30:41.237   876   937 I libPerfCtl: xgfGetFPS pid:2248 fps:-1
12-04 16:30:42.024  3597  7041 I NetworkSDKService: getQoEByAvailableIfaceName: wlan0
12-04 16:30:42.025  1639  3500 D MiuiWifiService: ending put WifiLinkLayerStats QOE to map
12-04 16:30:42.028  1955  1955 I WifiHAL : Get link layer stats
12-04 16:30:42.028  1955  1955 I WifiHAL : GetLinkStatsCommand::create
12-04 16:30:42.028  1955  1955 D android.hardware.wifi@1.0-service-lazy: WifiRequest::create vendor command to iface 32, vendor_id=0x1a11, subcmd=0x1200, res=0
12-04 16:30:42.028  1955  1955 I android.hardware.wifi@1.0-service-lazy: WifiCommand::requestResponse err=-14
12-04 16:30:42.029  1955  1955 I WifiHAL : wifi_get_link_stats: result=-1
12-04 16:30:42.030  1639  3500 E WifiVendorHal: getWifiLinkLayerStats_1_5_Internal(l.1176) failed {.code = ERROR_UNKNOWN, .description = unknown}
12-04 16:30:42.237   876   937 I libPerfCtl: xgfGetFPS pid:2248 fps:-1
12-04 16:30:42.501  1243  1338 D AALLightSensor: oldLux=210 [SA:210 LA:210] newLux=210 (oriLux: 210)
12-04 16:30:43.026  3597  7041 I NetworkSDKService: getQoEByAvailableIfaceName: wlan0
12-04 16:30:43.027  1639  3500 D MiuiWifiService: ending put WifiLinkLayerStats QOE to map
12-04 16:30:43.030  1955  1955 I WifiHAL : Get link layer stats
12-04 16:30:43.030  1955  1955 I WifiHAL : GetLinkStatsCommand::create
12-04 16:30:43.030  1955  1955 D android.hardware.wifi@1.0-service-lazy: WifiRequest::create vendor command to iface 32, vendor_id=0x1a11, subcmd=0x1200, res=0
12-04 16:30:43.030  1955  1955 I android.hardware.wifi@1.0-service-lazy: WifiCommand::requestResponse err=-14
12-04 16:30:43.030  1955  1955 I WifiHAL : wifi_get_link_stats: result=-1
12-04 16:30:43.032  1639  3500 E WifiVendorHal: getWifiLinkLayerStats_1_5_Internal(l.1176) failed {.code = ERROR_UNKNOWN, .description = unknown}
12-04 16:30:43.210  2243  2243 W Settings: Setting airplane_mode_on has moved from android.provider.Settings.System to android.provider.Settings.Global, returning read-only value.
12-04 16:30:43.216  2248  2532 D MobileStatusTracker(5): onSignalStrengthsChanged signalStrength=SignalStrength:{mCdma=CellSignalStrengthCdma: cdmaDbm=2147483647 cdmaEcio=2147483647 evdoDbm=2147483647 evdoEcio=2147483647 evdoSnr=2147483647 miuiLevel=0 mOptimizedLevel=0 level=0,mGsm=CellSignalStrengthGsm: rssi=2147483647 ber=2147483647 mTa=2147483647 miuiLevel=0 mOptimizedLevel=0 mLevel=0,mWcdma=CellSignalStrengthWcdma: ss=2147483647 ber=2147483647 rscp=2147483647 ecno=2147483647 miuiLevel=0 mOptimizedLevel=0 level=0,mTdscdma=CellSignalStrengthTdscdma: rssi=2147483647 ber=2147483647 rscp=2147483647 miuiLevel=0 mOptimizedLevel=0 level=0,mLte=CellSignalStrengthLte: rssi=2147483647 rsrp=-100 rsrq=-9 rssnr=6 cqiTableIndex=2147483647 cqi=0 ta=0 miuiLevel=4 mOptimizedLevel=0 level=3 parametersUseForLevel=0,mNr=CellSignalStrengthNr:{ csiRsrp = 2147483647 csiRsrq = 2147483647 csiCqiTableIndex = 2147483647 csiCqiReport = [] ssRsrp = 2147483647 ssRsrq = 2147483647 ssSinr = 2147483647 miuiLevel = 0 mOptimizedLevel = 0 level = 0 parametersUseForLevel = 0 },primary=CellSignalStrengthLte}, phoneId=1, mMtkLevel=0, mMtkRsrpOnly=false, mMtkLteRsrpThreshold=null, mMtkLteRssnrThreshold=null
12-04 16:30:43.237   876   937 I libPerfCtl: xgfGetFPS pid:2248 fps:-1
12-04 16:30:43.302  1243  1338 D AAL     : onALIChanged: 210 -> 211
12-04 16:30:43.304  1243  1338 D AALLightSensor: Notify lux = 211
12-04 16:30:43.410 23752 23752 W ThreadPoolForeg: type=1400 audit(0.0:438656): avc: denied { write } for name="traced_producer" dev="tmpfs" ino=19037 scontext=u:r:gmscore_app:s0:c743,c771 tcontext=u:object_r:traced_producer_socket:s0 tclass=sock_file permissive=0
12-04 16:30:43.579 16139  8820 E adbd    : error reading output FD 36: Connection reset by peer
12-04 16:30:43.648  1955  1955 I WifiHAL : Get link layer stats
12-04 16:30:43.648  1955  1955 I WifiHAL : GetLinkStatsCommand::create
12-04 16:30:43.648  1955  1955 D android.hardware.wifi@1.0-service-lazy: WifiRequest::create vendor command to iface 32, vendor_id=0x1a11, subcmd=0x1200, res=0
12-04 16:30:43.648  1955  1955 I android.hardware.wifi@1.0-service-lazy: WifiCommand::requestResponse err=-14
12-04 16:30:43.648  1955  1955 I WifiHAL : wifi_get_link_stats: result=-1
12-04 16:30:43.649  1639  1846 E WifiVendorHal: getWifiLinkLayerStats_1_5_Internal(l.1176) failed {.code = ERROR_UNKNOWN, .description = unknown}
12-04 16:30:44.027  3597  7041 I NetworkSDKService: getQoEByAvailableIfaceName: wlan0
12-04 16:30:44.028  1639  3500 D MiuiWifiService: ending put WifiLinkLayerStats QOE to map
12-04 16:30:44.031  1955  1955 I WifiHAL : Get link layer stats
12-04 16:30:44.031  1955  1955 I WifiHAL : GetLinkStatsCommand::create
12-04 16:30:44.032  1955  1955 D android.hardware.wifi@1.0-service-lazy: WifiRequest::create vendor command to iface 32, vendor_id=0x1a11, subcmd=0x1200, res=0
12-04 16:30:44.032  1955  1955 I android.hardware.wifi@1.0-service-lazy: WifiCommand::requestResponse err=-14
12-04 16:30:44.032  1955  1955 I WifiHAL : wifi_get_link_stats: result=-1
12-04 16:30:44.033  1639  3500 E WifiVendorHal: getWifiLinkLayerStats_1_5_Internal(l.1176) failed {.code = ERROR_UNKNOWN, .description = unknown}
12-04 16:30:44.238   876   937 I libPerfCtl: xgfGetFPS pid:2248 fps:-1
12-04 16:30:44.245  2248  2508 E gralloc4: Empty SMPTE 2094-40 data
12-04 16:30:44.249   952   952 I BufferQueueProducer: [StatusBar#89](this:0xb4000073199a08a8,id:-1,api:0,p:-1,c:952) queueBuffer: fps=0.75 dur=4003.47 max=3585.39 min=182.50
12-04 16:30:44.253   862   955 I hwcomposer: [HWCDisplay] [Display_0 (type:1)] fps:1.498568,dur:4003.82,max:3495.90,min:60.36  
12-04 16:30:44.255   952   952 I surfaceflinger: surfaceflinger setAffinity mode=0
12-04 16:30:44.267  2248  2508 E gralloc4: Empty SMPTE 2094-40 data
12-04 16:30:44.367   862  1199 I hwcomposer: [HWC] (0)fire a callback of refresh to SF[4]  
12-04 16:30:44.387   952   952 E gralloc4: Empty SMPTE 2094-40 data
12-04 16:30:44.388   952   952 I BufferQueueProducer: [FramebufferSurface](this:0xb4000073e8dc76e0,id:-1,api:1,p:952,c:952) queueBuffer: fps=0.75 dur=4017.33 max=3631.54 min=135.62
12-04 16:30:44.390   952   952 I surfaceflinger: surfaceflinger setAffinity mode=1
12-04 16:30:44.391   952   952 I surfaceflinger: surfaceflinger setreAffinity reTid=999
12-04 16:30:44.839  1163  1177 E WifiStandalone: write_to_file write kernel_log error, errno = 9(Bad file descriptor)
12-04 16:30:45.028  3597  7041 I NetworkSDKService: getQoEByAvailableIfaceName: wlan0
12-04 16:30:45.029  1639  3500 D MiuiWifiService: ending put WifiLinkLayerStats QOE to map
12-04 16:30:45.032  1955  1955 I WifiHAL : Get link layer stats
12-04 16:30:45.032  1955  1955 I WifiHAL : GetLinkStatsCommand::create
12-04 16:30:45.032  1955  1955 D android.hardware.wifi@1.0-service-lazy: WifiRequest::create vendor command to iface 32, vendor_id=0x1a11, subcmd=0x1200, res=0
12-04 16:30:45.032  1955  1955 I android.hardware.wifi@1.0-service-lazy: WifiCommand::requestResponse err=-14
12-04 16:30:45.032  1955  1955 I WifiHAL : wifi_get_link_stats: result=-1
12-04 16:30:45.033  1639  3500 E WifiVendorHal: getWifiLinkLayerStats_1_5_Internal(l.1176) failed {.code = ERROR_UNKNOWN, .description = unknown}
12-04 16:30:45.210   867   960 W AString : ctor got NULL, using empty string instead
12-04 16:30:45.211   867   960 I Gyroscope: write temp cali: [-490, -1486, -161, 28440, 74560, 6017]
12-04 16:30:45.211   867   960 W AString : ctor got NULL, using empty string instead
12-04 16:30:45.212   867   960 I Gyroscope: write bias: [0.000944, 0.001939, -0.000007]
12-04 16:30:45.238   876   937 I libPerfCtl: xgfGetFPS pid:2248 fps:-1
12-04 16:30:45.500  1243  1338 D AAL     : onALIChanged: 211 -> 210
12-04 16:30:45.502  1243  1338 D AALLightSensor: Notify lux = 210
12-04 16:30:45.588  1236  1236 I thermal_repeater: [recvMdThermalInfo] ret=26, strLen=127,  3, 34, -50, 197, 32767, 1
12-04 16:30:45.822  2243  2243 W Settings: Setting airplane_mode_on has moved from android.provider.Settings.System to android.provider.Settings.Global, returning read-only value.
12-04 16:30:45.828  2248  2532 D MobileStatusTracker(4): onSignalStrengthsChanged signalStrength=SignalStrength:{mCdma=CellSignalStrengthCdma: cdmaDbm=2147483647 cdmaEcio=2147483647 evdoDbm=2147483647 evdoEcio=2147483647 evdoSnr=2147483647 miuiLevel=0 mOptimizedLevel=0 level=0,mGsm=CellSignalStrengthGsm: rssi=2147483647 ber=2147483647 mTa=2147483647 miuiLevel=0 mOptimizedLevel=0 mLevel=0,mWcdma=CellSignalStrengthWcdma: ss=2147483647 ber=2147483647 rscp=2147483647 ecno=2147483647 miuiLevel=0 mOptimizedLevel=0 level=0,mTdscdma=CellSignalStrengthTdscdma: rssi=2147483647 ber=2147483647 rscp=2147483647 miuiLevel=0 mOptimizedLevel=0 level=0,mLte=CellSignalStrengthLte: rssi=2147483647 rsrp=-83 rsrq=-8 rssnr=14 cqiTableIndex=2147483647 cqi=0 ta=0 miuiLevel=5 mOptimizedLevel=0 level=4 parametersUseForLevel=0,mNr=CellSignalStrengthNr:{ csiRsrp = 2147483647 csiRsrq = 2147483647 csiCqiTableIndex = 2147483647 csiCqiReport = [] ssRsrp = 2147483647 ssRsrq = 2147483647 ssSinr = 2147483647 miuiLevel = 0 mOptimizedLevel = 0 level = 0 parametersUseForLevel = 0 },primary=CellSignalStrengthLte}, phoneId=0, mMtkLevel=0, mMtkRsrpOnly=false, mMtkLteRsrpThreshold=null, mMtkLteRssnrThreshold=null
12-04 16:30:46.030  3597  7041 I NetworkSDKService: getQoEByAvailableIfaceName: wlan0
12-04 16:30:46.031  1639  3500 D MiuiWifiService: ending put WifiLinkLayerStats QOE to map
12-04 16:30:46.034  1955  1955 I WifiHAL : Get link layer stats
12-04 16:30:46.035  1955  1955 I WifiHAL : GetLinkStatsCommand::create
12-04 16:30:46.035  1955  1955 D android.hardware.wifi@1.0-service-lazy: WifiRequest::create vendor command to iface 32, vendor_id=0x1a11, subcmd=0x1200, res=0
12-04 16:30:46.035  1955  1955 I android.hardware.wifi@1.0-service-lazy: WifiCommand::requestResponse err=-14
12-04 16:30:46.035  1955  1955 I WifiHAL : wifi_get_link_stats: result=-1
12-04 16:30:46.036  1639  3500 E WifiVendorHal: getWifiLinkLayerStats_1_5_Internal(l.1176) failed {.code = ERROR_UNKNOWN, .description = unknown}
12-04 16:30:46.181  2243  2257 I m.android.phone: Background concurrent copying GC freed 10MB AllocSpace bytes, 24(1248KB) LOS objects, 49% free, 11MB/23MB, paused 424us,394us total 356.860ms
12-04 16:30:46.238   876   937 I libPerfCtl: xgfGetFPS pid:2248 fps:-1
12-04 16:30:46.645 30437 30472 I id.gms.unstable: Explicit concurrent copying GC freed 124KB AllocSpace bytes, 0(0B) LOS objects, 24% free, 4430KB/5907KB, paused 160us,104us total 131.034ms
12-04 16:30:46.678  1955  1955 I WifiHAL : Get link layer stats
12-04 16:30:46.678  1955  1955 I WifiHAL : GetLinkStatsCommand::create
12-04 16:30:46.678  1955  1955 D android.hardware.wifi@1.0-service-lazy: WifiRequest::create vendor command to iface 32, vendor_id=0x1a11, subcmd=0x1200, res=0
12-04 16:30:46.678  1955  1955 I android.hardware.wifi@1.0-service-lazy: WifiCommand::requestResponse err=-14
12-04 16:30:46.678  1955  1955 I WifiHAL : wifi_get_link_stats: result=-1
12-04 16:30:46.680  1639  1846 E WifiVendorHal: getWifiLinkLayerStats_1_5_Internal(l.1176) failed {.code = ERROR_UNKNOWN, .description = unknown}
12-04 16:30:46.743  2248  2508 E gralloc4: Empty SMPTE 2094-40 data
12-04 16:30:46.755   952   952 I BufferQueueProducer: [StatusBar#89](this:0xb4000073199a08a8,id:-1,api:0,p:-1,c:952) queueBuffer: fps=0.80 dur=2505.89 max=2474.02 min=31.87
12-04 16:30:46.759   862   955 I hwcomposer: [HWCDisplay] [Display_0 (type:1)] fps:1.197192,dur:2505.86,max:2370.10,min:30.31  
12-04 16:30:46.760   952   952 I surfaceflinger: surfaceflinger setAffinity mode=0
12-04 16:30:46.859   862  1199 I hwcomposer: [HWC] (0)fire a callback of refresh to SF[4]  
12-04 16:30:46.879   952   952 E gralloc4: Empty SMPTE 2094-40 data
12-04 16:30:46.880   952   952 I BufferQueueProducer: [FramebufferSurface](this:0xb4000073e8dc76e0,id:-1,api:1,p:952,c:952) queueBuffer: fps=0.40 dur=2491.81 max=2491.81 min=2491.81
12-04 16:30:46.882   952   952 I surfaceflinger: surfaceflinger setAffinity mode=1
12-04 16:30:46.882   952   952 I surfaceflinger: surfaceflinger setreAffinity reTid=999
12-04 16:30:47.031  3597  7041 I NetworkSDKService: getQoEByAvailableIfaceName: wlan0
12-04 16:30:47.032  1639  3496 D MiuiWifiService: ending put WifiLinkLayerStats QOE to map
12-04 16:30:47.035  1955  1955 I WifiHAL : Get link layer stats
12-04 16:30:47.035  1955  1955 I WifiHAL : GetLinkStatsCommand::create
12-04 16:30:47.036  1955  1955 D android.hardware.wifi@1.0-service-lazy: WifiRequest::create vendor command to iface 32, vendor_id=0x1a11, subcmd=0x1200, res=0
12-04 16:30:47.036  1955  1955 I android.hardware.wifi@1.0-service-lazy: WifiCommand::requestResponse err=-14
12-04 16:30:47.036  1955  1955 I WifiHAL : wifi_get_link_stats: result=-1
12-04 16:30:47.037  1639  3496 E WifiVendorHal: getWifiLinkLayerStats_1_5_Internal(l.1176) failed {.code = ERROR_UNKNOWN, .description = unknown}
12-04 16:30:47.218  4192  4192 W PerfettoTrace: type=1400 audit(0.0:438657): avc: denied { write } for name="traced_producer" dev="tmpfs" ino=19037 scontext=u:r:gmscore_app:s0:c512,c768 tcontext=u:object_r:traced_producer_socket:s0 tclass=sock_file permissive=0 app=com.google.android.gms
12-04 16:30:47.238   876   937 I libPerfCtl: xgfGetFPS pid:2248 fps:-1
12-04 16:30:47.262 32437 32437 W ThreadPoolForeg: type=1400 audit(0.0:438658): avc: denied { write } for name="traced_producer" dev="tmpfs" ino=19037 scontext=u:r:gmscore_app:s0:c743,c771 tcontext=u:object_r:traced_producer_socket:s0 tclass=sock_file permissive=0
12-04 16:30:47.501  1243  1338 D AALLightSensor: oldLux=210 [SA:211 LA:211] newLux=211 (oriLux: 212)
12-04 16:30:47.501  1243  1338 D AAL     : onALIChanged: 210 -> 211
12-04 16:30:47.502  1243  1338 D AALLightSensor: Notify lux = 211
12-04 16:30:47.954  4192  4192 W ThreadPoolForeg: type=1400 audit(0.0:438659): avc: denied { write } for name="traced_producer" dev="tmpfs" ino=19037 scontext=u:r:gmscore_app:s0:c512,c768 tcontext=u:object_r:traced_producer_socket:s0 tclass=sock_file permissive=0 app=com.google.android.gms
12-04 16:30:48.032  3597  7041 I NetworkSDKService: getQoEByAvailableIfaceName: wlan0
12-04 16:30:48.033  1639  3496 D MiuiWifiService: ending put WifiLinkLayerStats QOE to map
12-04 16:30:48.036  1955  1955 I WifiHAL : Get link layer stats
12-04 16:30:48.036  1955  1955 I WifiHAL : GetLinkStatsCommand::create
12-04 16:30:48.037  1955  1955 D android.hardware.wifi@1.0-service-lazy: WifiRequest::create vendor command to iface 32, vendor_id=0x1a11, subcmd=0x1200, res=0
12-04 16:30:48.037  1955  1955 I android.hardware.wifi@1.0-service-lazy: WifiCommand::requestResponse err=-14
12-04 16:30:48.037  1955  1955 I WifiHAL : wifi_get_link_stats: result=-1
12-04 16:30:48.038  1639  3496 E WifiVendorHal: getWifiLinkLayerStats_1_5_Internal(l.1176) failed {.code = ERROR_UNKNOWN, .description = unknown}
12-04 16:30:48.148  3597  7120 E SLM-SRV-SLAService: readLine:
12-04 16:30:48.148  3597  7120 E SLM-SRV-SLAService: java.io.FileNotFoundException: /sys/class/thermal/thermal_message/balance_mode: open failed: ENOENT (No such file or directory)
12-04 16:30:48.148  3597  7120 E SLM-SRV-SLAService: 	at libcore.io.IoBridge.open(IoBridge.java:574)
12-04 16:30:48.148  3597  7120 E SLM-SRV-SLAService: 	at java.io.FileInputStream.<init>(FileInputStream.java:179)
12-04 16:30:48.148  3597  7120 E SLM-SRV-SLAService: 	at java.io.FileInputStream.<init>(FileInputStream.java:133)
12-04 16:30:48.148  3597  7120 E SLM-SRV-SLAService: 	at java.io.FileReader.<init>(FileReader.java:60)
12-04 16:30:48.148  3597  7120 E SLM-SRV-SLAService: 	at com.xiaomi.NetworkBoost.slaservice.SLAService.readLine(SLAService.java:1237)
12-04 16:30:48.148  3597  7120 E SLM-SRV-SLAService: 	at com.xiaomi.NetworkBoost.slaservice.SLAService.isPerformanceMode(SLAService.java:1262)
12-04 16:30:48.148  3597  7120 E SLM-SRV-SLAService: 	at com.xiaomi.NetworkBoost.slaservice.SLAService.checktemp(SLAService.java:1293)
12-04 16:30:48.148  3597  7120 E SLM-SRV-SLAService: 	at com.xiaomi.NetworkBoost.slaservice.SLAService.access$2500(SLAService.java:125)
12-04 16:30:48.148  3597  7120 E SLM-SRV-SLAService: 	at com.xiaomi.NetworkBoost.slaservice.SLAService$ThermalStateListener.onEvent(SLAService.java:1226)
12-04 16:30:48.148  3597  7120 E SLM-SRV-SLAService: 	at android.os.FileObserver$ObserverThread.onEvent(FileObserver.java:166)
12-04 16:30:48.148  3597  7120 E SLM-SRV-SLAService: 	at android.os.FileObserver$ObserverThread.observe(Native Method)
12-04 16:30:48.148  3597  7120 E SLM-SRV-SLAService: 	at android.os.FileObserver$ObserverThread.run(FileObserver.java:116)
12-04 16:30:48.148  3597  7120 E SLM-SRV-SLAService: Caused by: android.system.ErrnoException: open failed: ENOENT (No such file or directory)
12-04 16:30:48.148  3597  7120 E SLM-SRV-SLAService: 	at libcore.io.Linux.open(Native Method)
12-04 16:30:48.148  3597  7120 E SLM-SRV-SLAService: 	at libcore.io.ForwardingOs.open(ForwardingOs.java:568)
12-04 16:30:48.148  3597  7120 E SLM-SRV-SLAService: 	at libcore.io.BlockGuardOs.open(BlockGuardOs.java:274)
12-04 16:30:48.148  3597  7120 E SLM-SRV-SLAService: 	at libcore.io.ForwardingOs.open(ForwardingOs.java:568)
12-04 16:30:48.148  3597  7120 E SLM-SRV-SLAService: 	at android.app.ActivityThread$AndroidOs.open(ActivityThread.java:8108)
12-04 16:30:48.148  3597  7120 E SLM-SRV-SLAService: 	at libcore.io.IoBridge.open(IoBridge.java:560)
12-04 16:30:48.148  3597  7120 E SLM-SRV-SLAService: 	... 11 more
12-04 16:30:48.148  3597  7120 D SLM-SRV-SLAService: checktemp temperature = 37000 temperature_average = 37000 isPerformanceMode = false thermal_enable_slm = true
12-04 16:30:48.150  3597  7120 E SLM-SRV-SLAService: readLine:
12-04 16:30:48.150  3597  7120 E SLM-SRV-SLAService: java.io.FileNotFoundException: /sys/class/thermal/thermal_message/balance_mode: open failed: ENOENT (No such file or directory)
12-04 16:30:48.150  3597  7120 E SLM-SRV-SLAService: 	at libcore.io.IoBridge.open(IoBridge.java:574)
12-04 16:30:48.150  3597  7120 E SLM-SRV-SLAService: 	at java.io.FileInputStream.<init>(FileInputStream.java:179)
12-04 16:30:48.150  3597  7120 E SLM-SRV-SLAService: 	at java.io.FileInputStream.<init>(FileInputStream.java:133)
12-04 16:30:48.150  3597  7120 E SLM-SRV-SLAService: 	at java.io.FileReader.<init>(FileReader.java:60)
12-04 16:30:48.150  3597  7120 E SLM-SRV-SLAService: 	at com.xiaomi.NetworkBoost.slaservice.SLAService.readLine(SLAService.java:1237)
12-04 16:30:48.150  3597  7120 E SLM-SRV-SLAService: 	at com.xiaomi.NetworkBoost.slaservice.SLAService.isPerformanceMode(SLAService.java:1262)
12-04 16:30:48.150  3597  7120 E SLM-SRV-SLAService: 	at com.xiaomi.NetworkBoost.slaservice.SLAService.checktemp(SLAService.java:1294)
12-04 16:30:48.150  3597  7120 E SLM-SRV-SLAService: 	at com.xiaomi.NetworkBoost.slaservice.SLAService.access$2500(SLAService.java:125)
12-04 16:30:48.150  3597  7120 E SLM-SRV-SLAService: 	at com.xiaomi.NetworkBoost.slaservice.SLAService$ThermalStateListener.onEvent(SLAService.java:1226)
12-04 16:30:48.150  3597  7120 E SLM-SRV-SLAService: 	at android.os.FileObserver$ObserverThread.onEvent(FileObserver.java:166)
12-04 16:30:48.150  3597  7120 E SLM-SRV-SLAService: 	at android.os.FileObserver$ObserverThread.observe(Native Method)
12-04 16:30:48.150  3597  7120 E SLM-SRV-SLAService: 	at android.os.FileObserver$ObserverThread.run(FileObserver.java:116)
12-04 16:30:48.150  3597  7120 E SLM-SRV-SLAService: Caused by: android.system.ErrnoException: open failed: ENOENT (No such file or directory)
12-04 16:30:48.150  3597  7120 E SLM-SRV-SLAService: 	at libcore.io.Linux.open(Native Method)
12-04 16:30:48.150  3597  7120 E SLM-SRV-SLAService: 	at libcore.io.ForwardingOs.open(ForwardingOs.java:568)
12-04 16:30:48.150  3597  7120 E SLM-SRV-SLAService: 	at libcore.io.BlockGuardOs.open(BlockGuardOs.java:274)
12-04 16:30:48.150  3597  7120 E SLM-SRV-SLAService: 	at libcore.io.ForwardingOs.open(ForwardingOs.java:568)
12-04 16:30:48.150  3597  7120 E SLM-SRV-SLAService: 	at android.app.ActivityThread$AndroidOs.open(ActivityThread.java:8108)
12-04 16:30:48.150  3597  7120 E SLM-SRV-SLAService: 	at libcore.io.IoBridge.open(IoBridge.java:560)
12-04 16:30:48.150  3597  7120 E SLM-SRV-SLAService: 	... 11 more
12-04 16:30:48.239   876   937 I libPerfCtl: xgfGetFPS pid:2248 fps:-1
12-04 16:30:48.268  2248  2508 E gralloc4: Empty SMPTE 2094-40 data
12-04 16:30:48.282   952   952 I BufferQueueProducer: [StatusBar#89](this:0xb4000073199a08a8,id:-1,api:0,p:-1,c:952) queueBuffer: fps=0.65 dur=1527.75 max=1527.75 min=1527.75
12-04 16:30:48.286   862   955 I hwcomposer: [HWCDisplay] [Display_0 (type:1)] fps:1.309272,dur:1527.57,max:1405.89,min:121.68  
12-04 16:30:48.288   952   952 I surfaceflinger: surfaceflinger setAffinity mode=0
12-04 16:30:48.292  2248  2508 E gralloc4: Empty SMPTE 2094-40 data
12-04 16:30:48.329  2243  2243 W Settings: Setting airplane_mode_on has moved from android.provider.Settings.System to android.provider.Settings.Global, returning read-only value.
12-04 16:30:48.334  2248  2532 D MobileStatusTracker(5): onSignalStrengthsChanged signalStrength=SignalStrength:{mCdma=CellSignalStrengthCdma: cdmaDbm=2147483647 cdmaEcio=2147483647 evdoDbm=2147483647 evdoEcio=2147483647 evdoSnr=2147483647 miuiLevel=0 mOptimizedLevel=0 level=0,mGsm=CellSignalStrengthGsm: rssi=2147483647 ber=2147483647 mTa=2147483647 miuiLevel=0 mOptimizedLevel=0 mLevel=0,mWcdma=CellSignalStrengthWcdma: ss=2147483647 ber=2147483647 rscp=2147483647 ecno=2147483647 miuiLevel=0 mOptimizedLevel=0 level=0,mTdscdma=CellSignalStrengthTdscdma: rssi=2147483647 ber=2147483647 rscp=2147483647 miuiLevel=0 mOptimizedLevel=0 level=0,mLte=CellSignalStrengthLte: rssi=2147483647 rsrp=-100 rsrq=-10 rssnr=6 cqiTableIndex=2147483647 cqi=0 ta=0 miuiLevel=4 mOptimizedLevel=0 level=3 parametersUseForLevel=0,mNr=CellSignalStrengthNr:{ csiRsrp = 2147483647 csiRsrq = 2147483647 csiCqiTableIndex = 2147483647 csiCqiReport = [] ssRsrp = 2147483647 ssRsrq = 2147483647 ssSinr = 2147483647 miuiLevel = 0 mOptimizedLevel = 0 level = 0 parametersUseForLevel = 0 },primary=CellSignalStrengthLte}, phoneId=1, mMtkLevel=0, mMtkRsrpOnly=false, mMtkLteRsrpThreshold=null, mMtkLteRssnrThreshold=null
12-04 16:30:48.371   862  1199 I hwcomposer: [HWC] (0)fire a callback of refresh to SF[4]  
12-04 16:30:48.390   952   952 E gralloc4: Empty SMPTE 2094-40 data
12-04 16:30:48.391   952   952 I BufferQueueProducer: [FramebufferSurface](this:0xb4000073e8dc76e0,id:-1,api:1,p:952,c:952) queueBuffer: fps=0.66 dur=1511.18 max=1511.18 min=1511.18
12-04 16:30:48.393   952   952 I surfaceflinger: surfaceflinger setAffinity mode=1
12-04 16:30:48.394   952   952 I surfaceflinger: surfaceflinger setreAffinity reTid=999
12-04 16:30:48.626   959   967 D ccci_mdinit: (1):monitor_time_update_thread round:3764 ########
12-04 16:30:48.670 19053 19250 E KT      : Network error
12-04 16:30:48.670 19053 19250 E KT      : java.net.SocketTimeoutException: failed to connect to web.facebook.com/57.144.14.141 (port 443) from /192.168.11.213 (port 44324) after 30000ms
12-04 16:30:48.670 19053 19250 E KT      : 	at libcore.io.IoBridge.connectErrno(IoBridge.java:235)
12-04 16:30:48.670 19053 19250 E KT      : 	at libcore.io.IoBridge.connect(IoBridge.java:179)
12-04 16:30:48.670 19053 19250 E KT      : 	at java.net.PlainSocketImpl.socketConnect(PlainSocketImpl.java:142)
12-04 16:30:48.670 19053 19250 E KT      : 	at java.net.AbstractPlainSocketImpl.doConnect(AbstractPlainSocketImpl.java:390)
12-04 16:30:48.670 19053 19250 E KT      : 	at java.net.AbstractPlainSocketImpl.connectToAddress(AbstractPlainSocketImpl.java:230)
12-04 16:30:48.670 19053 19250 E KT      : 	at java.net.AbstractPlainSocketImpl.connect(AbstractPlainSocketImpl.java:212)
12-04 16:30:48.670 19053 19250 E KT      : 	at java.net.SocksSocketImpl.connect(SocksSocketImpl.java:436)
12-04 16:30:48.670 19053 19250 E KT      : 	at java.net.Socket.connect(Socket.java:646)
12-04 16:30:48.670 19053 19250 E KT      : 	at com.android.okhttp.internal.Platform.connectSocket(Platform.java:182)
12-04 16:30:48.670 19053 19250 E KT      : 	at com.android.okhttp.internal.io.RealConnection.connectSocket(RealConnection.java:145)
12-04 16:30:48.670 19053 19250 E KT      : 	at com.android.okhttp.internal.io.RealConnection.connect(RealConnection.java:116)
12-04 16:30:48.670 19053 19250 E KT      : 	at com.android.okhttp.internal.http.StreamAllocation.findConnection(StreamAllocation.java:186)
12-04 16:30:48.670 19053 19250 E KT      : 	at com.android.okhttp.internal.http.StreamAllocation.findHealthyConnection(StreamAllocation.java:128)
12-04 16:30:48.670 19053 19250 E KT      : 	at com.android.okhttp.internal.http.StreamAllocation.newStream(StreamAllocation.java:97)
12-04 16:30:48.670 19053 19250 E KT      : 	at com.android.okhttp.internal.http.HttpEngine.connect(HttpEngine.java:289)
12-04 16:30:48.670 19053 19250 E KT      : 	at com.android.okhttp.internal.http.HttpEngine.sendRequest(HttpEngine.java:232)
12-04 16:30:48.670 19053 19250 E KT      : 	at com.android.okhttp.internal.huc.HttpURLConnectionImpl.execute(HttpURLConnectionImpl.java:465)
12-04 16:30:48.670 19053 19250 E KT      : 	at com.android.okhttp.internal.huc.HttpURLConnectionImpl.connect(HttpURLConnectionImpl.java:131)
12-04 16:30:48.670 19053 19250 E KT      : 	at com.android.okhttp.internal.huc.DelegatingHttpsURLConnection.connect(DelegatingHttpsURLConnection.java:90)
12-04 16:30:48.670 19053 19250 E KT      : 	at com.android.okhttp.internal.huc.HttpsURLConnectionImpl.connect(HttpsURLConnectionImpl.java:30)
12-04 16:30:48.670 19053 19250 E KT      : 	at com.facebook.ads.redexgen.X.KS.A01(:42337)
12-04 16:30:48.670 19053 19250 E KT      : 	at com.facebook.ads.redexgen.X.KS.A0J(:42516)
12-04 16:30:48.670 19053 19250 E KT      : 	at com.facebook.ads.redexgen.X.Km.A00(:42914)
12-04 16:30:48.670 19053 19250 E KT      : 	at com.facebook.ads.redexgen.X.Km.doInBackground(:42937)
12-04 16:30:48.670 19053 19250 E KT      : 	at android.os.AsyncTask$3.call(AsyncTask.java:394)
12-04 16:30:48.670 19053 19250 E KT      : 	at java.util.concurrent.FutureTask.run(FutureTask.java:317)
12-04 16:30:48.670 19053 19250 E KT      : 	at java.util.concurrent.ThreadPoolExecutor.runWorker(ThreadPoolExecutor.java:1156)
12-04 16:30:48.670 19053 19250 E KT      : 	at java.util.concurrent.ThreadPoolExecutor$Worker.run(ThreadPoolExecutor.java:651)
12-04 16:30:48.670 19053 19250 E KT      : 	at java.lang.Thread.run(Thread.java:1119)
12-04 16:30:49.033  3597  7041 I NetworkSDKService: getQoEByAvailableIfaceName: wlan0
12-04 16:30:49.034  1639  3496 D MiuiWifiService: ending put WifiLinkLayerStats QOE to map
12-04 16:30:49.038  1955  1955 I WifiHAL : Get link layer stats
12-04 16:30:49.038  1955  1955 I WifiHAL : GetLinkStatsCommand::create
12-04 16:30:49.038  1955  1955 D android.hardware.wifi@1.0-service-lazy: WifiRequest::create vendor command to iface 32, vendor_id=0x1a11, subcmd=0x1200, res=0
12-04 16:30:49.038  1955  1955 I android.hardware.wifi@1.0-service-lazy: WifiCommand::requestResponse err=-14
12-04 16:30:49.038  1955  1955 I WifiHAL : wifi_get_link_stats: result=-1
12-04 16:30:49.039  1639  3496 E WifiVendorHal: getWifiLinkLayerStats_1_5_Internal(l.1176) failed {.code = ERROR_UNKNOWN, .description = unknown}
12-04 16:30:49.239   876   937 I libPerfCtl: xgfGetFPS pid:2248 fps:-1
12-04 16:30:49.258 28741 28741 W PerfettoTrace: type=1400 audit(0.0:438660): avc: denied { write } for name="traced_producer" dev="tmpfs" ino=19037 scontext=u:r:gmscore_app:s0:c512,c768 tcontext=u:object_r:traced_producer_socket:s0 tclass=sock_file permissive=0 app=com.google.android.gms
12-04 16:30:49.710  1955  1955 I WifiHAL : Get link layer stats
12-04 16:30:49.710  1955  1955 I WifiHAL : GetLinkStatsCommand::create
12-04 16:30:49.710  1955  1955 D android.hardware.wifi@1.0-service-lazy: WifiRequest::create vendor command to iface 32, vendor_id=0x1a11, subcmd=0x1200, res=0
12-04 16:30:49.710  1955  1955 I android.hardware.wifi@1.0-service-lazy: WifiCommand::requestResponse err=-14
12-04 16:30:49.710  1955  1955 I WifiHAL : wifi_get_link_stats: result=-1
12-04 16:30:49.711  1639  1846 E WifiVendorHal: getWifiLinkLayerStats_1_5_Internal(l.1176) failed {.code = ERROR_UNKNOWN, .description = unknown}
12-04 16:30:49.778  2248  2508 E gralloc4: Empty SMPTE 2094-40 data
12-04 16:30:49.793   952   952 I BufferQueueProducer: [StatusBar#89](this:0xb4000073199a08a8,id:-1,api:0,p:-1,c:952) queueBuffer: fps=1.32 dur=1511.07 max=1494.25 min=16.82
12-04 16:30:49.797   862   955 I hwcomposer: [HWCDisplay] [Display_0 (type:1)] fps:1.985524,dur:1510.94,max:1405.64,min:15.42  
12-04 16:30:49.799   952   952 I surfaceflinger: surfaceflinger setAffinity mode=0
12-04 16:30:49.879   862  1199 I hwcomposer: [HWC] (0)fire a callback of refresh to SF[4]  
12-04 16:30:49.902   952   952 E gralloc4: Empty SMPTE 2094-40 data
12-04 16:30:49.902   952   952 I BufferQueueProducer: [FramebufferSurface](this:0xb4000073e8dc76e0,id:-1,api:1,p:952,c:952) queueBuffer: fps=0.66 dur=1511.34 max=1511.34 min=1511.34
12-04 16:30:49.904   952   952 I surfaceflinger: surfaceflinger setAffinity mode=1
12-04 16:30:49.904   952   952 I surfaceflinger: surfaceflinger setreAffinity reTid=999
12-04 16:30:50.034  3597  7041 I NetworkSDKService: getQoEByAvailableIfaceName: wlan0
12-04 16:30:50.035  1639  3496 D MiuiWifiService: ending put WifiLinkLayerStats QOE to map
12-04 16:30:50.038  1955  1955 I WifiHAL : Get link layer stats
12-04 16:30:50.039  1955  1955 I WifiHAL : GetLinkStatsCommand::create
12-04 16:30:50.039  1955  1955 D android.hardware.wifi@1.0-service-lazy: WifiRequest::create vendor command to iface 32, vendor_id=0x1a11, subcmd=0x1200, res=0
12-04 16:30:50.039  1955  1955 I android.hardware.wifi@1.0-service-lazy: WifiCommand::requestResponse err=-14
12-04 16:30:50.039  1955  1955 I WifiHAL : wifi_get_link_stats: result=-1
12-04 16:30:50.040  1639  3496 E WifiVendorHal: getWifiLinkLayerStats_1_5_Internal(l.1176) failed {.code = ERROR_UNKNOWN, .description = unknown}
12-04 16:30:50.240   876   937 I libPerfCtl: xgfGetFPS pid:2248 fps:-1
12-04 16:30:50.479  1639  1678 D AES     : AEEIOCTL_GET/SET_SF_STATE IOCTL,cmd= 1074294797, lParam=0. 
12-04 16:30:50.480  1639  1678 D HeapUsage Monitor: HeapAllocSize : 117MB; monitorSize : 500MB
12-04 16:30:50.480  1639  1678 D AES     : AEEIOCTL_RT_MON_Kick IOCTL,cmd= 2147774474, lParam=300. 
12-04 16:30:50.746  1639  1797 D AlarmManagerService: inside native alarm timerfd set Alarm Type = 2
12-04 16:30:50.746  1639  1797 D AlarmManagerService: inside native alarm timerfd set Alarm Type = 3
12-04 16:30:50.749  1639  1639 D AlarmManagerService: inside native alarm timerfd set Alarm Type = 2
12-04 16:30:50.749  1639  1639 D AlarmManagerService: inside native alarm timerfd set Alarm Type = 3
12-04 16:30:50.762  1639  1639 W ProcessStats: Tracking association SourceState{c5a336b com.miui.daemon/1000 BTopFgs #280705} whose proc state 2 is better than process ProcessState{dce8a46 com.miui.securitycenter.remote/1000 pkg=com.miui.securitycenter} proc state 3 (23 skipped)
12-04 16:30:50.766  1639  1639 I SmartPower.com.android.vending/10163(9375): idle->background(59895ms) R(service create com.android.vending/com.google.android.finsky.scheduler.process.mainimpl.PhoneskyJobServiceMain) adj=0.
12-04 16:30:50.766  1639  1914 I SmartPower: com.android.vending/10163 state=hibernation adj=0 proc size=4 move to background service create com.android.vending/com.google.android.finsky.scheduler.process.mainimpl.PhoneskyJobServiceMain
12-04 16:30:50.767  1639  1914 I SmartPower: com.android.vending/10163 state=background adj=0 proc size=4 move to inactive service create com.android.vending/com.google.android.finsky.scheduler.process.mainimpl.PhoneskyJobServiceMain
12-04 16:30:50.773  9375  9375 I Finsky  : [2] SCH: job service start with id 9658.
12-04 16:30:50.775  3509  3509 D HeartBeatUploadService: HeartBeatUploadService onStartJob
12-04 16:30:50.777  3509  8826 D HeartBeatUploader: getFinalTotalTime before upload, totalScreenonTime = 983720
12-04 16:30:50.777  3509  8826 D HeartBeatUploader: getFinalTotalTime before upload, totalBootTime = 983720
12-04 16:30:50.777  3509  8826 D HeartBeatUploader: store new screenon data.
12-04 16:30:50.780  9375  8827 I Finsky  : [1637] SCH: Satisfied jobs for 9658 are: 12-1
12-04 16:30:50.781  9375  8825 I Finsky  : [1636] SCH: Job 12-1 starting
12-04 16:30:50.781  9375  9375 I Finsky  : [2] WM::SCH: Logging work start for 12-1
12-04 16:30:50.782  9375  9375 I Finsky  : [2] [ContentSync] job started
12-04 16:30:50.783  3509  8826 D HeartBeatUploader: totalScreenonTime = 983720 startScreenonTime = 112604270 endScreenonTime =0 
12-04 16:30:50.901  1243  1338 D AAL     : onALIChanged: 211 -> 212
12-04 16:30:50.902  1243  1338 D AALLightSensor: Notify lux = 212
12-04 16:30:50.937  2243  2243 W Settings: Setting airplane_mode_on has moved from android.provider.Settings.System to android.provider.Settings.Global, returning read-only value.
12-04 16:30:50.942  2248  2532 D MobileStatusTracker(4): onSignalStrengthsChanged signalStrength=SignalStrength:{mCdma=CellSignalStrengthCdma: cdmaDbm=2147483647 cdmaEcio=2147483647 evdoDbm=2147483647 evdoEcio=2147483647 evdoSnr=2147483647 miuiLevel=0 mOptimizedLevel=0 level=0,mGsm=CellSignalStrengthGsm: rssi=2147483647 ber=2147483647 mTa=2147483647 miuiLevel=0 mOptimizedLevel=0 mLevel=0,mWcdma=CellSignalStrengthWcdma: ss=2147483647 ber=2147483647 rscp=2147483647 ecno=2147483647 miuiLevel=0 mOptimizedLevel=0 level=0,mTdscdma=CellSignalStrengthTdscdma: rssi=2147483647 ber=2147483647 rscp=2147483647 miuiLevel=0 mOptimizedLevel=0 level=0,mLte=CellSignalStrengthLte: rssi=2147483647 rsrp=-82 rsrq=-8 rssnr=13 cqiTableIndex=2147483647 cqi=0 ta=0 miuiLevel=5 mOptimizedLevel=0 level=4 parametersUseForLevel=0,mNr=CellSignalStrengthNr:{ csiRsrp = 2147483647 csiRsrq = 2147483647 csiCqiTableIndex = 2147483647 csiCqiReport = [] ssRsrp = 2147483647 ssRsrq = 2147483647 ssSinr = 2147483647 miuiLevel = 0 mOptimizedLevel = 0 level = 0 parametersUseForLevel = 0 },primary=CellSignalStrengthLte}, phoneId=0, mMtkLevel=0, mMtkRsrpOnly=false, mMtkLteRsrpThreshold=null, mMtkLteRssnrThreshold=null
12-04 16:30:51.035  3597  7041 I NetworkSDKService: getQoEByAvailableIfaceName: wlan0
12-04 16:30:51.036  1639  3497 D MiuiWifiService: ending put WifiLinkLayerStats QOE to map
12-04 16:30:51.038  1955  1955 I WifiHAL : Get link layer stats
12-04 16:30:51.038  1955  1955 I WifiHAL : GetLinkStatsCommand::create
12-04 16:30:51.038  1955  1955 D android.hardware.wifi@1.0-service-lazy: WifiRequest::create vendor command to iface 32, vendor_id=0x1a11, subcmd=0x1200, res=0
12-04 16:30:51.038  1955  1955 I android.hardware.wifi@1.0-service-lazy: WifiCommand::requestResponse err=-14
12-04 16:30:51.038  1955  1955 I WifiHAL : wifi_get_link_stats: result=-1
12-04 16:30:51.039  1639  3497 E WifiVendorHal: getWifiLinkLayerStats_1_5_Internal(l.1176) failed {.code = ERROR_UNKNOWN, .description = unknown}
12-04 16:30:51.240   876   937 I libPerfCtl: xgfGetFPS pid:2248 fps:-1
12-04 16:30:51.263   867   960 W AString : ctor got NULL, using empty string instead
12-04 16:30:51.264   867   960 I Gyroscope: write temp cali: [-477, -1405, -131, 27887, 71236, 4786]
12-04 16:30:51.265   867   960 W AString : ctor got NULL, using empty string instead
12-04 16:30:51.266   867   960 I Gyroscope: write bias: [0.001016, 0.001883, -0.000021]
12-04 16:30:51.368  9375 11211 E FileUtils: err open mi_exception_log errno=2
12-04 16:30:51.368  9375 11211 E FileUtils: err write to mi_exception_log
12-04 16:30:51.500  1243  1338 D AALLightSensor: oldLux=212 [SA:211 LA:211] newLux=211 (oriLux: 211)
12-04 16:30:51.500  1243  1338 D AAL     : onALIChanged: 212 -> 211
12-04 16:30:51.500  1243  1338 D AALLightSensor: Notify lux = 211
12-04 16:30:51.568  9375  9375 W Finsky  : [2] STU: Failed to get storage stats for package 'com.google.mainline.primary.libs' (1601: Error getting stats: android.content.pm.PackageManager.NameNotFoundException)
12-04 16:30:51.983  9375  9375 W Finsky  : [2] STU: Failed to get storage stats for package 'com.google.android.appsearch' (1601: Error getting stats: android.content.pm.PackageManager.NameNotFoundException)
12-04 16:30:52.013  9375  9375 W Finsky  : [2] STU: Failed to get storage stats for package 'com.google.android.art' (1601: Error getting stats: android.content.pm.PackageManager.NameNotFoundException)
12-04 16:30:52.036  3597  7041 I NetworkSDKService: getQoEByAvailableIfaceName: wlan0
12-04 16:30:52.037  1639  3497 D MiuiWifiService: ending put WifiLinkLayerStats QOE to map
12-04 16:30:52.039  1955  1955 I WifiHAL : Get link layer stats
12-04 16:30:52.039  1955  1955 I WifiHAL : GetLinkStatsCommand::create
12-04 16:30:52.039  1955  1955 D android.hardware.wifi@1.0-service-lazy: WifiRequest::create vendor command to iface 32, vendor_id=0x1a11, subcmd=0x1200, res=0
12-04 16:30:52.039  1955  1955 I android.hardware.wifi@1.0-service-lazy: WifiCommand::requestResponse err=-14
12-04 16:30:52.039  1955  1955 I WifiHAL : wifi_get_link_stats: result=-1
12-04 16:30:52.040  1639  3497 E WifiVendorHal: getWifiLinkLayerStats_1_5_Internal(l.1176) failed {.code = ERROR_UNKNOWN, .description = unknown}
12-04 16:30:52.086  9375  9375 W Finsky  : [2] STU: Failed to get storage stats for package 'com.google.android.mediaprovider' (1601: Error getting stats: android.content.pm.PackageManager.NameNotFoundException)
12-04 16:30:52.147  9375  9375 W Finsky  : [2] STU: Failed to get storage stats for package 'com.google.android.resolv' (1601: Error getting stats: android.content.pm.PackageManager.NameNotFoundException)
12-04 16:30:52.197  9375  9375 W Finsky  : [2] STU: Failed to get storage stats for package 'com.google.android.media' (1601: Error getting stats: android.content.pm.PackageManager.NameNotFoundException)
12-04 16:30:52.240   876   937 I libPerfCtl: xgfGetFPS pid:2248 fps:-1
12-04 16:30:52.373  9375  9375 W Finsky  : [2] STU: Failed to get storage stats for package 'com.google.android.sdkext' (1601: Error getting stats: android.content.pm.PackageManager.NameNotFoundException)
12-04 16:30:52.405  9375  9375 W Finsky  : [2] STU: Failed to get storage stats for package 'com.google.android.adservices' (1601: Error getting stats: android.content.pm.PackageManager.NameNotFoundException)
12-04 16:30:52.406  9375  9375 W Finsky  : [2] STU: Failed to get storage stats for package 'com.google.android.tethering' (1601: Error getting stats: android.content.pm.PackageManager.NameNotFoundException)
12-04 16:30:52.549  9375  9375 W Finsky  : [2] STU: Failed to get storage stats for package 'com.google.android.cellbroadcast' (1601: Error getting stats: android.content.pm.PackageManager.NameNotFoundException)
12-04 16:30:52.738  1955  1955 I WifiHAL : Get link layer stats
12-04 16:30:52.738  1955  1955 I WifiHAL : GetLinkStatsCommand::create
12-04 16:30:52.738  1955  1955 D android.hardware.wifi@1.0-service-lazy: WifiRequest::create vendor command to iface 32, vendor_id=0x1a11, subcmd=0x1200, res=0
12-04 16:30:52.738  1955  1955 I android.hardware.wifi@1.0-service-lazy: WifiCommand::requestResponse err=-14
12-04 16:30:52.738  1955  1955 I WifiHAL : wifi_get_link_stats: result=-1
12-04 16:30:52.739  1639  1846 E WifiVendorHal: getWifiLinkLayerStats_1_5_Internal(l.1176) failed {.code = ERROR_UNKNOWN, .description = unknown}
12-04 16:30:52.774  2248  2508 E gralloc4: Empty SMPTE 2094-40 data
12-04 16:30:52.776   952   952 I BufferQueueProducer: [StatusBar#89](this:0xb4000073199a08a8,id:-1,api:0,p:-1,c:952) queueBuffer: fps=0.34 dur=2983.02 max=2983.02 min=2983.02
12-04 16:30:52.779   862   955 I hwcomposer: [HWCDisplay] [Display_0 (type:1)] fps:0.670782,dur:2981.60,max:2875.81,min:105.79  
12-04 16:30:52.780   952   952 I surfaceflinger: surfaceflinger setAffinity mode=0
12-04 16:30:52.895  9375  9375 W Finsky  : [2] STU: Failed to get storage stats for package 'com.google.android.tzdata4' (1601: Error getting stats: android.content.pm.PackageManager.NameNotFoundException)
12-04 16:30:52.903   862  1199 I hwcomposer: [HWC] (0)fire a callback of refresh to SF[4]  
12-04 16:30:52.920   952   952 E gralloc4: Empty SMPTE 2094-40 data
12-04 16:30:52.921   952   952 I BufferQueueProducer: [FramebufferSurface](this:0xb4000073e8dc76e0,id:-1,api:1,p:952,c:952) queueBuffer: fps=0.33 dur=3018.64 max=3018.64 min=3018.64
12-04 16:30:52.922   952   952 I surfaceflinger: surfaceflinger setAffinity mode=1
12-04 16:30:52.922   952   952 I surfaceflinger: surfaceflinger setreAffinity reTid=999
12-04 16:30:52.951  9375  9375 W Finsky  : [2] STU: Failed to get storage stats for package 'com.google.android.permission' (1601: Error getting stats: android.content.pm.PackageManager.NameNotFoundException)
12-04 16:30:53.037  3597  7041 I NetworkSDKService: getQoEByAvailableIfaceName: wlan0
12-04 16:30:53.038  1639  3497 D MiuiWifiService: ending put WifiLinkLayerStats QOE to map
12-04 16:30:53.040  1955  1955 I WifiHAL : Get link layer stats
12-04 16:30:53.040  1955  1955 I WifiHAL : GetLinkStatsCommand::create
12-04 16:30:53.040  1955  1955 D android.hardware.wifi@1.0-service-lazy: WifiRequest::create vendor command to iface 32, vendor_id=0x1a11, subcmd=0x1200, res=0
12-04 16:30:53.040  1955  1955 I android.hardware.wifi@1.0-service-lazy: WifiCommand::requestResponse err=-14
12-04 16:30:53.040  1955  1955 I WifiHAL : wifi_get_link_stats: result=-1
12-04 16:30:53.041  1639  3497 E WifiVendorHal: getWifiLinkLayerStats_1_5_Internal(l.1176) failed {.code = ERROR_UNKNOWN, .description = unknown}
12-04 16:30:53.164  9375 11211 E FileUtils: err open mi_exception_log errno=2
12-04 16:30:53.165  9375 11211 E FileUtils: err write to mi_exception_log
12-04 16:30:53.240   876   937 I libPerfCtl: xgfGetFPS pid:2248 fps:-1
12-04 16:30:53.440  2243  2243 W Settings: Setting airplane_mode_on has moved from android.provider.Settings.System to android.provider.Settings.Global, returning read-only value.
12-04 16:30:53.443  2248  2532 D MobileStatusTracker(5): onSignalStrengthsChanged signalStrength=SignalStrength:{mCdma=CellSignalStrengthCdma: cdmaDbm=2147483647 cdmaEcio=2147483647 evdoDbm=2147483647 evdoEcio=2147483647 evdoSnr=2147483647 miuiLevel=0 mOptimizedLevel=0 level=0,mGsm=CellSignalStrengthGsm: rssi=2147483647 ber=2147483647 mTa=2147483647 miuiLevel=0 mOptimizedLevel=0 mLevel=0,mWcdma=CellSignalStrengthWcdma: ss=2147483647 ber=2147483647 rscp=2147483647 ecno=2147483647 miuiLevel=0 mOptimizedLevel=0 level=0,mTdscdma=CellSignalStrengthTdscdma: rssi=2147483647 ber=2147483647 rscp=2147483647 miuiLevel=0 mOptimizedLevel=0 level=0,mLte=CellSignalStrengthLte: rssi=2147483647 rsrp=-100 rsrq=-10 rssnr=5 cqiTableIndex=2147483647 cqi=0 ta=0 miuiLevel=4 mOptimizedLevel=0 level=3 parametersUseForLevel=0,mNr=CellSignalStrengthNr:{ csiRsrp = 2147483647 csiRsrq = 2147483647 csiCqiTableIndex = 2147483647 csiCqiReport = [] ssRsrp = 2147483647 ssRsrq = 2147483647 ssSinr = 2147483647 miuiLevel = 0 mOptimizedLevel = 0 level = 0 parametersUseForLevel = 0 },primary=CellSignalStrengthLte}, phoneId=1, mMtkLevel=0, mMtkRsrpOnly=false, mMtkLteRsrpThreshold=null, mMtkLteRssnrThreshold=null
12-04 16:30:53.767  1639  1914 I SmartPower.com.android.vending/10163(9375): background->idle(3000ms) R(service create com.android.vending/com.google.android.finsky.scheduler.process.mainimpl.PhoneskyJobServiceMain) adj=200.
12-04 16:30:53.768  1639  1914 I SmartPower: com.android.vending/10163 state=inactive adj=200 proc size=4 move to idle service create com.android.vending/com.google.android.finsky.scheduler.process.mainimpl.PhoneskyJobServiceMain
12-04 16:30:53.900  1243  1338 D AAL     : onALIChanged: 211 -> 212
12-04 16:30:53.901  1243  1338 D AALLightSensor: Notify lux = 212
12-04 16:30:54.038  3597  7041 I NetworkSDKService: getQoEByAvailableIfaceName: wlan0
12-04 16:30:54.039  1639  3497 D MiuiWifiService: ending put WifiLinkLayerStats QOE to map
12-04 16:30:54.042  1955  1955 I WifiHAL : Get link layer stats
12-04 16:30:54.042  1955  1955 I WifiHAL : GetLinkStatsCommand::create
12-04 16:30:54.042  1955  1955 D android.hardware.wifi@1.0-service-lazy: WifiRequest::create vendor command to iface 32, vendor_id=0x1a11, subcmd=0x1200, res=0
12-04 16:30:54.043  1955  1955 I android.hardware.wifi@1.0-service-lazy: WifiCommand::requestResponse err=-14
12-04 16:30:54.043  1955  1955 I WifiHAL : wifi_get_link_stats: result=-1
12-04 16:30:54.044  1639  3497 E WifiVendorHal: getWifiLinkLayerStats_1_5_Internal(l.1176) failed {.code = ERROR_UNKNOWN, .description = unknown}
12-04 16:30:54.176  1639  3500 W BpBinder: Slow Binder: BpBinder transact took 858 ms, interface=android.os.IInstalld, code=12 oneway=false
12-04 16:30:54.176  9375 11211 W BpBinder: Slow Binder: BpBinder transact took 858 ms, interface=android.app.usage.IStorageStatsManager, code=7 oneway=false
12-04 16:30:54.176  9375 11211 E FileUtils: err open mi_exception_log errno=2
12-04 16:30:54.176  9375 11211 E FileUtils: err write to mi_exception_log
12-04 16:30:54.177  9375  9375 W Finsky  : [2] STU: Failed to get storage stats for package 'com.google.android.media.swcodec' (1601: Error getting stats: android.content.pm.PackageManager.NameNotFoundException)
