--------- beginning of main
12-04 16:30:25.705  1639  1845 I MiuiNetworkPolicy: updateUidState uid = 99910163, uidState = 19
--------- beginning of system
12-04 16:30:25.732  1639  3496 W XSpaceManagerServiceImpl: checkXSpaceControl, from:com.android.shell, to:io.nekohasekai.sagernet, with act:null, callingUserId:0, toUserId:0
12-04 16:30:25.733  1639  3496 I ActivityTaskManager: START u0 {flg=0x10000000 cmp=io.nekohasekai.sagernet/.ui.LoginActivity} from uid 2000 from pid 8786 callingPackage com.android.shell
12-04 16:30:25.733  1639  3496 D MiuiMultiWindowAdapter: MiuiMultiWindowAdapter::getFreeformBlackList::sSmallWindowBlackList = [com.miui.securitycenter, com.miui.mishare.connectivity, com.android.settings, com.android.printspooler, com.miui.backup, com.miui.huanji, com.android.thememanager, com.mfashiongallery.emag, com.miui.virtualsim, com.miui.smarttravel, com.mi.health, com.android.camera, com.lbe.security.miui, com.miui.cleanmaster, com.miui.newhome, com.miui.voiceassist, com.android.phone, com.miui.yellowpage, com.android.updater, com.miui.tsmclient, com.miui.securitycore, com.xiaomi.account, com.xiaomi.hm.health, com.xiaomi.mibrain.speech, com.xiaomi.mimoji, com.xiaomi.scanner, com.duokan.phone.remotecontroller, com.miui.hybrid, com.miui.videoplayer, com.miui.packageinstaller, com.mi.android.globallauncher, com.mi.android.globallauncher-poco, com.google.android.dialer, com.miui.compass, com.miui.greenguard, com.kiteguard, com.google.ar.lens, com.xiangkan.android, com.android.bankabc, com.sohu.inputmethod.sogou, com.shyz.toutiao, com.netease.mc.mi, com.outfit7.talkingtomgoldrun.mi, com.doudz.mi, com.wepie.snake.new.mi, cn.jj, com.standddz002.mi, com.miHoYo.bh3.mi, com.qqgame.hlddz, com.happyelements.AndroidAnimal, com.minitech.miniworld.TMobile.mi, com.mfp.jelly.xiaomi, com.lilithgames.afk.mi, com.tencent.peng, com.teenpatti.hd.gold, blockpuzzle.jewelgames.jewelslegend, com.playgendary.tanks, com.chillingo.robberybobfree.android.row, com.episodeinteractive.android.catalog, com.playrix.township, com.ansangha.drdriving, com.google.android.youtube, com.gbits.atm.mi, com.tencent.tetris, com.sukhavati.gotoplaying.bubble.BubbleShooter.mint, com.block.puzzle.game.hippo.mi, com.youzu.bs.mi, com.appsomniacs.da2, com.android.stk, com.feiyu.carrot3.mi, com.popcap.pvz2cthdxm, com.mxtech.videoplayer.ad, cn.cisc, com.kiloo.subwaysurf, com.cncyj.mostbrain, pdf.tap.scanner, com.og.ttddz.mi, com.ximalaya.ting.lite, com.google.android.apps.googleassistant, com.netease.mrzh.mi, com.netease.mrzh.bili, com.netease.pes.huawei, com.netease.pes.mi, com.netease.pes.bili, com.flyfish.supermario, com.picsart.studio, com.netease.dwrg.mi, com.netease.dwrg.bili, com.netease.dwrg.nearme.gamecenter, com.netease.dwrg, com.netease.dwrg.huawei, com.tencent.tmgp.dwrg, com.netease.dwrg.m4399, com.netease.dwrg.mz, com.netease.dwrg.aligames, com.netease.dwrg.baidu, com.netease.dwrg.qihoo, com.moji.mjweather, com.tencent.tmgp.kof98, com.taobao.idlefish, com.ledou.mhhy.mi, com.hzfy.ddzbs.mi, com.qsmy.walkmonkey, com.fy.bzzbc.mi, com.dw.xprqj.mi, com.miui.accessibility, com.ymt.nbaftx.mi, com.amazon.kindlefc, com.sinyee.babybus.recommendapp, com.mcdonalds.gma.cn, com.midea.ai.appliances, com.eco.global.app, com.inspur.icity.tianjin, com.zy.game.thief.mi, com.alimama.moon, com.xinhu.steward, com.rytong.ceair, com.nxy.mobilebank.gx, com.xplaygame.mfbwz.mi, cn.gov.lottery, com.zy.game.bubbletea.mi, com.zy.game.psdc.mi, com.microsoft.office.powerpoint, com.duoduo.child.story, com.lemon.lv, com.xiaomi.aiasst.vision, com.road7.ddtdmxandroid.mi]
12-04 16:30:25.733  1639  3496 D MiuiMultiWindowAdapter: MiuiMultiWindowAdapter::getCanStartActivityFromFullscreenToFreefromList::LIST_CAN_START_ACTIVITY_FROM_FULLSCREEN_TO_FREEFROM = [com.alipay.android.phone.wallet.aptrip.ui.ApTripActivity, com.alipay.mobile.onsitepay.merge.OnsitepayActivity, com.alipay.mobile.nebulax.integration.mpaas.activity.NebulaActivity$Main, com.alipay.mobile.scan.as.main.MainCaptureActivity]
12-04 16:30:25.735  1639  3496 D CompatibilityChangeReporter: Compat change id reported: 194480991; UID 10262; state: ENABLED
12-04 16:30:25.736  1639  3496 D MiuiMultiWindowAdapter: MiuiMultiWindowAdapter::getLaunchInTaskList::LIST_LAUNCH_IN_TASK = [com.android.bluetooth/.opp.BluetoothOppLauncherActivity, com.android.bluetooth/.opp.BluetoothOppBtEnableActivity]
12-04 16:30:25.737  1639  3496 D CompatibilityChangeReporter: Compat change id reported: 197654537; UID 10262; state: ENABLED
12-04 16:30:25.739  1639  3496 D CompatibilityChangeReporter: Compat change id reported: 181136395; UID 10262; state: DISABLED
12-04 16:30:25.739  1639  3496 D CompatibilityChangeReporter: Compat change id reported: 174042936; UID 10262; state: DISABLED
12-04 16:30:25.749 16139  8784 E adbd    : error reading output FD 36: Connection reset by peer
12-04 16:30:26.008  3597  7041 I NetworkSDKService: getQoEByAvailableIfaceName: wlan0
12-04 16:30:26.009  1639  3496 D MiuiWifiService: ending put WifiLinkLayerStats QOE to map
12-04 16:30:26.012  1955  1955 I WifiHAL : Get link layer stats
12-04 16:30:26.012  1955  1955 I WifiHAL : GetLinkStatsCommand::create
12-04 16:30:26.012  1955  1955 D android.hardware.wifi@1.0-service-lazy: WifiRequest::create vendor command to iface 32, vendor_id=0x1a11, subcmd=0x1200, res=0
12-04 16:30:26.012  1955  1955 I android.hardware.wifi@1.0-service-lazy: WifiCommand::requestResponse err=-14
12-04 16:30:26.012  1955  1955 I WifiHAL : wifi_get_link_stats: result=-1
12-04 16:30:26.013  1639  3496 E WifiVendorHal: getWifiLinkLayerStats_1_5_Internal(l.1176) failed {.code = ERROR_UNKNOWN, .description = unknown}
12-04 16:30:26.101  1243  1338 D AALLightSensor: oldLux=211 [SA:211 LA:211] newLux=211 (oriLux: 212)
12-04 16:30:26.300  1243  1338 D AAL     : onALIChanged: 211 -> 212
12-04 16:30:26.302  1243  1338 D AALLightSensor: Notify lux = 212
12-04 16:30:26.446   876   937 I libPerfCtl: xgfGetFPS pid:2248 fps:-1
12-04 16:30:26.674  1639  1845 I MiuiNetworkPolicy: updateUidState uid = 10249, uidState = 19
12-04 16:30:27.008  3597  7041 I NetworkSDKService: getQoEByAvailableIfaceName: wlan0
12-04 16:30:27.009  1639  3496 D MiuiWifiService: ending put WifiLinkLayerStats QOE to map
12-04 16:30:27.012  1955  1955 I WifiHAL : Get link layer stats
12-04 16:30:27.012  1955  1955 I WifiHAL : GetLinkStatsCommand::create
12-04 16:30:27.013  1955  1955 D android.hardware.wifi@1.0-service-lazy: WifiRequest::create vendor command to iface 32, vendor_id=0x1a11, subcmd=0x1200, res=0
12-04 16:30:27.013  1955  1955 I android.hardware.wifi@1.0-service-lazy: WifiCommand::requestResponse err=-14
12-04 16:30:27.013  1955  1955 I WifiHAL : wifi_get_link_stats: result=-1
12-04 16:30:27.014  1639  3496 E WifiVendorHal: getWifiLinkLayerStats_1_5_Internal(l.1176) failed {.code = ERROR_UNKNOWN, .description = unknown}
12-04 16:30:27.049   867   960 W AString : ctor got NULL, using empty string instead
12-04 16:30:27.050   867   960 I Gyroscope: write temp cali: [-516, -1448, -157, 29487, 73000, 5818]
12-04 16:30:27.050   867   960 W AString : ctor got NULL, using empty string instead
12-04 16:30:27.051   867   960 I Gyroscope: write bias: [0.000959, 0.001883, -0.000021]
12-04 16:30:27.446   876   937 I libPerfCtl: xgfGetFPS pid:2248 fps:-1
12-04 16:30:27.850  2243  2243 W Settings: Setting airplane_mode_on has moved from android.provider.Settings.System to android.provider.Settings.Global, returning read-only value.
12-04 16:30:27.855  2248  2532 D MobileStatusTracker(5): onSignalStrengthsChanged signalStrength=SignalStrength:{mCdma=CellSignalStrengthCdma: cdmaDbm=2147483647 cdmaEcio=2147483647 evdoDbm=2147483647 evdoEcio=2147483647 evdoSnr=2147483647 miuiLevel=0 mOptimizedLevel=0 level=0,mGsm=CellSignalStrengthGsm: rssi=2147483647 ber=2147483647 mTa=2147483647 miuiLevel=0 mOptimizedLevel=0 mLevel=0,mWcdma=CellSignalStrengthWcdma: ss=2147483647 ber=2147483647 rscp=2147483647 ecno=2147483647 miuiLevel=0 mOptimizedLevel=0 level=0,mTdscdma=CellSignalStrengthTdscdma: rssi=2147483647 ber=2147483647 rscp=2147483647 miuiLevel=0 mOptimizedLevel=0 level=0,mLte=CellSignalStrengthLte: rssi=2147483647 rsrp=-101 rsrq=-10 rssnr=3 cqiTableIndex=2147483647 cqi=0 ta=0 miuiLevel=4 mOptimizedLevel=0 level=3 parametersUseForLevel=0,mNr=CellSignalStrengthNr:{ csiRsrp = 2147483647 csiRsrq = 2147483647 csiCqiTableIndex = 2147483647 csiCqiReport = [] ssRsrp = 2147483647 ssRsrq = 2147483647 ssSinr = 2147483647 miuiLevel = 0 mOptimizedLevel = 0 level = 0 parametersUseForLevel = 0 },primary=CellSignalStrengthLte}, phoneId=1, mMtkLevel=0, mMtkRsrpOnly=false, mMtkLteRsrpThreshold=null, mMtkLteRssnrThreshold=null
12-04 16:30:28.010  3597  7041 I NetworkSDKService: getQoEByAvailableIfaceName: wlan0
12-04 16:30:28.011  1639  3496 D MiuiWifiService: ending put WifiLinkLayerStats QOE to map
12-04 16:30:28.014  1955  1955 I WifiHAL : Get link layer stats
12-04 16:30:28.014  1955  1955 I WifiHAL : GetLinkStatsCommand::create
12-04 16:30:28.014  1955  1955 D android.hardware.wifi@1.0-service-lazy: WifiRequest::create vendor command to iface 32, vendor_id=0x1a11, subcmd=0x1200, res=0
12-04 16:30:28.014  1955  1955 I android.hardware.wifi@1.0-service-lazy: WifiCommand::requestResponse err=-14
12-04 16:30:28.014  1955  1955 I WifiHAL : wifi_get_link_stats: result=-1
12-04 16:30:28.015  1639  3496 E WifiVendorHal: getWifiLinkLayerStats_1_5_Internal(l.1176) failed {.code = ERROR_UNKNOWN, .description = unknown}
12-04 16:30:28.147  3597  7120 E SLM-SRV-SLAService: readLine:
12-04 16:30:28.147  3597  7120 E SLM-SRV-SLAService: java.io.FileNotFoundException: /sys/class/thermal/thermal_message/balance_mode: open failed: ENOENT (No such file or directory)
12-04 16:30:28.147  3597  7120 E SLM-SRV-SLAService: 	at libcore.io.IoBridge.open(IoBridge.java:574)
12-04 16:30:28.147  3597  7120 E SLM-SRV-SLAService: 	at java.io.FileInputStream.<init>(FileInputStream.java:179)
12-04 16:30:28.147  3597  7120 E SLM-SRV-SLAService: 	at java.io.FileInputStream.<init>(FileInputStream.java:133)
12-04 16:30:28.147  3597  7120 E SLM-SRV-SLAService: 	at java.io.FileReader.<init>(FileReader.java:60)
12-04 16:30:28.147  3597  7120 E SLM-SRV-SLAService: 	at com.xiaomi.NetworkBoost.slaservice.SLAService.readLine(SLAService.java:1237)
12-04 16:30:28.147  3597  7120 E SLM-SRV-SLAService: 	at com.xiaomi.NetworkBoost.slaservice.SLAService.isPerformanceMode(SLAService.java:1262)
12-04 16:30:28.147  3597  7120 E SLM-SRV-SLAService: 	at com.xiaomi.NetworkBoost.slaservice.SLAService.checktemp(SLAService.java:1293)
12-04 16:30:28.147  3597  7120 E SLM-SRV-SLAService: 	at com.xiaomi.NetworkBoost.slaservice.SLAService.access$2500(SLAService.java:125)
12-04 16:30:28.147  3597  7120 E SLM-SRV-SLAService: 	at com.xiaomi.NetworkBoost.slaservice.SLAService$ThermalStateListener.onEvent(SLAService.java:1226)
12-04 16:30:28.147  3597  7120 E SLM-SRV-SLAService: 	at android.os.FileObserver$ObserverThread.onEvent(FileObserver.java:166)
12-04 16:30:28.147  3597  7120 E SLM-SRV-SLAService: 	at android.os.FileObserver$ObserverThread.observe(Native Method)
12-04 16:30:28.147  3597  7120 E SLM-SRV-SLAService: 	at android.os.FileObserver$ObserverThread.run(FileObserver.java:116)
12-04 16:30:28.147  3597  7120 E SLM-SRV-SLAService: Caused by: android.system.ErrnoException: open failed: ENOENT (No such file or directory)
12-04 16:30:28.147  3597  7120 E SLM-SRV-SLAService: 	at libcore.io.Linux.open(Native Method)
12-04 16:30:28.147  3597  7120 E SLM-SRV-SLAService: 	at libcore.io.ForwardingOs.open(ForwardingOs.java:568)
12-04 16:30:28.147  3597  7120 E SLM-SRV-SLAService: 	at libcore.io.BlockGuardOs.open(BlockGuardOs.java:274)
12-04 16:30:28.147  3597  7120 E SLM-SRV-SLAService: 	at libcore.io.ForwardingOs.open(ForwardingOs.java:568)
12-04 16:30:28.147  3597  7120 E SLM-SRV-SLAService: 	at android.app.ActivityThread$AndroidOs.open(ActivityThread.java:8108)
12-04 16:30:28.147  3597  7120 E SLM-SRV-SLAService: 	at libcore.io.IoBridge.open(IoBridge.java:560)
12-04 16:30:28.147  3597  7120 E SLM-SRV-SLAService: 	... 11 more
12-04 16:30:28.148  3597  7120 D SLM-SRV-SLAService: checktemp temperature = 37000 temperature_average = 37166 isPerformanceMode = false thermal_enable_slm = true
12-04 16:30:28.150  3597  7120 E SLM-SRV-SLAService: readLine:
12-04 16:30:28.150  3597  7120 E SLM-SRV-SLAService: java.io.FileNotFoundException: /sys/class/thermal/thermal_message/balance_mode: open failed: ENOENT (No such file or directory)
12-04 16:30:28.150  3597  7120 E SLM-SRV-SLAService: 	at libcore.io.IoBridge.open(IoBridge.java:574)
12-04 16:30:28.150  3597  7120 E SLM-SRV-SLAService: 	at java.io.FileInputStream.<init>(FileInputStream.java:179)
12-04 16:30:28.150  3597  7120 E SLM-SRV-SLAService: 	at java.io.FileInputStream.<init>(FileInputStream.java:133)
12-04 16:30:28.150  3597  7120 E SLM-SRV-SLAService: 	at java.io.FileReader.<init>(FileReader.java:60)
12-04 16:30:28.150  3597  7120 E SLM-SRV-SLAService: 	at com.xiaomi.NetworkBoost.slaservice.SLAService.readLine(SLAService.java:1237)
12-04 16:30:28.150  3597  7120 E SLM-SRV-SLAService: 	at com.xiaomi.NetworkBoost.slaservice.SLAService.isPerformanceMode(SLAService.java:1262)
12-04 16:30:28.150  3597  7120 E SLM-SRV-SLAService: 	at com.xiaomi.NetworkBoost.slaservice.SLAService.checktemp(SLAService.java:1294)
12-04 16:30:28.150  3597  7120 E SLM-SRV-SLAService: 	at com.xiaomi.NetworkBoost.slaservice.SLAService.access$2500(SLAService.java:125)
12-04 16:30:28.150  3597  7120 E SLM-SRV-SLAService: 	at com.xiaomi.NetworkBoost.slaservice.SLAService$ThermalStateListener.onEvent(SLAService.java:1226)
12-04 16:30:28.150  3597  7120 E SLM-SRV-SLAService: 	at android.os.FileObserver$ObserverThread.onEvent(FileObserver.java:166)
12-04 16:30:28.150  3597  7120 E SLM-SRV-SLAService: 	at android.os.FileObserver$ObserverThread.observe(Native Method)
12-04 16:30:28.150  3597  7120 E SLM-SRV-SLAService: 	at android.os.FileObserver$ObserverThread.run(FileObserver.java:116)
12-04 16:30:28.150  3597  7120 E SLM-SRV-SLAService: Caused by: android.system.ErrnoException: open failed: ENOENT (No such file or directory)
12-04 16:30:28.150  3597  7120 E SLM-SRV-SLAService: 	at libcore.io.Linux.open(Native Method)
12-04 16:30:28.150  3597  7120 E SLM-SRV-SLAService: 	at libcore.io.ForwardingOs.open(ForwardingOs.java:568)
12-04 16:30:28.150  3597  7120 E SLM-SRV-SLAService: 	at libcore.io.BlockGuardOs.open(BlockGuardOs.java:274)
12-04 16:30:28.150  3597  7120 E SLM-SRV-SLAService: 	at libcore.io.ForwardingOs.open(ForwardingOs.java:568)
12-04 16:30:28.150  3597  7120 E SLM-SRV-SLAService: 	at android.app.ActivityThread$AndroidOs.open(ActivityThread.java:8108)
12-04 16:30:28.150  3597  7120 E SLM-SRV-SLAService: 	at libcore.io.IoBridge.open(IoBridge.java:560)
12-04 16:30:28.150  3597  7120 E SLM-SRV-SLAService: 	... 11 more
12-04 16:30:28.196  2248  2508 E gralloc4: Empty SMPTE 2094-40 data
12-04 16:30:28.206   952   952 I BufferQueueProducer: [StatusBar#89](this:0xb4000073199a08a8,id:-1,api:0,p:-1,c:952) queueBuffer: fps=0.50 dur=4001.80 max=3984.74 min=17.06
12-04 16:30:28.210   862   955 I hwcomposer: [HWCDisplay] [Display_0 (type:1)] fps:0.749691,dur:4001.65,max:3880.15,min:15.79  
12-04 16:30:28.212   952   952 I surfaceflinger: surfaceflinger setAffinity mode=0
12-04 16:30:28.218  2248  2508 E gralloc4: Empty SMPTE 2094-40 data
12-04 16:30:28.302  1243  1338 D AAL     : onALIChanged: 212 -> 211
12-04 16:30:28.302  1243  1338 D AALLightSensor: Notify lux = 211
12-04 16:30:28.311   862  1199 I hwcomposer: [HWC] (0)fire a callback of refresh to SF[4]  
12-04 16:30:28.330   952   952 E gralloc4: Empty SMPTE 2094-40 data
12-04 16:30:28.330   952   952 I BufferQueueProducer: [FramebufferSurface](this:0xb4000073e8dc76e0,id:-1,api:1,p:952,c:952) queueBuffer: fps=0.25 dur=4001.15 max=4001.15 min=4001.15
12-04 16:30:28.333   952   952 I surfaceflinger: surfaceflinger setAffinity mode=1
12-04 16:30:28.333   952   952 I surfaceflinger: surfaceflinger setreAffinity reTid=999
12-04 16:30:28.446   876   937 I libPerfCtl: xgfGetFPS pid:2248 fps:-1
12-04 16:30:28.483  1955  1955 I WifiHAL : Get link layer stats
12-04 16:30:28.483  1955  1955 I WifiHAL : GetLinkStatsCommand::create
12-04 16:30:28.483  1955  1955 D android.hardware.wifi@1.0-service-lazy: WifiRequest::create vendor command to iface 32, vendor_id=0x1a11, subcmd=0x1200, res=0
12-04 16:30:28.483  1955  1955 I android.hardware.wifi@1.0-service-lazy: WifiCommand::requestResponse err=-14
12-04 16:30:28.483  1955  1955 I WifiHAL : wifi_get_link_stats: result=-1
12-04 16:30:28.484  1639  1846 E WifiVendorHal: getWifiLinkLayerStats_1_5_Internal(l.1176) failed {.code = ERROR_UNKNOWN, .description = unknown}
12-04 16:30:29.011  3597  7041 I NetworkSDKService: getQoEByAvailableIfaceName: wlan0
12-04 16:30:29.012  1639  3496 D MiuiWifiService: ending put WifiLinkLayerStats QOE to map
12-04 16:30:29.015  1955  1955 I WifiHAL : Get link layer stats
12-04 16:30:29.015  1955  1955 I WifiHAL : GetLinkStatsCommand::create
12-04 16:30:29.015  1955  1955 D android.hardware.wifi@1.0-service-lazy: WifiRequest::create vendor command to iface 32, vendor_id=0x1a11, subcmd=0x1200, res=0
12-04 16:30:29.016  1955  1955 I android.hardware.wifi@1.0-service-lazy: WifiCommand::requestResponse err=-14
12-04 16:30:29.016  1955  1955 I WifiHAL : wifi_get_link_stats: result=-1
12-04 16:30:29.017  1639  3496 E WifiVendorHal: getWifiLinkLayerStats_1_5_Internal(l.1176) failed {.code = ERROR_UNKNOWN, .description = unknown}
12-04 16:30:29.447   876   937 I libPerfCtl: xgfGetFPS pid:2248 fps:-1
12-04 16:30:30.005  1639  3496 W ProcessStats: Tracking association SourceState{c5a336b com.miui.daemon/1000 BTopFgs #280701} whose proc state 2 is better than process ProcessState{dce8a46 com.miui.securitycenter.remote/1000 pkg=com.miui.securitycenter} proc state 3 (55 skipped)
12-04 16:30:30.011  3597  7041 I NetworkSDKService: getQoEByAvailableIfaceName: wlan0
12-04 16:30:30.012  1639  3496 D MiuiWifiService: ending put WifiLinkLayerStats QOE to map
12-04 16:30:30.014  1955  1955 I WifiHAL : Get link layer stats
12-04 16:30:30.015  1955  1955 I WifiHAL : GetLinkStatsCommand::create
12-04 16:30:30.015  1955  1955 D android.hardware.wifi@1.0-service-lazy: WifiRequest::create vendor command to iface 32, vendor_id=0x1a11, subcmd=0x1200, res=0
12-04 16:30:30.015  1955  1955 I android.hardware.wifi@1.0-service-lazy: WifiCommand::requestResponse err=-14
12-04 16:30:30.015  1955  1955 I WifiHAL : wifi_get_link_stats: result=-1
12-04 16:30:30.016  1639  3496 E WifiVendorHal: getWifiLinkLayerStats_1_5_Internal(l.1176) failed {.code = ERROR_UNKNOWN, .description = unknown}
12-04 16:30:30.171  1639  1682 E FileUtils: err open mi_exception_log errno=2
12-04 16:30:30.171  1639  1682 E FileUtils: err write to mi_exception_log
12-04 16:30:30.447   876   937 I libPerfCtl: xgfGetFPS pid:2248 fps:-1
12-04 16:30:30.462  2243  2243 W Settings: Setting airplane_mode_on has moved from android.provider.Settings.System to android.provider.Settings.Global, returning read-only value.
12-04 16:30:30.468  2248  2532 D MobileStatusTracker(4): onSignalStrengthsChanged signalStrength=SignalStrength:{mCdma=CellSignalStrengthCdma: cdmaDbm=2147483647 cdmaEcio=2147483647 evdoDbm=2147483647 evdoEcio=2147483647 evdoSnr=2147483647 miuiLevel=0 mOptimizedLevel=0 level=0,mGsm=CellSignalStrengthGsm: rssi=2147483647 ber=2147483647 mTa=2147483647 miuiLevel=0 mOptimizedLevel=0 mLevel=0,mWcdma=CellSignalStrengthWcdma: ss=2147483647 ber=2147483647 rscp=2147483647 ecno=2147483647 miuiLevel=0 mOptimizedLevel=0 level=0,mTdscdma=CellSignalStrengthTdscdma: rssi=2147483647 ber=2147483647 rscp=2147483647 miuiLevel=0 mOptimizedLevel=0 level=0,mLte=CellSignalStrengthLte: rssi=2147483647 rsrp=-82 rsrq=-10 rssnr=15 cqiTableIndex=2147483647 cqi=0 ta=0 miuiLevel=5 mOptimizedLevel=0 level=4 parametersUseForLevel=0,mNr=CellSignalStrengthNr:{ csiRsrp = 2147483647 csiRsrq = 2147483647 csiCqiTableIndex = 2147483647 csiCqiReport = [] ssRsrp = 2147483647 ssRsrq = 2147483647 ssSinr = 2147483647 miuiLevel = 0 mOptimizedLevel = 0 level = 0 parametersUseForLevel = 0 },primary=CellSignalStrengthLte}, phoneId=0, mMtkLevel=0, mMtkRsrpOnly=false, mMtkLteRsrpThreshold=null, mMtkLteRssnrThreshold=null
12-04 16:30:30.900  1243  1338 D AALLightSensor: oldLux=211 [SA:210 LA:210] newLux=210 (oriLux: 210)
12-04 16:30:30.901  1243  1338 D AAL     : onALIChanged: 211 -> 210
12-04 16:30:30.902  1243  1338 D AALLightSensor: Notify lux = 210
12-04 16:30:30.904  6416  6509 I DGW     : I[notifyPingFailure:2101] StreamGroupTransport[notifgateway] kill connection on ping timeout
12-04 16:30:30.905  6416  6509 W DGW     : W[closeNetworkConnection:61] DGW Closing MNS connection based on throttling rate 5000ms
12-04 16:30:30.905  6416  6509 I DGW     : I[notifyStreamGroupError:1764] StreamGroupTransport[notifgateway] notify StreamGroup error: StreamGroupNetworkRequest failed - ping timeout error
12-04 16:30:30.906  6416  6509 W DGW     : W[onPingFailure:598] ConnectivityManager ping failure Error Domain=MNSHTTPClient Code=3 UserInfo=0xb400007636106e80 {MCFErrorDirectLocalizedFailureReasonKey=Host session was closed, num pending transactions: 1}
12-04 16:30:31.013  3597  7041 I NetworkSDKService: getQoEByAvailableIfaceName: wlan0
12-04 16:30:31.014  1639  3496 D MiuiWifiService: ending put WifiLinkLayerStats QOE to map
12-04 16:30:31.016  1955  1955 I WifiHAL : Get link layer stats
12-04 16:30:31.017  1955  1955 I WifiHAL : GetLinkStatsCommand::create
12-04 16:30:31.017  1955  1955 D android.hardware.wifi@1.0-service-lazy: WifiRequest::create vendor command to iface 32, vendor_id=0x1a11, subcmd=0x1200, res=0
12-04 16:30:31.017  1955  1955 I android.hardware.wifi@1.0-service-lazy: WifiCommand::requestResponse err=-14
12-04 16:30:31.017  1955  1955 I WifiHAL : wifi_get_link_stats: result=-1
12-04 16:30:31.018  1639  3496 E WifiVendorHal: getWifiLinkLayerStats_1_5_Internal(l.1176) failed {.code = ERROR_UNKNOWN, .description = unknown}
12-04 16:30:31.447   876   937 I libPerfCtl: xgfGetFPS pid:2248 fps:-1
12-04 16:30:31.516  1955  1955 I WifiHAL : Get link layer stats
12-04 16:30:31.516  1955  1955 I WifiHAL : GetLinkStatsCommand::create
12-04 16:30:31.517  1955  1955 D android.hardware.wifi@1.0-service-lazy: WifiRequest::create vendor command to iface 32, vendor_id=0x1a11, subcmd=0x1200, res=0
12-04 16:30:31.517  1955  1955 I android.hardware.wifi@1.0-service-lazy: WifiCommand::requestResponse err=-14
12-04 16:30:31.517  1955  1955 I WifiHAL : wifi_get_link_stats: result=-1
12-04 16:30:31.518  1639  1846 E WifiVendorHal: getWifiLinkLayerStats_1_5_Internal(l.1176) failed {.code = ERROR_UNKNOWN, .description = unknown}
12-04 16:30:31.584  2248  2508 E gralloc4: Empty SMPTE 2094-40 data
12-04 16:30:31.594   952   952 I BufferQueueProducer: [StatusBar#89](this:0xb4000073199a08a8,id:-1,api:0,p:-1,c:952) queueBuffer: fps=0.59 dur=3387.79 max=3370.93 min=16.86
12-04 16:30:31.598   862   955 I hwcomposer: [HWCDisplay] [Display_0 (type:1)] fps:0.885531,dur:3387.80,max:3266.53,min:15.30  
12-04 16:30:31.600   952   952 I surfaceflinger: surfaceflinger setAffinity mode=0
12-04 16:30:31.699   862  1199 I hwcomposer: [HWC] (0)fire a callback of refresh to SF[4]  
12-04 16:30:31.718   952   952 E gralloc4: Empty SMPTE 2094-40 data
12-04 16:30:31.719   952   952 I BufferQueueProducer: [FramebufferSurface](this:0xb4000073e8dc76e0,id:-1,api:1,p:952,c:952) queueBuffer: fps=0.30 dur=3388.25 max=3388.25 min=3388.25
12-04 16:30:31.721   952   952 I surfaceflinger: surfaceflinger setAffinity mode=1
12-04 16:30:31.722   952   952 I surfaceflinger: surfaceflinger setreAffinity reTid=999
12-04 16:30:32.013  3597  7041 I NetworkSDKService: getQoEByAvailableIfaceName: wlan0
12-04 16:30:32.014  1639  3496 D MiuiWifiService: ending put WifiLinkLayerStats QOE to map
12-04 16:30:32.017  1955  1955 I WifiHAL : Get link layer stats
12-04 16:30:32.017  1955  1955 I WifiHAL : GetLinkStatsCommand::create
12-04 16:30:32.017  1955  1955 D android.hardware.wifi@1.0-service-lazy: WifiRequest::create vendor command to iface 32, vendor_id=0x1a11, subcmd=0x1200, res=0
12-04 16:30:32.018  1955  1955 I android.hardware.wifi@1.0-service-lazy: WifiCommand::requestResponse err=-14
12-04 16:30:32.018  1955  1955 I WifiHAL : wifi_get_link_stats: result=-1
12-04 16:30:32.019  1639  3496 E WifiVendorHal: getWifiLinkLayerStats_1_5_Internal(l.1176) failed {.code = ERROR_UNKNOWN, .description = unknown}
12-04 16:30:32.448   876   937 I libPerfCtl: xgfGetFPS pid:2248 fps:-1
12-04 16:30:32.573  1639  1682 E FileUtils: err open mi_exception_log errno=2
12-04 16:30:32.574  1639  1682 E FileUtils: err write to mi_exception_log
12-04 16:30:32.970  2243  2243 W Settings: Setting airplane_mode_on has moved from android.provider.Settings.System to android.provider.Settings.Global, returning read-only value.
12-04 16:30:32.975  2248  2532 D MobileStatusTracker(5): onSignalStrengthsChanged signalStrength=SignalStrength:{mCdma=CellSignalStrengthCdma: cdmaDbm=2147483647 cdmaEcio=2147483647 evdoDbm=2147483647 evdoEcio=2147483647 evdoSnr=2147483647 miuiLevel=0 mOptimizedLevel=0 level=0,mGsm=CellSignalStrengthGsm: rssi=2147483647 ber=2147483647 mTa=2147483647 miuiLevel=0 mOptimizedLevel=0 mLevel=0,mWcdma=CellSignalStrengthWcdma: ss=2147483647 ber=2147483647 rscp=2147483647 ecno=2147483647 miuiLevel=0 mOptimizedLevel=0 level=0,mTdscdma=CellSignalStrengthTdscdma: rssi=2147483647 ber=2147483647 rscp=2147483647 miuiLevel=0 mOptimizedLevel=0 level=0,mLte=CellSignalStrengthLte: rssi=2147483647 rsrp=-101 rsrq=-10 rssnr=4 cqiTableIndex=2147483647 cqi=0 ta=0 miuiLevel=4 mOptimizedLevel=0 level=3 parametersUseForLevel=0,mNr=CellSignalStrengthNr:{ csiRsrp = 2147483647 csiRsrq = 2147483647 csiCqiTableIndex = 2147483647 csiCqiReport = [] ssRsrp = 2147483647 ssRsrq = 2147483647 ssSinr = 2147483647 miuiLevel = 0 mOptimizedLevel = 0 level = 0 parametersUseForLevel = 0 },primary=CellSignalStrengthLte}, phoneId=1, mMtkLevel=0, mMtkRsrpOnly=false, mMtkLteRsrpThreshold=null, mMtkLteRssnrThreshold=null
12-04 16:30:33.014  3597  7041 I NetworkSDKService: getQoEByAvailableIfaceName: wlan0
12-04 16:30:33.015  1639  3496 D MiuiWifiService: ending put WifiLinkLayerStats QOE to map
12-04 16:30:33.018  1955  1955 I WifiHAL : Get link layer stats
12-04 16:30:33.018  1955  1955 I WifiHAL : GetLinkStatsCommand::create
12-04 16:30:33.018  1955  1955 D android.hardware.wifi@1.0-service-lazy: WifiRequest::create vendor command to iface 32, vendor_id=0x1a11, subcmd=0x1200, res=0
12-04 16:30:33.018  1955  1955 I android.hardware.wifi@1.0-service-lazy: WifiCommand::requestResponse err=-14
12-04 16:30:33.018  1955  1955 I WifiHAL : wifi_get_link_stats: result=-1
12-04 16:30:33.019  1639  3496 E WifiVendorHal: getWifiLinkLayerStats_1_5_Internal(l.1176) failed {.code = ERROR_UNKNOWN, .description = unknown}
12-04 16:30:33.103   867   960 W AString : ctor got NULL, using empty string instead
12-04 16:30:33.104   867   960 I Gyroscope: write temp cali: [-493, -1464, -162, 28479, 73653, 6067]
12-04 16:30:33.104   867   960 W AString : ctor got NULL, using empty string instead
12-04 16:30:33.104   867   960 I Gyroscope: write bias: [0.000923, 0.001911, -0.000007]
12-04 16:30:33.448   876   937 I libPerfCtl: xgfGetFPS pid:2248 fps:-1
12-04 16:30:34.016  3597  7041 I NetworkSDKService: getQoEByAvailableIfaceName: wlan0
12-04 16:30:34.017  1639  3496 D MiuiWifiService: ending put WifiLinkLayerStats QOE to map
12-04 16:30:34.020  1955  1955 I WifiHAL : Get link layer stats
12-04 16:30:34.020  1955  1955 I WifiHAL : GetLinkStatsCommand::create
12-04 16:30:34.020  1955  1955 D android.hardware.wifi@1.0-service-lazy: WifiRequest::create vendor command to iface 32, vendor_id=0x1a11, subcmd=0x1200, res=0
12-04 16:30:34.020  1955  1955 I android.hardware.wifi@1.0-service-lazy: WifiCommand::requestResponse err=-14
12-04 16:30:34.020  1955  1955 I WifiHAL : wifi_get_link_stats: result=-1
12-04 16:30:34.022  1639  3496 E WifiVendorHal: getWifiLinkLayerStats_1_5_Internal(l.1176) failed {.code = ERROR_UNKNOWN, .description = unknown}
12-04 16:30:34.448   876   937 I libPerfCtl: xgfGetFPS pid:2248 fps:-1
12-04 16:30:34.472  1639  1684 W ActivityManager: Unable to start service Intent { cmp=com.miui.powerkeeper/.perfshielder.PerfShielderStatisticsService } U=0: not found
12-04 16:30:34.546  1955  1955 I WifiHAL : Get link layer stats
12-04 16:30:34.546  1955  1955 I WifiHAL : GetLinkStatsCommand::create
12-04 16:30:34.546  1955  1955 D android.hardware.wifi@1.0-service-lazy: WifiRequest::create vendor command to iface 32, vendor_id=0x1a11, subcmd=0x1200, res=0
12-04 16:30:34.546  1955  1955 I android.hardware.wifi@1.0-service-lazy: WifiCommand::requestResponse err=-14
12-04 16:30:34.546  1955  1955 I WifiHAL : wifi_get_link_stats: result=-1
12-04 16:30:34.548  1639  1846 E WifiVendorHal: getWifiLinkLayerStats_1_5_Internal(l.1176) failed {.code = ERROR_UNKNOWN, .description = unknown}
12-04 16:30:34.607  2248  2508 E gralloc4: Empty SMPTE 2094-40 data
12-04 16:30:34.616   952   952 I BufferQueueProducer: [StatusBar#89](this:0xb4000073199a08a8,id:-1,api:0,p:-1,c:952) queueBuffer: fps=0.33 dur=3021.96 max=3021.96 min=3021.96
12-04 16:30:34.620   862   955 I hwcomposer: [HWCDisplay] [Display_0 (type:1)] fps:0.661825,dur:3021.95,max:2900.32,min:121.62  
12-04 16:30:34.621   952   952 I surfaceflinger: surfaceflinger setAffinity mode=0
12-04 16:30:34.719   862  1199 I hwcomposer: [HWC] (0)fire a callback of refresh to SF[4]  
12-04 16:30:34.741   952   952 E gralloc4: Empty SMPTE 2094-40 data
12-04 16:30:34.741   952   952 I BufferQueueProducer: [FramebufferSurface](this:0xb4000073e8dc76e0,id:-1,api:1,p:952,c:952) queueBuffer: fps=0.33 dur=3022.54 max=3022.54 min=3022.54
12-04 16:30:34.744   952   952 I surfaceflinger: surfaceflinger setAffinity mode=1
12-04 16:30:34.744   952   952 I surfaceflinger: surfaceflinger setreAffinity reTid=999
12-04 16:30:34.901  1243  1338 D AALLightSensor: oldLux=210 [SA:211 LA:211] newLux=211 (oriLux: 212)
12-04 16:30:34.901  1243  1338 D AAL     : onALIChanged: 210 -> 211
12-04 16:30:34.902  1243  1338 D AALLightSensor: Notify lux = 211
12-04 16:30:35.016  3597  7041 I NetworkSDKService: getQoEByAvailableIfaceName: wlan0
12-04 16:30:35.017  1639  3496 D MiuiWifiService: ending put WifiLinkLayerStats QOE to map
12-04 16:30:35.020  1955  1955 I WifiHAL : Get link layer stats
12-04 16:30:35.020  1955  1955 I WifiHAL : GetLinkStatsCommand::create
12-04 16:30:35.020  1955  1955 D android.hardware.wifi@1.0-service-lazy: WifiRequest::create vendor command to iface 32, vendor_id=0x1a11, subcmd=0x1200, res=0
12-04 16:30:35.020  1955  1955 I android.hardware.wifi@1.0-service-lazy: WifiCommand::requestResponse err=-14
12-04 16:30:35.020  1955  1955 I WifiHAL : wifi_get_link_stats: result=-1
12-04 16:30:35.021  1639  3496 E WifiVendorHal: getWifiLinkLayerStats_1_5_Internal(l.1176) failed {.code = ERROR_UNKNOWN, .description = unknown}
12-04 16:30:35.245 19053 19077 E FileUtils: err open mi_exception_log errno=2
12-04 16:30:35.245 19053 19077 E FileUtils: err write to mi_exception_log
12-04 16:30:35.449   876   937 I libPerfCtl: xgfGetFPS pid:2248 fps:-1
12-04 16:30:35.572  1236  1236 I thermal_repeater: [recvMdThermalInfo] ret=26, strLen=127,  3, 34, -50, 197, 32767, 1
12-04 16:30:35.581  2243  2243 W Settings: Setting airplane_mode_on has moved from android.provider.Settings.System to android.provider.Settings.Global, returning read-only value.
12-04 16:30:35.587  2248  2532 D MobileStatusTracker(4): onSignalStrengthsChanged signalStrength=SignalStrength:{mCdma=CellSignalStrengthCdma: cdmaDbm=2147483647 cdmaEcio=2147483647 evdoDbm=2147483647 evdoEcio=2147483647 evdoSnr=2147483647 miuiLevel=0 mOptimizedLevel=0 level=0,mGsm=CellSignalStrengthGsm: rssi=2147483647 ber=2147483647 mTa=2147483647 miuiLevel=0 mOptimizedLevel=0 mLevel=0,mWcdma=CellSignalStrengthWcdma: ss=2147483647 ber=2147483647 rscp=2147483647 ecno=2147483647 miuiLevel=0 mOptimizedLevel=0 level=0,mTdscdma=CellSignalStrengthTdscdma: rssi=2147483647 ber=2147483647 rscp=2147483647 miuiLevel=0 mOptimizedLevel=0 level=0,mLte=CellSignalStrengthLte: rssi=2147483647 rsrp=-83 rsrq=-9 rssnr=14 cqiTableIndex=2147483647 cqi=0 ta=0 miuiLevel=5 mOptimizedLevel=0 level=4 parametersUseForLevel=0,mNr=CellSignalStrengthNr:{ csiRsrp = 2147483647 csiRsrq = 2147483647 csiCqiTableIndex = 2147483647 csiCqiReport = [] ssRsrp = 2147483647 ssRsrq = 2147483647 ssSinr = 2147483647 miuiLevel = 0 mOptimizedLevel = 0 level = 0 parametersUseForLevel = 0 },primary=CellSignalStrengthLte}, phoneId=0, mMtkLevel=0, mMtkRsrpOnly=false, mMtkLteRsrpThreshold=null, mMtkLteRssnrThreshold=null
12-04 16:30:36.018  3597  7041 I NetworkSDKService: getQoEByAvailableIfaceName: wlan0
12-04 16:30:36.019  1639  3496 D MiuiWifiService: ending put WifiLinkLayerStats QOE to map
12-04 16:30:36.022  1955  1955 I WifiHAL : Get link layer stats
12-04 16:30:36.022  1955  1955 I WifiHAL : GetLinkStatsCommand::create
12-04 16:30:36.022  1955  1955 D android.hardware.wifi@1.0-service-lazy: WifiRequest::create vendor command to iface 32, vendor_id=0x1a11, subcmd=0x1200, res=0
12-04 16:30:36.022  1955  1955 I android.hardware.wifi@1.0-service-lazy: WifiCommand::requestResponse err=-14
12-04 16:30:36.022  1955  1955 I WifiHAL : wifi_get_link_stats: result=-1
12-04 16:30:36.023  1639  3496 E WifiVendorHal: getWifiLinkLayerStats_1_5_Internal(l.1176) failed {.code = ERROR_UNKNOWN, .description = unknown}
12-04 16:30:36.300  1243  1338 D AAL     : onALIChanged: 211 -> 212
12-04 16:30:36.302  1243  1338 D AALLightSensor: Notify lux = 212
12-04 16:30:36.449   876   937 I libPerfCtl: xgfGetFPS pid:2248 fps:-1
12-04 16:30:36.639  2195  3658 D TcpSocketTracker/162: data stall suspected, uids: {10144, 10153, 10163, 10184, 10189, 10202, 10212, 10251, 10278, 10336}
12-04 16:30:36.641  1639  3496 D ConnectivityService: Data stall detected with methods: 2
12-04 16:30:36.642  2195  3658 D NetworkMonitor/162: isDataStall: result=2, tcp packets received=0, latest tcp fail rate=87, consecutive dns timeout count=0
12-04 16:30:36.643  2195  3658 D NetworkMonitor/162: Suspecting data stall, reevaluate
12-04 16:30:36.645  3509 15022 E WcnsEventManager: network blocked
12-04 16:30:36.642  3509  3509 W WcnsEventManage: type=1400 audit(0.0:438654): avc: denied { read } for name="u:object_r:wifi_hal_prop:s0" dev="tmpfs" ino=1631 scontext=u:r:system_app:s0 tcontext=u:object_r:wifi_hal_prop:s0 tclass=file permissive=0
12-04 16:30:36.647  3509  3710 W libc    : Access denied finding property "wifi.interface"
12-04 16:30:36.648  3509  3710 E WcnsEventManager: Network diagnostic start
12-04 16:30:36.657  3509  8806 E NetworkDiagnostics: Network diagnostics start
12-04 16:30:36.720  2195  8804 D NetworkMonitor/162: PROBE_DNS connectivitycheck.gstatic.com 72ms OK 142.251.12.94
12-04 16:30:36.723  2195  8805 D NetworkMonitor/162: PROBE_DNS connectivitycheck.gstatic.com 75ms OK 142.251.12.94
12-04 16:30:36.836  2195  8805 D NetworkMonitor/162: PROBE_HTTP http://connectivitycheck.gstatic.com/generate_204 time=111ms ret=204 request={Connection=[close], User-Agent=[Mozilla/5.0 (X11; Linux x86_64) AppleWebKit/537.36 (KHTML, like Gecko) Chrome/60.0.3112.32 Safari/537.36]} headers={null=[HTTP/1.1 204 No Content], Connection=[close], Content-Length=[0], Cross-Origin-Resource-Policy=[cross-origin], Date=[Thu, 04 Dec 2025 10:00:36 GMT], X-Android-Received-Millis=[1764842436834], X-Android-Response-Source=[NETWORK 204], X-Android-Selected-Protocol=[http/1.1], X-Android-Sent-Millis=[1764842436778]}
12-04 16:30:36.901  1243  1338 D AAL     : onALIChanged: 212 -> 211
12-04 16:30:36.904  1243  1338 D AALLightSensor: Notify lux = 211
12-04 16:30:36.991  2195  8804 D NetworkMonitor/162: PROBE_HTTPS https://connectivitycheck.gstatic.com/generate_204 time=268ms ret=204 request={Connection=[close], User-Agent=[Mozilla/5.0 (X11; Linux x86_64) AppleWebKit/537.36 (KHTML, like Gecko) Chrome/60.0.3112.32 Safari/537.36]} headers={null=[HTTP/1.1 204 No Content], Alt-Svc=[h3=":443"; ma=2592000,h3-29=":443"; ma=2592000], Connection=[close], Content-Length=[0], Cross-Origin-Resource-Policy=[cross-origin], Date=[Thu, 04 Dec 2025 10:00:37 GMT], X-Android-Received-Millis=[1764842436989], X-Android-Response-Source=[NETWORK 204], X-Android-Selected-Protocol=[http/1.1], X-Android-Sent-Millis=[1764842436858]}
12-04 16:30:36.994  2195  8803 D NetworkMonitor/162: isCaptivePortal: isSuccessful()=true isPortal()=false RedirectUrl=null isPartialConnectivity()=false Time=348ms
12-04 16:30:37.001  1639  1859 D ConnectivityService: [162 WIFI] validation passed
12-04 16:30:37.002  1639  1859 D WifiScoreReportInjector: suspect data stall: false actual:false
12-04 16:30:37.019  3597  7041 I NetworkSDKService: getQoEByAvailableIfaceName: wlan0
12-04 16:30:37.019  1639  3497 D MiuiWifiService: ending put WifiLinkLayerStats QOE to map
12-04 16:30:37.023  1955  1955 I WifiHAL : Get link layer stats
12-04 16:30:37.023  1955  1955 I WifiHAL : GetLinkStatsCommand::create
12-04 16:30:37.023  1955  1955 D android.hardware.wifi@1.0-service-lazy: WifiRequest::create vendor command to iface 32, vendor_id=0x1a11, subcmd=0x1200, res=0
12-04 16:30:37.023  1955  1955 I android.hardware.wifi@1.0-service-lazy: WifiCommand::requestResponse err=-14
12-04 16:30:37.023  1955  1955 I WifiHAL : wifi_get_link_stats: result=-1
12-04 16:30:37.024  1639  3497 E WifiVendorHal: getWifiLinkLayerStats_1_5_Internal(l.1176) failed {.code = ERROR_UNKNOWN, .description = unknown}
12-04 16:30:37.040  3509  8806 E NetworkDiagnostics: type=null ret=false trace=  TYPE=null
12-04 16:30:37.040  3509  8806 E NetworkDiagnostics: Network diagnostics end
12-04 16:30:37.041  3509  3710 E WcnsEventManager: Network diagnostic end
12-04 16:30:37.301  1243  1338 D AAL     : onALIChanged: 211 -> 210
12-04 16:30:37.302  1243  1338 D AALLightSensor: Notify lux = 210
12-04 16:30:37.449   876   937 I libPerfCtl: xgfGetFPS pid:2248 fps:-1
12-04 16:30:37.580  1955  1955 I WifiHAL : Get link layer stats
12-04 16:30:37.580  1955  1955 I WifiHAL : GetLinkStatsCommand::create
12-04 16:30:37.580  1955  1955 D android.hardware.wifi@1.0-service-lazy: WifiRequest::create vendor command to iface 32, vendor_id=0x1a11, subcmd=0x1200, res=0
12-04 16:30:37.581  1955  1955 I android.hardware.wifi@1.0-service-lazy: WifiCommand::requestResponse err=-14
12-04 16:30:37.581  1955  1955 I WifiHAL : wifi_get_link_stats: result=-1
12-04 16:30:37.582  1639  1846 E WifiVendorHal: getWifiLinkLayerStats_1_5_Internal(l.1176) failed {.code = ERROR_UNKNOWN, .description = unknown}
12-04 16:30:37.641  2248  2508 E gralloc4: Empty SMPTE 2094-40 data
12-04 16:30:37.655   952   952 I BufferQueueProducer: [StatusBar#89](this:0xb4000073199a08a8,id:-1,api:0,p:-1,c:952) queueBuffer: fps=0.33 dur=3039.17 max=3039.17 min=3039.17
12-04 16:30:37.659   862   955 I hwcomposer: [HWCDisplay] [Display_0 (type:1)] fps:0.658041,dur:3039.32,max:2917.21,min:122.11  
12-04 16:30:37.661   952   952 I surfaceflinger: surfaceflinger setAffinity mode=0
12-04 16:30:37.759   862  1199 I hwcomposer: [HWC] (0)fire a callback of refresh to SF[4]  
12-04 16:30:37.779   952   952 E gralloc4: Empty SMPTE 2094-40 data
12-04 16:30:37.780   952   952 I BufferQueueProducer: [FramebufferSurface](this:0xb4000073e8dc76e0,id:-1,api:1,p:952,c:952) queueBuffer: fps=0.33 dur=3038.70 max=3038.70 min=3038.70
12-04 16:30:37.782   952   952 I surfaceflinger: surfaceflinger setAffinity mode=1
12-04 16:30:37.782   952   952 I surfaceflinger: surfaceflinger setreAffinity reTid=999
12-04 16:30:38.021  3597  7041 I NetworkSDKService: getQoEByAvailableIfaceName: wlan0
12-04 16:30:38.022  1639  3497 D MiuiWifiService: ending put WifiLinkLayerStats QOE to map
12-04 16:30:38.025  1955  1955 I WifiHAL : Get link layer stats
12-04 16:30:38.025  1955  1955 I WifiHAL : GetLinkStatsCommand::create
12-04 16:30:38.025  4828  4941 E msys    : E[N mns]_OnDiskCacheGetData(632)=>Start post callback cache refresh DNS resolution
12-04 16:30:38.025  1955  1955 D android.hardware.wifi@1.0-service-lazy: WifiRequest::create vendor command to iface 32, vendor_id=0x1a11, subcmd=0x1200, res=0
12-04 16:30:38.026  1955  1955 I android.hardware.wifi@1.0-service-lazy: WifiCommand::requestResponse err=-14
12-04 16:30:38.026  1955  1955 I WifiHAL : wifi_get_link_stats: result=-1
12-04 16:30:38.027  1639  3497 E WifiVendorHal: getWifiLinkLayerStats_1_5_Internal(l.1176) failed {.code = ERROR_UNKNOWN, .description = unknown}
12-04 16:30:38.030  4828  4941 E msys    : E[N mns]_OnSystemDNSSuccessCallback(340)=>Cache refresh succeeded with system DNS resolver. IP count: 1
12-04 16:30:38.059   876   903 D power@timer: [mtkPowerTimer] visRead:0
12-04 16:30:38.090  2243  2243 W Settings: Setting airplane_mode_on has moved from android.provider.Settings.System to android.provider.Settings.Global, returning read-only value.
12-04 16:30:38.095  2248  2532 D MobileStatusTracker(5): onSignalStrengthsChanged signalStrength=SignalStrength:{mCdma=CellSignalStrengthCdma: cdmaDbm=2147483647 cdmaEcio=2147483647 evdoDbm=2147483647 evdoEcio=2147483647 evdoSnr=2147483647 miuiLevel=0 mOptimizedLevel=0 level=0,mGsm=CellSignalStrengthGsm: rssi=2147483647 ber=2147483647 mTa=2147483647 miuiLevel=0 mOptimizedLevel=0 mLevel=0,mWcdma=CellSignalStrengthWcdma: ss=2147483647 ber=2147483647 rscp=2147483647 ecno=2147483647 miuiLevel=0 mOptimizedLevel=0 level=0,mTdscdma=CellSignalStrengthTdscdma: rssi=2147483647 ber=2147483647 rscp=2147483647 miuiLevel=0 mOptimizedLevel=0 level=0,mLte=CellSignalStrengthLte: rssi=2147483647 rsrp=-100 rsrq=-10 rssnr=5 cqiTableIndex=2147483647 cqi=0 ta=0 miuiLevel=4 mOptimizedLevel=0 level=3 parametersUseForLevel=0,mNr=CellSignalStrengthNr:{ csiRsrp = 2147483647 csiRsrq = 2147483647 csiCqiTableIndex = 2147483647 csiCqiReport = [] ssRsrp = 2147483647 ssRsrq = 2147483647 ssSinr = 2147483647 miuiLevel = 0 mOptimizedLevel = 0 level = 0 parametersUseForLevel = 0 },primary=CellSignalStrengthLte}, phoneId=1, mMtkLevel=0, mMtkRsrpOnly=false, mMtkLteRsrpThreshold=null, mMtkLteRssnrThreshold=null
12-04 16:30:38.148  3597  7120 E SLM-SRV-SLAService: readLine:
12-04 16:30:38.148  3597  7120 E SLM-SRV-SLAService: java.io.FileNotFoundException: /sys/class/thermal/thermal_message/balance_mode: open failed: ENOENT (No such file or directory)
12-04 16:30:38.148  3597  7120 E SLM-SRV-SLAService: 	at libcore.io.IoBridge.open(IoBridge.java:574)
12-04 16:30:38.148  3597  7120 E SLM-SRV-SLAService: 	at java.io.FileInputStream.<init>(FileInputStream.java:179)
12-04 16:30:38.148  3597  7120 E SLM-SRV-SLAService: 	at java.io.FileInputStream.<init>(FileInputStream.java:133)
12-04 16:30:38.148  3597  7120 E SLM-SRV-SLAService: 	at java.io.FileReader.<init>(FileReader.java:60)
12-04 16:30:38.148  3597  7120 E SLM-SRV-SLAService: 	at com.xiaomi.NetworkBoost.slaservice.SLAService.readLine(SLAService.java:1237)
12-04 16:30:38.148  3597  7120 E SLM-SRV-SLAService: 	at com.xiaomi.NetworkBoost.slaservice.SLAService.isPerformanceMode(SLAService.java:1262)
12-04 16:30:38.148  3597  7120 E SLM-SRV-SLAService: 	at com.xiaomi.NetworkBoost.slaservice.SLAService.checktemp(SLAService.java:1293)
12-04 16:30:38.148  3597  7120 E SLM-SRV-SLAService: 	at com.xiaomi.NetworkBoost.slaservice.SLAService.access$2500(SLAService.java:125)
12-04 16:30:38.148  3597  7120 E SLM-SRV-SLAService: 	at com.xiaomi.NetworkBoost.slaservice.SLAService$ThermalStateListener.onEvent(SLAService.java:1226)
12-04 16:30:38.148  3597  7120 E SLM-SRV-SLAService: 	at android.os.FileObserver$ObserverThread.onEvent(FileObserver.java:166)
12-04 16:30:38.148  3597  7120 E SLM-SRV-SLAService: 	at android.os.FileObserver$ObserverThread.observe(Native Method)
12-04 16:30:38.148  3597  7120 E SLM-SRV-SLAService: 	at android.os.FileObserver$ObserverThread.run(FileObserver.java:116)
12-04 16:30:38.148  3597  7120 E SLM-SRV-SLAService: Caused by: android.system.ErrnoException: open failed: ENOENT (No such file or directory)
12-04 16:30:38.148  3597  7120 E SLM-SRV-SLAService: 	at libcore.io.Linux.open(Native Method)
12-04 16:30:38.148  3597  7120 E SLM-SRV-SLAService: 	at libcore.io.ForwardingOs.open(ForwardingOs.java:568)
12-04 16:30:38.148  3597  7120 E SLM-SRV-SLAService: 	at libcore.io.BlockGuardOs.open(BlockGuardOs.java:274)
12-04 16:30:38.148  3597  7120 E SLM-SRV-SLAService: 	at libcore.io.ForwardingOs.open(ForwardingOs.java:568)
12-04 16:30:38.148  3597  7120 E SLM-SRV-SLAService: 	at android.app.ActivityThread$AndroidOs.open(ActivityThread.java:8108)
12-04 16:30:38.148  3597  7120 E SLM-SRV-SLAService: 	at libcore.io.IoBridge.open(IoBridge.java:560)
12-04 16:30:38.148  3597  7120 E SLM-SRV-SLAService: 	... 11 more
12-04 16:30:38.149  3597  7120 D SLM-SRV-SLAService: checktemp temperature = 37000 temperature_average = 37000 isPerformanceMode = false thermal_enable_slm = true
12-04 16:30:38.150  3597  7120 E SLM-SRV-SLAService: readLine:
12-04 16:30:38.150  3597  7120 E SLM-SRV-SLAService: java.io.FileNotFoundException: /sys/class/thermal/thermal_message/balance_mode: open failed: ENOENT (No such file or directory)
12-04 16:30:38.150  3597  7120 E SLM-SRV-SLAService: 	at libcore.io.IoBridge.open(IoBridge.java:574)
12-04 16:30:38.150  3597  7120 E SLM-SRV-SLAService: 	at java.io.FileInputStream.<init>(FileInputStream.java:179)
12-04 16:30:38.150  3597  7120 E SLM-SRV-SLAService: 	at java.io.FileInputStream.<init>(FileInputStream.java:133)
12-04 16:30:38.150  3597  7120 E SLM-SRV-SLAService: 	at java.io.FileReader.<init>(FileReader.java:60)
12-04 16:30:38.150  3597  7120 E SLM-SRV-SLAService: 	at com.xiaomi.NetworkBoost.slaservice.SLAService.readLine(SLAService.java:1237)
12-04 16:30:38.150  3597  7120 E SLM-SRV-SLAService: 	at com.xiaomi.NetworkBoost.slaservice.SLAService.isPerformanceMode(SLAService.java:1262)
12-04 16:30:38.150  3597  7120 E SLM-SRV-SLAService: 	at com.xiaomi.NetworkBoost.slaservice.SLAService.checktemp(SLAService.java:1294)
12-04 16:30:38.150  3597  7120 E SLM-SRV-SLAService: 	at com.xiaomi.NetworkBoost.slaservice.SLAService.access$2500(SLAService.java:125)
12-04 16:30:38.150  3597  7120 E SLM-SRV-SLAService: 	at com.xiaomi.NetworkBoost.slaservice.SLAService$ThermalStateListener.onEvent(SLAService.java:1226)
12-04 16:30:38.150  3597  7120 E SLM-SRV-SLAService: 	at android.os.FileObserver$ObserverThread.onEvent(FileObserver.java:166)
12-04 16:30:38.150  3597  7120 E SLM-SRV-SLAService: 	at android.os.FileObserver$ObserverThread.observe(Native Method)
12-04 16:30:38.150  3597  7120 E SLM-SRV-SLAService: 	at android.os.FileObserver$ObserverThread.run(FileObserver.java:116)
12-04 16:30:38.150  3597  7120 E SLM-SRV-SLAService: Caused by: android.system.ErrnoException: open failed: ENOENT (No such file or directory)
12-04 16:30:38.150  3597  7120 E SLM-SRV-SLAService: 	at libcore.io.Linux.open(Native Method)
12-04 16:30:38.150  3597  7120 E SLM-SRV-SLAService: 	at libcore.io.ForwardingOs.open(ForwardingOs.java:568)
12-04 16:30:38.150  3597  7120 E SLM-SRV-SLAService: 	at libcore.io.BlockGuardOs.open(BlockGuardOs.java:274)
12-04 16:30:38.150  3597  7120 E SLM-SRV-SLAService: 	at libcore.io.ForwardingOs.open(ForwardingOs.java:568)
12-04 16:30:38.150  3597  7120 E SLM-SRV-SLAService: 	at android.app.ActivityThread$AndroidOs.open(ActivityThread.java:8108)
12-04 16:30:38.150  3597  7120 E SLM-SRV-SLAService: 	at libcore.io.IoBridge.open(IoBridge.java:560)
12-04 16:30:38.150  3597  7120 E SLM-SRV-SLAService: 	... 11 more
12-04 16:30:38.486  4542  4542 W ThreadPoolForeg: type=1400 audit(0.0:438655): avc: denied { write } for name="traced_producer" dev="tmpfs" ino=19037 scontext=u:r:gmscore_app:s0:c512,c768 tcontext=u:object_r:traced_producer_socket:s0 tclass=sock_file permissive=0 app=com.google.android.gms
12-04 16:30:39.021  3597  7041 I NetworkSDKService: getQoEByAvailableIfaceName: wlan0
12-04 16:30:39.022  1639  3500 D MiuiWifiService: ending put WifiLinkLayerStats QOE to map
12-04 16:30:39.025  1955  1955 I WifiHAL : Get link layer stats
12-04 16:30:39.025  1955  1955 I WifiHAL : GetLinkStatsCommand::create
12-04 16:30:39.025  1955  1955 D android.hardware.wifi@1.0-service-lazy: WifiRequest::create vendor command to iface 32, vendor_id=0x1a11, subcmd=0x1200, res=0
12-04 16:30:39.025  1955  1955 I android.hardware.wifi@1.0-service-lazy: WifiCommand::requestResponse err=-14
12-04 16:30:39.025  1955  1955 I WifiHAL : wifi_get_link_stats: result=-1
12-04 16:30:39.026  1639  3500 E WifiVendorHal: getWifiLinkLayerStats_1_5_Internal(l.1176) failed {.code = ERROR_UNKNOWN, .description = unknown}
12-04 16:30:39.157   867   960 W AString : ctor got NULL, using empty string instead
12-04 16:30:39.158   867   960 I Gyroscope: write temp cali: [-582, -1439, -161, 32391, 72534, 6044]
12-04 16:30:39.158   867   960 W AString : ctor got NULL, using empty string instead
12-04 16:30:39.159   867   960 I Gyroscope: write bias: [0.001095, 0.001862, -0.000007]
12-04 16:30:40.023  3597  7041 I NetworkSDKService: getQoEByAvailableIfaceName: wlan0
12-04 16:30:40.024  1639  3500 D MiuiWifiService: ending put WifiLinkLayerStats QOE to map
12-04 16:30:40.026  1955  1955 I WifiHAL : Get link layer stats
12-04 16:30:40.026  1955  1955 I WifiHAL : GetLinkStatsCommand::create
12-04 16:30:40.027  1955  1955 D android.hardware.wifi@1.0-service-lazy: WifiRequest::create vendor command to iface 32, vendor_id=0x1a11, subcmd=0x1200, res=0
12-04 16:30:40.027  1955  1955 I android.hardware.wifi@1.0-service-lazy: WifiCommand::requestResponse err=-14
12-04 16:30:40.027  1955  1955 I WifiHAL : wifi_get_link_stats: result=-1
12-04 16:30:40.029  1639  3500 E WifiVendorHal: getWifiLinkLayerStats_1_5_Internal(l.1176) failed {.code = ERROR_UNKNOWN, .description = unknown}
12-04 16:30:40.234  2248  2508 E gralloc4: Empty SMPTE 2094-40 data
12-04 16:30:40.245   952   952 I BufferQueueProducer: [StatusBar#89](this:0xb4000073199a08a8,id:-1,api:0,p:-1,c:952) queueBuffer: fps=0.39 dur=2590.09 max=2590.09 min=2590.09
